	Command being timed: "python /ceph.groups/mshahbazi.grp/rsakata/HE_Nondeveloping2/code/cellpose_batch.py"
	User time (seconds): 1622.37
	System time (seconds): 157.06
	Percent of CPU this job got: 100%
	Elapsed (wall clock) time (h:mm:ss or m:ss): 29:21.98
	Average shared text size (kbytes): 0
	Average unshared data size (kbytes): 0
	Average stack size (kbytes): 0
	Average total size (kbytes): 0
	Maximum resident set size (kbytes): 56557868
	Average resident set size (kbytes): 0
	Major (requiring I/O) page faults: 7
	Minor (reclaiming a frame) page faults: 154403525
	Voluntary context switches: 68542
	Involuntary context switches: 834866
	Swaps: 0
	File system inputs: 720
	File system outputs: 2336
	Socket messages sent: 0
	Socket messages received: 0
	Signals delivered: 0
	Page size (bytes): 4096
	Exit status: 0
