lmbwide.profile complete
Job 6269434 on fmg102.lmb.internal
Python 3.11.13
/lmb/home/rsakata/anaconda3/envs/cellpose_env/bin/python
CUDA available: True
Torch CUDA runtime: 12.8
Visible GPUs: 0
Wed Feb 25 12:37:34 2026       
+---------------------------------------------------------------------------------------+
| NVIDIA-SMI 535.86.10              Driver Version: 535.86.10    CUDA Version: 12.2     |
|-----------------------------------------+----------------------+----------------------+
| GPU  Name                 Persistence-M | Bus-Id        Disp.A | Volatile Uncorr. ECC |
| Fan  Temp   Perf          Pwr:Usage/Cap |         Memory-Usage | GPU-Util  Compute M. |
|                                         |                      |               MIG M. |
|=========================================+======================+======================|
|   0  NVIDIA A100-SXM4-40GB          Off | 00000000:47:00.0 Off |                    0 |
| N/A   24C    P0              51W / 400W |      4MiB / 40960MiB |      0%      Default |
|                                         |                      |             Disabled |
+-----------------------------------------+----------------------+----------------------+
                                                                                         
+---------------------------------------------------------------------------------------+
| Processes:                                                                            |
|  GPU   GI   CI        PID   Type   Process name                            GPU Memory |
|        ID   ID                                                             Usage      |
|=======================================================================================|
|  No running processes found                                                           |
+---------------------------------------------------------------------------------------+
Found 6 TIFs.
[array] task 0: /ceph.groups/mshahbazi.grp/rsakata/HE_Nondeveloping2/LIF2TIF/Nondeveloping_2__271012025_DAPI_GATA4_NANOG_GATA3_ZO1_serie_1 - MS863_Gd.tif

=== Processing: Nondeveloping_2__271012025_DAPI_GATA4_NANOG_GATA3_ZO1_serie_1 - MS863_Gd.tif ===
 shape :  (189, 5, 1024, 1024).
  Saved mask: /ceph.groups/mshahbazi.grp/rsakata/HE_Nondeveloping2/output/cyto_mask/Nondeveloping_2__271012025_DAPI_GATA4_NANOG_GATA3_ZO1_serie_1 - MS863_Gd_mask.tif  (voxels=13174251)
  Saved QC: /ceph.groups/mshahbazi.grp/rsakata/HE_Nondeveloping2/output/cyto_mask/Nondeveloping_2__271012025_DAPI_GATA4_NANOG_GATA3_ZO1_serie_1 - MS863_Gd_qc.png

Done in 532.8s
