	Command being timed: "python /ceph.groups/mshahbazi.grp/rsakata/HE_Nondeveloping2/code/cytoseg.py"
	User time (seconds): 507.17
	System time (seconds): 24.26
	Percent of CPU this job got: 99%
	Elapsed (wall clock) time (h:mm:ss or m:ss): 8:53.09
	Average shared text size (kbytes): 0
	Average unshared data size (kbytes): 0
	Average stack size (kbytes): 0
	Average total size (kbytes): 0
	Maximum resident set size (kbytes): 8047832
	Average resident set size (kbytes): 0
	Major (requiring I/O) page faults: 5
	Minor (reclaiming a frame) page faults: 10059891
	Voluntary context switches: 2385
	Involuntary context switches: 522
	Swaps: 0
	File system inputs: 0
	File system outputs: 387880
	Socket messages sent: 0
	Socket messages received: 0
	Signals delivered: 0
	Page size (bytes): 4096
	Exit status: 0
