	Command being timed: "python /ceph.groups/mshahbazi.grp/rsakata/EXP94/all/cellpose/code/cytoseg.py"
	User time (seconds): 64.87
	System time (seconds): 0.51
	Percent of CPU this job got: 98%
	Elapsed (wall clock) time (h:mm:ss or m:ss): 1:06.08
	Average shared text size (kbytes): 0
	Average unshared data size (kbytes): 0
	Average stack size (kbytes): 0
	Average total size (kbytes): 0
	Maximum resident set size (kbytes): 1044244
	Average resident set size (kbytes): 0
	Major (requiring I/O) page faults: 59
	Minor (reclaiming a frame) page faults: 54256
	Voluntary context switches: 1788
	Involuntary context switches: 139
	Swaps: 0
	File system inputs: 6408
	File system outputs: 45848
	Socket messages sent: 0
	Socket messages received: 0
	Signals delivered: 0
	Page size (bytes): 4096
	Exit status: 0
