	Command being timed: "python /ceph.groups/mshahbazi.grp/rsakata/EXP94/all/cellpose/code/cytoseg.py"
	User time (seconds): 9.55
	System time (seconds): 0.18
	Percent of CPU this job got: 98%
	Elapsed (wall clock) time (h:mm:ss or m:ss): 0:09.85
	Average shared text size (kbytes): 0
	Average unshared data size (kbytes): 0
	Average stack size (kbytes): 0
	Average total size (kbytes): 0
	Maximum resident set size (kbytes): 248704
	Average resident set size (kbytes): 0
	Major (requiring I/O) page faults: 0
	Minor (reclaiming a frame) page faults: 57387
	Voluntary context switches: 912
	Involuntary context switches: 57
	Swaps: 0
	File system inputs: 0
	File system outputs: 6568
	Socket messages sent: 0
	Socket messages received: 0
	Signals delivered: 0
	Page size (bytes): 4096
	Exit status: 0
