	Command being timed: "python /ceph.groups/mshahbazi.grp/rsakata/EXP94/all/cellpose/code/cytoseg.py"
	User time (seconds): 52.16
	System time (seconds): 0.54
	Percent of CPU this job got: 98%
	Elapsed (wall clock) time (h:mm:ss or m:ss): 0:53.47
	Average shared text size (kbytes): 0
	Average unshared data size (kbytes): 0
	Average stack size (kbytes): 0
	Average total size (kbytes): 0
	Maximum resident set size (kbytes): 920804
	Average resident set size (kbytes): 0
	Major (requiring I/O) page faults: 0
	Minor (reclaiming a frame) page faults: 82961
	Voluntary context switches: 1708
	Involuntary context switches: 118
	Swaps: 0
	File system inputs: 0
	File system outputs: 39920
	Socket messages sent: 0
	Socket messages received: 0
	Signals delivered: 0
	Page size (bytes): 4096
	Exit status: 0
