	Command being timed: "python /ceph.groups/mshahbazi.grp/rsakata/HE_Nondeveloping2/code/cellpose_batch.py"
	User time (seconds): 1838.85
	System time (seconds): 186.49
	Percent of CPU this job got: 100%
	Elapsed (wall clock) time (h:mm:ss or m:ss): 33:38.89
	Average shared text size (kbytes): 0
	Average unshared data size (kbytes): 0
	Average stack size (kbytes): 0
	Average total size (kbytes): 0
	Maximum resident set size (kbytes): 63096660
	Average resident set size (kbytes): 0
	Major (requiring I/O) page faults: 1694
	Minor (reclaiming a frame) page faults: 168618921
	Voluntary context switches: 75878
	Involuntary context switches: 3835848
	Swaps: 0
	File system inputs: 259208
	File system outputs: 1976
	Socket messages sent: 0
	Socket messages received: 0
	Signals delivered: 0
	Page size (bytes): 4096
	Exit status: 0
