	Command being timed: "python /ceph.groups/mshahbazi.grp/rsakata/HE_Nondeveloping2/code/cellpose_batch.py"
	User time (seconds): 1221.29
	System time (seconds): 82.83
	Percent of CPU this job got: 101%
	Elapsed (wall clock) time (h:mm:ss or m:ss): 21:30.24
	Average shared text size (kbytes): 0
	Average unshared data size (kbytes): 0
	Average stack size (kbytes): 0
	Average total size (kbytes): 0
	Maximum resident set size (kbytes): 39537020
	Average resident set size (kbytes): 0
	Major (requiring I/O) page faults: 10
	Minor (reclaiming a frame) page faults: 79894430
	Voluntary context switches: 50262
	Involuntary context switches: 7341654
	Swaps: 0
	File system inputs: 2304
	File system outputs: 1280
	Socket messages sent: 0
	Socket messages received: 0
	Signals delivered: 0
	Page size (bytes): 4096
	Exit status: 0
