lmbwide.profile complete
Job 6269293 on fmg102.lmb.internal
Python 3.11.13
/lmb/home/rsakata/anaconda3/envs/cellpose_env/bin/python
CUDA available: True
Torch CUDA runtime: 12.8
Visible GPUs: 0
Wed Feb 25 11:34:51 2026       
+---------------------------------------------------------------------------------------+
| NVIDIA-SMI 535.86.10              Driver Version: 535.86.10    CUDA Version: 12.2     |
|-----------------------------------------+----------------------+----------------------+
| GPU  Name                 Persistence-M | Bus-Id        Disp.A | Volatile Uncorr. ECC |
| Fan  Temp   Perf          Pwr:Usage/Cap |         Memory-Usage | GPU-Util  Compute M. |
|                                         |                      |               MIG M. |
|=========================================+======================+======================|
|   0  NVIDIA A100-SXM4-40GB          Off | 00000000:47:00.0 Off |                    0 |
| N/A   24C    P0              52W / 400W |      4MiB / 40960MiB |      0%      Default |
|                                         |                      |             Disabled |
+-----------------------------------------+----------------------+----------------------+
                                                                                         
+---------------------------------------------------------------------------------------+
| Processes:                                                                            |
|  GPU   GI   CI        PID   Type   Process name                            GPU Memory |
|        ID   ID                                                             Usage      |
|=======================================================================================|
|  No running processes found                                                           |
+---------------------------------------------------------------------------------------+


Welcome to CellposeSAM, cellpose v
cellpose version: 	4.0.6 
platform:       	linux 
python version: 	3.11.13 
torch version:  	2.8.0+cu128! The neural network component of
CPSAM is much larger than in previous versions and CPU excution is slow. 
We encourage users to use GPU/MPS if available. 


GPU available to Cellpose: True
Found 6 TIFs
[array] task 5: /ceph.groups/mshahbazi.grp/rsakata/HE_Nondeveloping2/LIF2TIF/Nondeveloping_2__271012025_DAPI_GATA4_NANOG_GATA3_ZO1_serie_6 - MS_639_Bd.tif

== Nondeveloping_2__271012025_DAPI_GATA4_NANOG_GATA3_ZO1_serie_6 - MS_639_Bd.tif → MS_639_Bd
Reordered (117, 5, 1024, 1024) -> (117, 5, 1024, 1024) (Z,C,Y,X)
Objects: 45
Saved: /ceph.groups/mshahbazi.grp/rsakata/HE_Nondeveloping2/output/cellpose_intensities/MS_639_Bd_nucleus_intensity.csv
Saved: /ceph.groups/mshahbazi.grp/rsakata/HE_Nondeveloping2/output/cellpose_intensities/MS_639_Bd_mosaic_Image1_a-b.png

All done in 1280.8s
