	Command being timed: "python /ceph.groups/mshahbazi.grp/rsakata/HE_Nondeveloping2/code/cellpose_batch.py"
	User time (seconds): 1822.89
	System time (seconds): 177.34
	Percent of CPU this job got: 101%
	Elapsed (wall clock) time (h:mm:ss or m:ss): 33:00.19
	Average shared text size (kbytes): 0
	Average unshared data size (kbytes): 0
	Average stack size (kbytes): 0
	Average total size (kbytes): 0
	Maximum resident set size (kbytes): 62999108
	Average resident set size (kbytes): 0
	Major (requiring I/O) page faults: 12
	Minor (reclaiming a frame) page faults: 166985784
	Voluntary context switches: 72270
	Involuntary context switches: 372820
	Swaps: 0
	File system inputs: 1528
	File system outputs: 1976
	Socket messages sent: 0
	Socket messages received: 0
	Signals delivered: 0
	Page size (bytes): 4096
	Exit status: 0
