lmbwide.profile complete
Job 6158840 on fmg103.lmb.internal
Thu Jan  8 09:56:40 GMT 2026
Python 3.11.13
/lmb/home/rsakata/anaconda3/envs/cellpose_env/bin/python
CUDA available: True
Torch CUDA runtime: 12.8
Visible GPUs: 0
Thu Jan  8 09:56:42 2026       
+---------------------------------------------------------------------------------------+
| NVIDIA-SMI 535.86.10              Driver Version: 535.86.10    CUDA Version: 12.2     |
|-----------------------------------------+----------------------+----------------------+
| GPU  Name                 Persistence-M | Bus-Id        Disp.A | Volatile Uncorr. ECC |
| Fan  Temp   Perf          Pwr:Usage/Cap |         Memory-Usage | GPU-Util  Compute M. |
|                                         |                      |               MIG M. |
|=========================================+======================+======================|
|   0  NVIDIA A100-SXM4-40GB          Off | 00000000:0A:00.0 Off |                    0 |
| N/A   27C    P0              52W / 400W |      4MiB / 40960MiB |      0%      Default |
|                                         |                      |             Disabled |
+-----------------------------------------+----------------------+----------------------+
                                                                                         
+---------------------------------------------------------------------------------------+
| Processes:                                                                            |
|  GPU   GI   CI        PID   Type   Process name                            GPU Memory |
|        ID   ID                                                             Usage      |
|=======================================================================================|
|  No running processes found                                                           |
+---------------------------------------------------------------------------------------+
Processing EXP62_setA_T3_DAPI_GATA3_GFP_ZO1_NANOG_serie_1 - 5_1
Processing EXP62_setA_T3_DAPI_GATA3_GFP_ZO1_NANOG_serie_10 - 9_3
Processing EXP62_setA_T3_DAPI_GATA3_GFP_ZO1_NANOG_serie_11 - 9_4
Processing EXP62_setA_T3_DAPI_GATA3_GFP_ZO1_NANOG_serie_12 - 9_5-1
Processing EXP62_setA_T3_DAPI_GATA3_GFP_ZO1_NANOG_serie_13 - 9_6
Processing EXP62_setA_T3_DAPI_GATA3_GFP_ZO1_NANOG_serie_14 - 9_7
Processing EXP62_setA_T3_DAPI_GATA3_GFP_ZO1_NANOG_serie_15 - 12_1-1
Processing EXP62_setA_T3_DAPI_GATA3_GFP_ZO1_NANOG_serie_15 - 12_1-2
Processing EXP62_setA_T3_DAPI_GATA3_GFP_ZO1_NANOG_serie_15 - 12_1-3
Processing EXP62_setA_T3_DAPI_GATA3_GFP_ZO1_NANOG_serie_16 - 12_2-1
Processing EXP62_setA_T3_DAPI_GATA3_GFP_ZO1_NANOG_serie_16 - 12_2-2
Processing EXP62_setA_T3_DAPI_GATA3_GFP_ZO1_NANOG_serie_17 - 12_3
Processing EXP62_setA_T3_DAPI_GATA3_GFP_ZO1_NANOG_serie_18 - 12_4
Processing EXP62_setA_T3_DAPI_GATA3_GFP_ZO1_NANOG_serie_19 - 12_5-1
Processing EXP62_setA_T3_DAPI_GATA3_GFP_ZO1_NANOG_serie_2 - 5_2
Processing EXP62_setA_T3_DAPI_GATA3_GFP_ZO1_NANOG_serie_20 - 10_1
Processing EXP62_setA_T3_DAPI_GATA3_GFP_ZO1_NANOG_serie_21 - 10_2
Processing EXP62_setA_T3_DAPI_GATA3_GFP_ZO1_NANOG_serie_22 - 10_3-1
Processing EXP62_setA_T3_DAPI_GATA3_GFP_ZO1_NANOG_serie_22 - 10_3-2
Processing EXP62_setA_T3_DAPI_GATA3_GFP_ZO1_NANOG_serie_23 - 10_4
Processing EXP62_setA_T3_DAPI_GATA3_GFP_ZO1_NANOG_serie_24 - 10_5
Processing EXP62_setA_T3_DAPI_GATA3_GFP_ZO1_NANOG_serie_25 - 10_6-1
Processing EXP62_setA_T3_DAPI_GATA3_GFP_ZO1_NANOG_serie_25 - 10_6-2
Processing EXP62_setA_T3_DAPI_GATA3_GFP_ZO1_NANOG_serie_26 - 8_1-1
Processing EXP62_setA_T3_DAPI_GATA3_GFP_ZO1_NANOG_serie_26 - 8_1-2
Processing EXP62_setA_T3_DAPI_GATA3_GFP_ZO1_NANOG_serie_27 - 8_2-1
Processing EXP62_setA_T3_DAPI_GATA3_GFP_ZO1_NANOG_serie_27 - 8_2-2
Processing EXP62_setA_T3_DAPI_GATA3_GFP_ZO1_NANOG_serie_28 - 8_3-1
Processing EXP62_setA_T3_DAPI_GATA3_GFP_ZO1_NANOG_serie_28 - 8_3-2
Processing EXP62_setA_T3_DAPI_GATA3_GFP_ZO1_NANOG_serie_29 - 8_4
Processing EXP62_setA_T3_DAPI_GATA3_GFP_ZO1_NANOG_serie_3 - 5_3
Processing EXP62_setA_T3_DAPI_GATA3_GFP_ZO1_NANOG_serie_30 - 8_5
Processing EXP62_setA_T3_DAPI_GATA3_GFP_ZO1_NANOG_serie_31 - 6_1
Processing EXP62_setA_T3_DAPI_GATA3_GFP_ZO1_NANOG_serie_32 - 6_2
Processing EXP62_setA_T3_DAPI_GATA3_GFP_ZO1_NANOG_serie_33 - 6_3
Processing EXP62_setA_T3_DAPI_GATA3_GFP_ZO1_NANOG_serie_34 - 6_4
Processing EXP62_setA_T3_DAPI_GATA3_GFP_ZO1_NANOG_serie_36 - 6_6-1
Processing EXP62_setA_T3_DAPI_GATA3_GFP_ZO1_NANOG_serie_4 - 5_4
Processing EXP62_setA_T3_DAPI_GATA3_GFP_ZO1_NANOG_serie_5 - 7_1
Processing EXP62_setA_T3_DAPI_GATA3_GFP_ZO1_NANOG_serie_6 - 7_2
Processing EXP62_setA_T3_DAPI_GATA3_GFP_ZO1_NANOG_serie_7 - 7_3
Processing EXP62_setA_T3_DAPI_GATA3_GFP_ZO1_NANOG_serie_8 - 9_1
Processing EXP62_setA_T3_DAPI_GATA3_GFP_ZO1_NANOG_serie_9 - 9_2
Wrote /ceph.groups/mshahbazi.grp/rsakata/EXP62/output/setA_T3/3_cytomask_intensities
                                                file    Z  ...  ZO1_mean  NANOG_mean
0  EXP62_setA_T3_DAPI_GATA3_GFP_ZO1_NANOG_serie_1...   86  ...  9.750625    1.884541
1  EXP62_setA_T3_DAPI_GATA3_GFP_ZO1_NANOG_serie_1...   68  ...  8.801600    3.519444
2  EXP62_setA_T3_DAPI_GATA3_GFP_ZO1_NANOG_serie_1...  101  ...  5.986415    1.768326
3  EXP62_setA_T3_DAPI_GATA3_GFP_ZO1_NANOG_serie_1...  112  ...  6.950699    1.349763
4  EXP62_setA_T3_DAPI_GATA3_GFP_ZO1_NANOG_serie_1...  104  ...  7.571089    1.484296

[5 rows x 10 columns]
