	Command being timed: "python /ceph.groups/mshahbazi.grp/rsakata/EXP62/code/setA_T3/cellpose_batch.py"
	User time (seconds): 164.17
	System time (seconds): 10.44
	Percent of CPU this job got: 100%
	Elapsed (wall clock) time (h:mm:ss or m:ss): 2:53.39
	Average shared text size (kbytes): 0
	Average unshared data size (kbytes): 0
	Average stack size (kbytes): 0
	Average total size (kbytes): 0
	Maximum resident set size (kbytes): 4926376
	Average resident set size (kbytes): 0
	Major (requiring I/O) page faults: 3
	Minor (reclaiming a frame) page faults: 5597593
	Voluntary context switches: 9985
	Involuntary context switches: 3448595
	Swaps: 0
	File system inputs: 0
	File system outputs: 1016
	Socket messages sent: 0
	Socket messages received: 0
	Signals delivered: 0
	Page size (bytes): 4096
	Exit status: 0
