	Command being timed: "python /ceph.groups/mshahbazi.grp/rsakata/EXP62/code/setA_T3/cellpose_batch.py"
	User time (seconds): 111.38
	System time (seconds): 9.64
	Percent of CPU this job got: 100%
	Elapsed (wall clock) time (h:mm:ss or m:ss): 1:59.90
	Average shared text size (kbytes): 0
	Average unshared data size (kbytes): 0
	Average stack size (kbytes): 0
	Average total size (kbytes): 0
	Maximum resident set size (kbytes): 4059624
	Average resident set size (kbytes): 0
	Major (requiring I/O) page faults: 1371
	Minor (reclaiming a frame) page faults: 4605336
	Voluntary context switches: 17635
	Involuntary context switches: 1948790
	Swaps: 0
	File system inputs: 1361976
	File system outputs: 1784
	Socket messages sent: 0
	Socket messages received: 0
	Signals delivered: 0
	Page size (bytes): 4096
	Exit status: 0
