	Command being timed: "python /ceph.groups/mshahbazi.grp/rsakata/EXP62/code/setA_T3/cellpose_batch.py"
	User time (seconds): 111.20
	System time (seconds): 8.67
	Percent of CPU this job got: 100%
	Elapsed (wall clock) time (h:mm:ss or m:ss): 1:58.88
	Average shared text size (kbytes): 0
	Average unshared data size (kbytes): 0
	Average stack size (kbytes): 0
	Average total size (kbytes): 0
	Maximum resident set size (kbytes): 4409892
	Average resident set size (kbytes): 0
	Major (requiring I/O) page faults: 10
	Minor (reclaiming a frame) page faults: 5589304
	Voluntary context switches: 10576
	Involuntary context switches: 1906588
	Swaps: 0
	File system inputs: 2048
	File system outputs: 1160
	Socket messages sent: 0
	Socket messages received: 0
	Signals delivered: 0
	Page size (bytes): 4096
	Exit status: 0
