	Command being timed: "python /ceph.groups/mshahbazi.grp/rsakata/EXP62/code/setA_T3/cellpose_batch.py"
	User time (seconds): 27.40
	System time (seconds): 4.01
	Percent of CPU this job got: 93%
	Elapsed (wall clock) time (h:mm:ss or m:ss): 0:33.53
	Average shared text size (kbytes): 0
	Average unshared data size (kbytes): 0
	Average stack size (kbytes): 0
	Average total size (kbytes): 0
	Maximum resident set size (kbytes): 2190532
	Average resident set size (kbytes): 0
	Major (requiring I/O) page faults: 3488
	Minor (reclaiming a frame) page faults: 1571358
	Voluntary context switches: 19290
	Involuntary context switches: 197264
	Swaps: 0
	File system inputs: 1798744
	File system outputs: 1048
	Socket messages sent: 0
	Socket messages received: 0
	Signals delivered: 0
	Page size (bytes): 4096
	Exit status: 0
