lmbwide.profile complete
Job 6158710 on fmg101.lmb.internal
Python 3.11.13
/lmb/home/rsakata/anaconda3/envs/cellpose_env/bin/python
CUDA available: True
Torch CUDA runtime: 12.8
Visible GPUs: 0
Thu Jan  8 09:42:42 2026       
+---------------------------------------------------------------------------------------+
| NVIDIA-SMI 535.86.10              Driver Version: 535.86.10    CUDA Version: 12.2     |
|-----------------------------------------+----------------------+----------------------+
| GPU  Name                 Persistence-M | Bus-Id        Disp.A | Volatile Uncorr. ECC |
| Fan  Temp   Perf          Pwr:Usage/Cap |         Memory-Usage | GPU-Util  Compute M. |
|                                         |                      |               MIG M. |
|=========================================+======================+======================|
|   0  NVIDIA A100-SXM4-40GB          On  | 00000000:87:00.0 Off |                    0 |
| N/A   29C    P0              52W / 400W |      4MiB / 40960MiB |      0%      Default |
|                                         |                      |             Disabled |
+-----------------------------------------+----------------------+----------------------+
                                                                                         
+---------------------------------------------------------------------------------------+
| Processes:                                                                            |
|  GPU   GI   CI        PID   Type   Process name                            GPU Memory |
|        ID   ID                                                             Usage      |
|=======================================================================================|
|  No running processes found                                                           |
+---------------------------------------------------------------------------------------+
Found 43 TIFs.
[array] task 22: /ceph.groups/mshahbazi.grp/rsakata/EXP62/LIF2TIF/setA_T3/EXP62_setA_T3_DAPI_GATA3_GFP_ZO1_NANOG_serie_20 - 10_1.tif

=== Processing: EXP62_setA_T3_DAPI_GATA3_GFP_ZO1_NANOG_serie_20 - 10_1.tif ===
  Saved mask: /ceph.groups/mshahbazi.grp/rsakata/EXP62/output/setA_T3/2_cytoseg/EXP62_setA_T3_DAPI_GATA3_GFP_ZO1_NANOG_serie_20 - 10_1_mask.tif  (voxels=728267)
  Saved QC: /ceph.groups/mshahbazi.grp/rsakata/EXP62/output/setA_T3/2_cytoseg/EXP62_setA_T3_DAPI_GATA3_GFP_ZO1_NANOG_serie_20 - 10_1_qc.png

Done in 31.9s
