lmbwide.profile complete
Job 6629096 on fmg34.lmb.internal
Python 3.11.13
/lmb/home/rsakata/anaconda3/envs/cellpose_env/bin/python
CUDA available: True
Torch CUDA runtime: 12.8
Visible GPUs: 0
Thu Aug  6 13:03:19 2026       
+-----------------------------------------------------------------------------------------+
| NVIDIA-SMI 570.153.02             Driver Version: 570.153.02     CUDA Version: 12.8     |
|-----------------------------------------+------------------------+----------------------+
| GPU  Name                 Persistence-M | Bus-Id          Disp.A | Volatile Uncorr. ECC |
| Fan  Temp   Perf          Pwr:Usage/Cap |           Memory-Usage | GPU-Util  Compute M. |
|                                         |                        |               MIG M. |
|=========================================+========================+======================|
|   0  NVIDIA GeForce RTX 2080 Ti     On  |   00000000:23:00.0 Off |                  N/A |
| 27%   31C    P8              4W /  250W |       1MiB /  11264MiB |      0%      Default |
|                                         |                        |                  N/A |
+-----------------------------------------+------------------------+----------------------+
                                                                                         
+-----------------------------------------------------------------------------------------+
| Processes:                                                                              |
|  GPU   GI   CI              PID   Type   Process name                        GPU Memory |
|        ID   ID                                                               Usage      |
|=========================================================================================|
|  No running processes found                                                             |
+-----------------------------------------------------------------------------------------+


Welcome to CellposeSAM, cellpose v
cellpose version: 	4.0.6 
platform:       	linux 
python version: 	3.11.13 
torch version:  	2.8.0+cu128! The neural network component of
CPSAM is much larger than in previous versions and CPU excution is slow. 
We encourage users to use GPU/MPS if available. 


Initializing Cellpose model...
Model loaded. GPU: True
Found 4 TIFF files in /ceph.groups/mshahbazi.grp/rsakata/HE_Nondeveloping4/LIF2TIF
[array] task 1: /ceph.groups/mshahbazi.grp/rsakata/HE_Nondeveloping4/LIF2TIF/Nondeveloping4_re_serie_2 - MS896.tif

[1/1] Processing: MS896
  > Voxel size 0.5687 µm/px agrees with file metadata.
  > Axes from file axes metadata (ZCYX): (96, 5, 512, 512) -> (96, 5, 512, 512) (Z,C,Y,X)
  > Z=96, C=5, Y=512, X=512; pixel 0.5687 um; cell-mask min_size=31 px (= 10.0 um2); DAPI-mask min_size=31 px (= 10.0 um2)
  > Segmenting cell masks in 96 slices using ['ECAD', 'DAPI']...
  > 1231 slice-local cell masks across 72/96 slices
  > Segmenting DAPI masks in 96 slices using ['DAPI']...
  > 914 slice-local DAPI masks across 73/96 slices
  > Object area um2: p5=27 median=61 p95=155 (cutoff 10.0)
  > Finding interfaces, assigning DAPI masks, and sampling ribbons...
  > DAPI assignment: 787 cell masks assigned from 843 DAPI masks; 111 geometric pairs removed because one or both cells lacked a valid DAPI mask
  [QC] 4 DAPI-mask assignments involved cells with multiple candidate nuclei; the strongest-overlap nucleus was retained
  > 160 interfaces retained after geometry and mandatory DAPI-mask filtering (271 geometric; 592 candidates)
  [WARNING] 73% of candidate pairs were filtered out. Check the cell masks, DAPI masks, MIN_DAPI_CELL_OVERLAP_FRACTION (0.5), MAX_PAIR_GAP_UM (1.0 um), and MIN_INTERFACE_LENGTH_UM (1.0 um).
  [QC] ECAD peak vs geometric zero: median +1.00 µm, IQR -1.50 to +2.50 µm, n=160 (reported only, not applied)
  > Saved pair statistics: /ceph.groups/mshahbazi.grp/rsakata/HE_Nondeveloping4/output/cellpose_boundary3/MS896/MS896_pair_stats.csv (160 pairs)
  > Saved summary: /ceph.groups/mshahbazi.grp/rsakata/HE_Nondeveloping4/output/cellpose_boundary3/MS896/MS896_summary.csv
  > Saved profiles: /ceph.groups/mshahbazi.grp/rsakata/HE_Nondeveloping4/output/cellpose_boundary3/MS896/MS896_profiles.csv (16680 rows)

All done in 224.1 s
