lmbwide.profile complete
Job 6209063 on fmg27.lmb.internal
Python 3.11.13
/lmb/home/rsakata/anaconda3/envs/cellpose_env/bin/python
CUDA available: True
Torch CUDA runtime: 12.8
Visible GPUs: 0
Fri Jan 30 10:40:41 2026       
+-----------------------------------------------------------------------------------------+
| NVIDIA-SMI 570.153.02             Driver Version: 570.153.02     CUDA Version: 12.8     |
|-----------------------------------------+------------------------+----------------------+
| GPU  Name                 Persistence-M | Bus-Id          Disp.A | Volatile Uncorr. ECC |
| Fan  Temp   Perf          Pwr:Usage/Cap |           Memory-Usage | GPU-Util  Compute M. |
|                                         |                        |               MIG M. |
|=========================================+========================+======================|
|   0  NVIDIA GeForce RTX 2080 Ti     On  |   00000000:21:00.0 Off |                  N/A |
| 30%   36C    P8              8W /  250W |       1MiB /  11264MiB |      0%      Default |
|                                         |                        |                  N/A |
+-----------------------------------------+------------------------+----------------------+
                                                                                         
+-----------------------------------------------------------------------------------------+
| Processes:                                                                              |
|  GPU   GI   CI              PID   Type   Process name                        GPU Memory |
|        ID   ID                                                               Usage      |
|=========================================================================================|
|  No running processes found                                                             |
+-----------------------------------------------------------------------------------------+


Welcome to CellposeSAM, cellpose v
cellpose version: 	4.0.6 
platform:       	linux 
python version: 	3.11.13 
torch version:  	2.8.0+cu128! The neural network component of
CPSAM is much larger than in previous versions and CPU excution is slow. 
We encourage users to use GPU/MPS if available. 


Imports complete
Initializing Cellpose model...
Model loaded. GPU: True
Found 4 files to process in /ceph.groups/mshahbazi.grp/rsakata/HE_Nondeveloping4/LIF2TIF

[1/4] Processing: MS895
  > Segmenting 91 slices...
  > Detected 84 objects.
  > Finding neighbors...
  > Extracting profiles...
  > Generating summary plots...

[2/4] Processing: MS896
  > Segmenting 96 slices...
  > Detected 29 objects.
  > Finding neighbors...
  > Extracting profiles...
  > Generating summary plots...

[3/4] Processing: MS929
  > Segmenting 95 slices...
  > Detected 24 objects.
  > Finding neighbors...
  > Extracting profiles...
  > Generating summary plots...

[4/4] Processing: MS906
  > Segmenting 176 slices...
  > Detected 39 objects.
  > Finding neighbors...
  > Extracting profiles...
  > Generating summary plots...

All done in 585.5s
