	Command being timed: "python /ceph.groups/mshahbazi.grp/rsakata/HE_Nondeveloping4/code/cellpose_batch.py"
	User time (seconds): 1106.87
	System time (seconds): 17.78
	Percent of CPU this job got: 97%
	Elapsed (wall clock) time (h:mm:ss or m:ss): 19:16.27
	Average shared text size (kbytes): 0
	Average unshared data size (kbytes): 0
	Average stack size (kbytes): 0
	Average total size (kbytes): 0
	Maximum resident set size (kbytes): 5318264
	Average resident set size (kbytes): 0
	Major (requiring I/O) page faults: 2043
	Minor (reclaiming a frame) page faults: 1464446
	Voluntary context switches: 32950
	Involuntary context switches: 1169976
	Swaps: 0
	File system inputs: 543792
	File system outputs: 1872
	Socket messages sent: 0
	Socket messages received: 0
	Signals delivered: 0
	Page size (bytes): 4096
	Exit status: 0
