	Command being timed: "python /ceph.groups/mshahbazi.grp/rsakata/HE_Nondeveloping4/code/cytoseg.py"
	User time (seconds): 60.23
	System time (seconds): 1.13
	Percent of CPU this job got: 99%
	Elapsed (wall clock) time (h:mm:ss or m:ss): 1:01.90
	Average shared text size (kbytes): 0
	Average unshared data size (kbytes): 0
	Average stack size (kbytes): 0
	Average total size (kbytes): 0
	Maximum resident set size (kbytes): 1100424
	Average resident set size (kbytes): 0
	Major (requiring I/O) page faults: 350
	Minor (reclaiming a frame) page faults: 54121
	Voluntary context switches: 3161
	Involuntary context switches: 117
	Swaps: 0
	File system inputs: 36880
	File system outputs: 49328
	Socket messages sent: 0
	Socket messages received: 0
	Signals delivered: 0
	Page size (bytes): 4096
	Exit status: 0
