lmbwide.profile complete
Job 6184549 on fmg101.lmb.internal
Python 3.11.13
/lmb/home/rsakata/anaconda3/envs/cellpose_env/bin/python
CUDA available: True
Torch CUDA runtime: 12.8
Visible GPUs: 0
Sat Jan 17 13:08:09 2026       
+---------------------------------------------------------------------------------------+
| NVIDIA-SMI 535.86.10              Driver Version: 535.86.10    CUDA Version: 12.2     |
|-----------------------------------------+----------------------+----------------------+
| GPU  Name                 Persistence-M | Bus-Id        Disp.A | Volatile Uncorr. ECC |
| Fan  Temp   Perf          Pwr:Usage/Cap |         Memory-Usage | GPU-Util  Compute M. |
|                                         |                      |               MIG M. |
|=========================================+======================+======================|
|   0  NVIDIA A100-SXM4-40GB          On  | 00000000:C7:00.0 Off |                    0 |
| N/A   26C    P0              57W / 400W |      4MiB / 40960MiB |      0%      Default |
|                                         |                      |             Disabled |
+-----------------------------------------+----------------------+----------------------+
                                                                                         
+---------------------------------------------------------------------------------------+
| Processes:                                                                            |
|  GPU   GI   CI        PID   Type   Process name                            GPU Memory |
|        ID   ID                                                             Usage      |
|=======================================================================================|
|  No running processes found                                                           |
+---------------------------------------------------------------------------------------+


Welcome to CellposeSAM, cellpose v
cellpose version: 	4.0.6 
platform:       	linux 
python version: 	3.11.13 
torch version:  	2.8.0+cu128! The neural network component of
CPSAM is much larger than in previous versions and CPU excution is slow. 
We encourage users to use GPU/MPS if available. 


GPU available to Cellpose: True
Found 4 TIFs
[array] task 2: /ceph.groups/mshahbazi.grp/rsakata/HE_Nondeveloping4/LIF2TIF/MS906_Gd__HEEXP147_Nondelveloping4_30122025_DAPI_GATA4_NANOG_GATA3_ECAD_serie_1.tif

== MS906_Gd__HEEXP147_Nondelveloping4_30122025_DAPI_GATA4_NANOG_GATA3_ECAD_serie_1.tif → MS906_Gd__HEEXP147_Nondelveloping4_30122025_DAPI_GATA4_NANOG_GATA3_ECAD_serie_1
Reordered (201, 5, 1024, 1024) -> (201, 5, 1024, 1024) (Z,C,Y,X)
Objects: 157
Saved: /ceph.groups/mshahbazi.grp/rsakata/HE_Nondeveloping4/output/cellpose_intensities/MS906_Gd__HEEXP147_Nondelveloping4_30122025_DAPI_GATA4_NANOG_GATA3_ECAD_serie_1_nucleus_intensity.csv
Saved: /ceph.groups/mshahbazi.grp/rsakata/HE_Nondeveloping4/output/cellpose_intensities/MS906_Gd__HEEXP147_Nondelveloping4_30122025_DAPI_GATA4_NANOG_GATA3_ECAD_serie_1_mosaic_Image1_a-b.png

All done in 2186.2s
