	Command being timed: "python /ceph.groups/mshahbazi.grp/rsakata/HE_Nondeveloping4/code/cellpose_batch.py"
	User time (seconds): 578.63
	System time (seconds): 4.26
	Percent of CPU this job got: 94%
	Elapsed (wall clock) time (h:mm:ss or m:ss): 10:15.65
	Average shared text size (kbytes): 0
	Average unshared data size (kbytes): 0
	Average stack size (kbytes): 0
	Average total size (kbytes): 0
	Maximum resident set size (kbytes): 3810376
	Average resident set size (kbytes): 0
	Major (requiring I/O) page faults: 2125
	Minor (reclaiming a frame) page faults: 783035
	Voluntary context switches: 25071
	Involuntary context switches: 1223
	Swaps: 0
	File system inputs: 473704
	File system outputs: 1216
	Socket messages sent: 0
	Socket messages received: 0
	Signals delivered: 0
	Page size (bytes): 4096
	Exit status: 0
