	Command being timed: "python /ceph.groups/mshahbazi.grp/rsakata/HE_Nondeveloping4/code/cellpose_batch.py"
	User time (seconds): 1258.33
	System time (seconds): 121.45
	Percent of CPU this job got: 101%
	Elapsed (wall clock) time (h:mm:ss or m:ss): 22:43.92
	Average shared text size (kbytes): 0
	Average unshared data size (kbytes): 0
	Average stack size (kbytes): 0
	Average total size (kbytes): 0
	Maximum resident set size (kbytes): 39098236
	Average resident set size (kbytes): 0
	Major (requiring I/O) page faults: 31
	Minor (reclaiming a frame) page faults: 110489868
	Voluntary context switches: 50895
	Involuntary context switches: 6955727
	Swaps: 0
	File system inputs: 4352
	File system outputs: 2984
	Socket messages sent: 0
	Socket messages received: 0
	Signals delivered: 0
	Page size (bytes): 4096
	Exit status: 0
