lmbwide.profile complete
Job 6184592 on fmg101.lmb.internal
Python 3.11.13
/lmb/home/rsakata/anaconda3/envs/cellpose_env/bin/python
CUDA available: True
Torch CUDA runtime: 12.8
Visible GPUs: 0
Sat Jan 17 13:50:41 2026       
+---------------------------------------------------------------------------------------+
| NVIDIA-SMI 535.86.10              Driver Version: 535.86.10    CUDA Version: 12.2     |
|-----------------------------------------+----------------------+----------------------+
| GPU  Name                 Persistence-M | Bus-Id        Disp.A | Volatile Uncorr. ECC |
| Fan  Temp   Perf          Pwr:Usage/Cap |         Memory-Usage | GPU-Util  Compute M. |
|                                         |                      |               MIG M. |
|=========================================+======================+======================|
|   0  NVIDIA A100-SXM4-40GB          On  | 00000000:CA:00.0 Off |                    0 |
| N/A   28C    P0              55W / 400W |      4MiB / 40960MiB |      0%      Default |
|                                         |                      |             Disabled |
+-----------------------------------------+----------------------+----------------------+
                                                                                         
+---------------------------------------------------------------------------------------+
| Processes:                                                                            |
|  GPU   GI   CI        PID   Type   Process name                            GPU Memory |
|        ID   ID                                                             Usage      |
|=======================================================================================|
|  No running processes found                                                           |
+---------------------------------------------------------------------------------------+
Found 4 TIFs.
[array] task 1: /ceph.groups/mshahbazi.grp/rsakata/HE_Nondeveloping4/LIF2TIF/MS896_HEEXP147_Nondelveloping4_30122025_DAPI_GATA4_NANOG_GATA3_ECAD_serie_1.tif

=== Processing: MS896_HEEXP147_Nondelveloping4_30122025_DAPI_GATA4_NANOG_GATA3_ECAD_serie_1.tif ===
 shape :  (98, 5, 1024, 1024).
  Saved mask: /ceph.groups/mshahbazi.grp/rsakata/HE_Nondeveloping4/output/cyto_mask/MS896_HEEXP147_Nondelveloping4_30122025_DAPI_GATA4_NANOG_GATA3_ECAD_serie_1_mask.tif  (voxels=2401949)
  Saved QC: /ceph.groups/mshahbazi.grp/rsakata/HE_Nondeveloping4/output/cyto_mask/MS896_HEEXP147_Nondelveloping4_30122025_DAPI_GATA4_NANOG_GATA3_ECAD_serie_1_qc.png

Done in 268.3s
