lmbwide.profile complete
Job 6208584 on fmg34.lmb.internal
Python 3.11.13
/lmb/home/rsakata/anaconda3/envs/cellpose_env/bin/python
CUDA available: True
Torch CUDA runtime: 12.8
Visible GPUs: 0
Thu Jan 29 23:15:06 2026       
+-----------------------------------------------------------------------------------------+
| NVIDIA-SMI 570.153.02             Driver Version: 570.153.02     CUDA Version: 12.8     |
|-----------------------------------------+------------------------+----------------------+
| GPU  Name                 Persistence-M | Bus-Id          Disp.A | Volatile Uncorr. ECC |
| Fan  Temp   Perf          Pwr:Usage/Cap |           Memory-Usage | GPU-Util  Compute M. |
|                                         |                        |               MIG M. |
|=========================================+========================+======================|
|   0  NVIDIA GeForce RTX 2080 Ti     On  |   00000000:23:00.0 Off |                  N/A |
| 27%   30C    P8              8W /  250W |       1MiB /  11264MiB |      0%      Default |
|                                         |                        |                  N/A |
+-----------------------------------------+------------------------+----------------------+
                                                                                         
+-----------------------------------------------------------------------------------------+
| Processes:                                                                              |
|  GPU   GI   CI              PID   Type   Process name                        GPU Memory |
|        ID   ID                                                               Usage      |
|=========================================================================================|
|  No running processes found                                                             |
+-----------------------------------------------------------------------------------------+


Welcome to CellposeSAM, cellpose v
cellpose version: 	4.0.6 
platform:       	linux 
python version: 	3.11.13 
torch version:  	2.8.0+cu128! The neural network component of
CPSAM is much larger than in previous versions and CPU excution is slow. 
We encourage users to use GPU/MPS if available. 


GPU available to Cellpose: True
Found 4 TIFs
[array] task 3: /ceph.groups/mshahbazi.grp/rsakata/HE_Nondeveloping4/LIF2TIF/Nondeveloping4_re_serie_4 - MS906.tif

== Nondeveloping4_re_serie_4 - MS906.tif → MS906
Reordered (176, 5, 512, 512) -> (176, 5, 512, 512) (Z,C,Y,X)
Objects: 220
Saved: /ceph.groups/mshahbazi.grp/rsakata/HE_Nondeveloping4/output/cellpose_intensities/MS906_nucleus_intensity.csv
Saved: /ceph.groups/mshahbazi.grp/rsakata/HE_Nondeveloping4/output/cellpose_intensities/MS906_mosaic_Image1_a-b.png

All done in 1119.2s
