lmbwide.profile complete
Job 6208605 on fmg15.lmb.internal
Python 3.11.13
/lmb/home/rsakata/anaconda3/envs/cellpose_env/bin/python
CUDA available: True
Torch CUDA runtime: 12.8
Visible GPUs: 0
Thu Jan 29 23:41:01 2026       
+-----------------------------------------------------------------------------------------+
| NVIDIA-SMI 570.153.02             Driver Version: 570.153.02     CUDA Version: 12.8     |
|-----------------------------------------+------------------------+----------------------+
| GPU  Name                 Persistence-M | Bus-Id          Disp.A | Volatile Uncorr. ECC |
| Fan  Temp   Perf          Pwr:Usage/Cap |           Memory-Usage | GPU-Util  Compute M. |
|                                         |                        |               MIG M. |
|=========================================+========================+======================|
|   0  NVIDIA GeForce GTX 1080 Ti     On  |   00000000:82:00.0 Off |                  N/A |
| 20%   21C    P8              9W /  250W |       2MiB /  11264MiB |      0%      Default |
|                                         |                        |                  N/A |
+-----------------------------------------+------------------------+----------------------+
                                                                                         
+-----------------------------------------------------------------------------------------+
| Processes:                                                                              |
|  GPU   GI   CI              PID   Type   Process name                        GPU Memory |
|        ID   ID                                                               Usage      |
|=========================================================================================|
|  No running processes found                                                             |
+-----------------------------------------------------------------------------------------+
Found 4 TIFs.
[array] task 3: /ceph.groups/mshahbazi.grp/rsakata/HE_Nondeveloping4/LIF2TIF/Nondeveloping4_re_serie_4 - MS906.tif

=== Processing: Nondeveloping4_re_serie_4 - MS906.tif ===
 shape :  (176, 5, 512, 512).
  Saved mask: /ceph.groups/mshahbazi.grp/rsakata/HE_Nondeveloping4/output/cyto_mask/Nondeveloping4_re_serie_4 - MS906_mask.tif  (voxels=6288773)
  Saved QC: /ceph.groups/mshahbazi.grp/rsakata/HE_Nondeveloping4/output/cyto_mask/Nondeveloping4_re_serie_4 - MS906_qc.png

Done in 118.8s
