	Command being timed: "python /ceph.groups/mshahbazi.grp/rsakata/HE_Nondeveloping4/code/cellpose_batch.py"
	User time (seconds): 557.86
	System time (seconds): 5.49
	Percent of CPU this job got: 94%
	Elapsed (wall clock) time (h:mm:ss or m:ss): 9:56.18
	Average shared text size (kbytes): 0
	Average unshared data size (kbytes): 0
	Average stack size (kbytes): 0
	Average total size (kbytes): 0
	Maximum resident set size (kbytes): 3698560
	Average resident set size (kbytes): 0
	Major (requiring I/O) page faults: 2175
	Minor (reclaiming a frame) page faults: 1542549
	Voluntary context switches: 25148
	Involuntary context switches: 1439
	Swaps: 0
	File system inputs: 1789320
	File system outputs: 928
	Socket messages sent: 0
	Socket messages received: 0
	Signals delivered: 0
	Page size (bytes): 4096
	Exit status: 0
