	Command being timed: "python /ceph.groups/mshahbazi.grp/rsakata/HE_Nondeveloping4/code/cytoseg.py"
	User time (seconds): 116.93
	System time (seconds): 2.14
	Percent of CPU this job got: 99%
	Elapsed (wall clock) time (h:mm:ss or m:ss): 1:59.75
	Average shared text size (kbytes): 0
	Average unshared data size (kbytes): 0
	Average stack size (kbytes): 0
	Average total size (kbytes): 0
	Maximum resident set size (kbytes): 1950116
	Average resident set size (kbytes): 0
	Major (requiring I/O) page faults: 274
	Minor (reclaiming a frame) page faults: 82752
	Voluntary context switches: 3181
	Involuntary context switches: 289
	Swaps: 0
	File system inputs: 37904
	File system outputs: 91008
	Socket messages sent: 0
	Socket messages received: 0
	Signals delivered: 0
	Page size (bytes): 4096
	Exit status: 0
