lmbwide.profile complete
Job 6640778 on fmg101.lmb.internal
Python 3.11.13
/lmb/home/rsakata/anaconda3/envs/cellpose_env/bin/python
CUDA available: True
Torch CUDA runtime: 12.8
Visible GPUs: 0
Tue Aug 11 14:05:29 2026       
+-----------------------------------------------------------------------------------------+
| NVIDIA-SMI 610.57.04              KMD Version: 610.57.04     CUDA UMD Version: 13.3     |
+-----------------------------------------+------------------------+----------------------+
| GPU  Name                 Persistence-M | Bus-Id          Disp.A | Volatile Uncorr. ECC |
| Fan  Temp   Perf          Pwr:Usage/Cap |           Memory-Usage | GPU-Util  Compute M. |
|                                         |                        |               MIG M. |
|=========================================+========================+======================|
|   0  NVIDIA A100-SXM4-40GB          Off |   00000000:8D:00.0 Off |                    0 |
| N/A   27C    P0             54W /  400W |       0MiB /  40960MiB |      0%      Default |
|                                         |                        |             Disabled |
+-----------------------------------------+------------------------+----------------------+

+-----------------------------------------------------------------------------------------+
| Processes:                                                                              |
|  GPU   GI   CI              PID   Type   Process name                        GPU Memory |
|        ID   ID                                                               Usage      |
|=========================================================================================|
|  No running processes found                                                             |
+-----------------------------------------------------------------------------------------+


Welcome to CellposeSAM, cellpose v
cellpose version: 	4.0.6 
platform:       	linux 
python version: 	3.11.13 
torch version:  	2.8.0+cu128! The neural network component of
CPSAM is much larger than in previous versions and CPU excution is slow. 
We encourage users to use GPU/MPS if available. 


Initializing Cellpose model...
Model loaded. GPU: True
Found 12 TIFF files in /ceph.groups/mshahbazi.grp/rsakata/HE_EXP186/LIF2TIF
[array] task 0: /ceph.groups/mshahbazi.grp/rsakata/HE_EXP186/LIF2TIF/EXP186_DAPI_ECAD_BF_NANOG_GATA3_GATA4_2_serie_1 - MS967.tif

[1/1] Processing: MS967
  > Voxel size 0.7583 µm/px agrees with file metadata.
  > Axes from file axes metadata (ZCYX): (43, 6, 512, 512) -> (43, 6, 512, 512) (Z,C,Y,X)
  > Z=43, C=6, Y=512, X=512; pixel 0.7583 um; cell-mask min_size=18 px (= 10.0 um2); DAPI-mask min_size=18 px (= 10.0 um2)
  > Segmenting cell masks in 43 slices using ['ECAD', 'DAPI']...
  > 1342 slice-local cell masks across 43/43 slices
  > Segmenting DAPI masks in 43 slices using ['DAPI']...
  > 1029 slice-local DAPI masks across 43/43 slices
  > Object area um2: p5=41 median=128 p95=250 (cutoff 10.0)
  > Mask-to-mask gap at candidate interfaces um: p10=0.00 median=0.00 p90=3.21 (MAX_PAIR_GAP_UM=1.0)
  > Finding interfaces, assigning DAPI masks, and sampling ribbons...
  > DAPI assignment: 952 cell masks assigned from 1026 DAPI masks; 485 geometric pairs removed because one or both cells lacked a valid DAPI mask
  [QC] 33 DAPI-mask assignments involved cells with multiple candidate nuclei; the strongest-overlap nucleus was retained
  > 763 interfaces retained after geometry and mandatory DAPI-mask filtering (1248 geometric; 1495 candidates)
  [QC] ECAD peak vs geometric zero: median +0.50 µm, IQR -0.50 to +1.50 µm, n=763 (reported only, not applied)
  > Saved pair statistics: /ceph.groups/mshahbazi.grp/rsakata/HE_EXP186/cellpose/output/cellpose_boundary/MS967/MS967_pair_stats.csv (763 pairs)
  > Saved summary: /ceph.groups/mshahbazi.grp/rsakata/HE_EXP186/cellpose/output/cellpose_boundary/MS967/MS967_summary.csv
  > Saved profiles: /ceph.groups/mshahbazi.grp/rsakata/HE_EXP186/cellpose/output/cellpose_boundary/MS967/MS967_profiles.csv (93774 rows)

All done in 26.9 s
