	Command being timed: "python /ceph.groups/mshahbazi.grp/rsakata/EXP58/code/setA_T2/cytoseg.py"
	User time (seconds): 15.41
	System time (seconds): 0.27
	Percent of CPU this job got: 95%
	Elapsed (wall clock) time (h:mm:ss or m:ss): 0:16.35
	Average shared text size (kbytes): 0
	Average unshared data size (kbytes): 0
	Average stack size (kbytes): 0
	Average total size (kbytes): 0
	Maximum resident set size (kbytes): 387840
	Average resident set size (kbytes): 0
	Major (requiring I/O) page faults: 0
	Minor (reclaiming a frame) page faults: 46254
	Voluntary context switches: 2275
	Involuntary context switches: 71
	Swaps: 0
	File system inputs: 0
	File system outputs: 12056
	Socket messages sent: 0
	Socket messages received: 0
	Signals delivered: 0
	Page size (bytes): 4096
	Exit status: 0
