/lmb/home/rsakata/anaconda3/envs/cellpose_env/lib/python3.11/site-packages/torch/cuda/__init__.py:182: UserWarning: CUDA initialization: CUDA unknown error - this may be due to an incorrectly set up environment, e.g. changing env variable CUDA_VISIBLE_DEVICES after program start. Setting the available devices to be zero. (Triggered internally at /pytorch/c10/cuda/CUDAFunctions.cpp:109.)
  return torch._C._cuda_getDeviceCount() > 0
	Command being timed: "python /ceph.groups/mshahbazi.grp/rsakata/EXP58/code/setA_T2/cytoseg.py"
	User time (seconds): 3.09
	System time (seconds): 0.19
	Percent of CPU this job got: 88%
	Elapsed (wall clock) time (h:mm:ss or m:ss): 0:03.72
	Average shared text size (kbytes): 0
	Average unshared data size (kbytes): 0
	Average stack size (kbytes): 0
	Average total size (kbytes): 0
	Maximum resident set size (kbytes): 166000
	Average resident set size (kbytes): 0
	Major (requiring I/O) page faults: 392
	Minor (reclaiming a frame) page faults: 49882
	Voluntary context switches: 3546
	Involuntary context switches: 26
	Swaps: 0
	File system inputs: 98368
	File system outputs: 1712
	Socket messages sent: 0
	Socket messages received: 0
	Signals delivered: 0
	Page size (bytes): 4096
	Exit status: 0
