lmbwide.profile complete
Job 6158135 on fmg14.lmb.internal
Python 3.11.13
/lmb/home/rsakata/anaconda3/envs/cellpose_env/bin/python
CUDA available: True
Torch CUDA runtime: 12.8
Visible GPUs: 0
Wed Jan  7 20:06:32 2026       
+-----------------------------------------------------------------------------------------+
| NVIDIA-SMI 570.153.02             Driver Version: 570.153.02     CUDA Version: 12.8     |
|-----------------------------------------+------------------------+----------------------+
| GPU  Name                 Persistence-M | Bus-Id          Disp.A | Volatile Uncorr. ECC |
| Fan  Temp   Perf          Pwr:Usage/Cap |           Memory-Usage | GPU-Util  Compute M. |
|                                         |                        |               MIG M. |
|=========================================+========================+======================|
|   0  NVIDIA GeForce GTX 1080 Ti     On  |   00000000:02:00.0 Off |                  N/A |
| 34%   50C    P8             12W /  250W |       2MiB /  11264MiB |      0%      Default |
|                                         |                        |                  N/A |
+-----------------------------------------+------------------------+----------------------+
                                                                                         
+-----------------------------------------------------------------------------------------+
| Processes:                                                                              |
|  GPU   GI   CI              PID   Type   Process name                        GPU Memory |
|        ID   ID                                                               Usage      |
|=========================================================================================|
|  No running processes found                                                             |
+-----------------------------------------------------------------------------------------+
Found 27 TIFs.
[array] task 8: /ceph.groups/mshahbazi.grp/rsakata/EXP58/LIF2TIF/setA_T2/LIF2TIF/EXP58_setA_T2_DAPI_GATA3_GFP_ZO1_NANOG_serie_10 - 2_3-1.tif

=== Processing: EXP58_setA_T2_DAPI_GATA3_GFP_ZO1_NANOG_serie_10 - 2_3-1.tif ===
  Saved mask: /ceph.groups/mshahbazi.grp/rsakata/EXP58/output/setA_T2/2_cytoseg/EXP58_setA_T2_DAPI_GATA3_GFP_ZO1_NANOG_serie_10 - 2_3-1_mask.tif  (voxels=234847)
  Saved QC: /ceph.groups/mshahbazi.grp/rsakata/EXP58/output/setA_T2/2_cytoseg/EXP58_setA_T2_DAPI_GATA3_GFP_ZO1_NANOG_serie_10 - 2_3-1_qc.png

Done in 3.3s
