	Command being timed: "python /ceph.groups/mshahbazi.grp/rsakata/EXP58/code/setA_T2/cellpose_batch.py"
	User time (seconds): 13.50
	System time (seconds): 4.30
	Percent of CPU this job got: 95%
	Elapsed (wall clock) time (h:mm:ss or m:ss): 0:18.71
	Average shared text size (kbytes): 0
	Average unshared data size (kbytes): 0
	Average stack size (kbytes): 0
	Average total size (kbytes): 0
	Maximum resident set size (kbytes): 2100248
	Average resident set size (kbytes): 0
	Major (requiring I/O) page faults: 18
	Minor (reclaiming a frame) page faults: 1025448
	Voluntary context switches: 8519
	Involuntary context switches: 211
	Swaps: 0
	File system inputs: 4352
	File system outputs: 1072
	Socket messages sent: 0
	Socket messages received: 0
	Signals delivered: 0
	Page size (bytes): 4096
	Exit status: 0
