	Command being timed: "python /ceph.groups/mshahbazi.grp/rsakata/EXP58/code/setA_T3/cytoseg.py"
	User time (seconds): 55.31
	System time (seconds): 1.78
	Percent of CPU this job got: 98%
	Elapsed (wall clock) time (h:mm:ss or m:ss): 0:57.99
	Average shared text size (kbytes): 0
	Average unshared data size (kbytes): 0
	Average stack size (kbytes): 0
	Average total size (kbytes): 0
	Maximum resident set size (kbytes): 943780
	Average resident set size (kbytes): 0
	Major (requiring I/O) page faults: 0
	Minor (reclaiming a frame) page faults: 1044243
	Voluntary context switches: 971
	Involuntary context switches: 615
	Swaps: 0
	File system inputs: 0
	File system outputs: 42128
	Socket messages sent: 0
	Socket messages received: 0
	Signals delivered: 0
	Page size (bytes): 4096
	Exit status: 0
