lmbwide.profile complete
Job 6158079 on fmg102.lmb.internal
Python 3.11.13
/lmb/home/rsakata/anaconda3/envs/cellpose_env/bin/python
CUDA available: True
Torch CUDA runtime: 12.8
Visible GPUs: 0
Wed Jan  7 19:58:29 2026       
+---------------------------------------------------------------------------------------+
| NVIDIA-SMI 535.86.10              Driver Version: 535.86.10    CUDA Version: 12.2     |
|-----------------------------------------+----------------------+----------------------+
| GPU  Name                 Persistence-M | Bus-Id        Disp.A | Volatile Uncorr. ECC |
| Fan  Temp   Perf          Pwr:Usage/Cap |         Memory-Usage | GPU-Util  Compute M. |
|                                         |                      |               MIG M. |
|=========================================+======================+======================|
|   0  NVIDIA A100-SXM4-40GB          Off | 00000000:07:00.0 Off |                    0 |
| N/A   23C    P0              51W / 400W |      4MiB / 40960MiB |      0%      Default |
|                                         |                      |             Disabled |
+-----------------------------------------+----------------------+----------------------+
                                                                                         
+---------------------------------------------------------------------------------------+
| Processes:                                                                            |
|  GPU   GI   CI        PID   Type   Process name                            GPU Memory |
|        ID   ID                                                             Usage      |
|=======================================================================================|
|  No running processes found                                                           |
+---------------------------------------------------------------------------------------+
Found 46 TIFs.
[array] task 1: /ceph.groups/mshahbazi.grp/rsakata/EXP58/LIF2TIF/setA_T3/LIF2TIF/EXP58_setA_T3_DAPI_GATA3_GFP_ZO1_NANOG_serie_2 - 5_2.tif

=== Processing: EXP58_setA_T3_DAPI_GATA3_GFP_ZO1_NANOG_serie_2 - 5_2.tif ===
  Saved mask: /ceph.groups/mshahbazi.grp/rsakata/EXP58/output/setA_T3/2_cytoseg/EXP58_setA_T3_DAPI_GATA3_GFP_ZO1_NANOG_serie_2 - 5_2_mask.tif  (voxels=2100506)
  Saved QC: /ceph.groups/mshahbazi.grp/rsakata/EXP58/output/setA_T3/2_cytoseg/EXP58_setA_T3_DAPI_GATA3_GFP_ZO1_NANOG_serie_2 - 5_2_qc.png

Done in 54.5s
