	Command being timed: "python /ceph.groups/mshahbazi.grp/rsakata/EXP58/code/setA_T3/cytoseg.py"
	User time (seconds): 52.01
	System time (seconds): 1.22
	Percent of CPU this job got: 97%
	Elapsed (wall clock) time (h:mm:ss or m:ss): 0:54.45
	Average shared text size (kbytes): 0
	Average unshared data size (kbytes): 0
	Average stack size (kbytes): 0
	Average total size (kbytes): 0
	Maximum resident set size (kbytes): 912628
	Average resident set size (kbytes): 0
	Major (requiring I/O) page faults: 3
	Minor (reclaiming a frame) page faults: 1097114
	Voluntary context switches: 2280
	Involuntary context switches: 77
	Swaps: 0
	File system inputs: 0
	File system outputs: 40280
	Socket messages sent: 0
	Socket messages received: 0
	Signals delivered: 0
	Page size (bytes): 4096
	Exit status: 0
