	Command being timed: "python /ceph.groups/mshahbazi.grp/rsakata/EXP58/code/setA_T3/cytoseg.py"
	User time (seconds): 82.35
	System time (seconds): 2.10
	Percent of CPU this job got: 97%
	Elapsed (wall clock) time (h:mm:ss or m:ss): 1:27.02
	Average shared text size (kbytes): 0
	Average unshared data size (kbytes): 0
	Average stack size (kbytes): 0
	Average total size (kbytes): 0
	Maximum resident set size (kbytes): 1395080
	Average resident set size (kbytes): 0
	Major (requiring I/O) page faults: 402
	Minor (reclaiming a frame) page faults: 1583433
	Voluntary context switches: 3368
	Involuntary context switches: 101
	Swaps: 0
	File system inputs: 98896
	File system outputs: 63624
	Socket messages sent: 0
	Socket messages received: 0
	Signals delivered: 0
	Page size (bytes): 4096
	Exit status: 0
