	Command being timed: "python /ceph.groups/mshahbazi.grp/rsakata/EXP58/code/setA_T3/cellpose_batch.py"
	User time (seconds): 83.72
	System time (seconds): 7.74
	Percent of CPU this job got: 96%
	Elapsed (wall clock) time (h:mm:ss or m:ss): 1:34.63
	Average shared text size (kbytes): 0
	Average unshared data size (kbytes): 0
	Average stack size (kbytes): 0
	Average total size (kbytes): 0
	Maximum resident set size (kbytes): 3888188
	Average resident set size (kbytes): 0
	Major (requiring I/O) page faults: 16
	Minor (reclaiming a frame) page faults: 3324429
	Voluntary context switches: 17226
	Involuntary context switches: 744
	Swaps: 0
	File system inputs: 2048
	File system outputs: 688
	Socket messages sent: 0
	Socket messages received: 0
	Signals delivered: 0
	Page size (bytes): 4096
	Exit status: 0
