	Command being timed: "python /ceph.groups/mshahbazi.grp/rsakata/EXP58/code/setA_T3/cellpose_batch.py"
	User time (seconds): 158.53
	System time (seconds): 13.06
	Percent of CPU this job got: 102%
	Elapsed (wall clock) time (h:mm:ss or m:ss): 2:47.12
	Average shared text size (kbytes): 0
	Average unshared data size (kbytes): 0
	Average stack size (kbytes): 0
	Average total size (kbytes): 0
	Maximum resident set size (kbytes): 4701832
	Average resident set size (kbytes): 0
	Major (requiring I/O) page faults: 35
	Minor (reclaiming a frame) page faults: 4980046
	Voluntary context switches: 24095
	Involuntary context switches: 1142
	Swaps: 0
	File system inputs: 1456
	File system outputs: 992
	Socket messages sent: 0
	Socket messages received: 0
	Signals delivered: 0
	Page size (bytes): 4096
	Exit status: 0
