	Command being timed: "python /ceph.groups/mshahbazi.grp/rsakata/EXP63/code/setB_T3/cellpose_batch.py"
	User time (seconds): 14.10
	System time (seconds): 4.22
	Percent of CPU this job got: 92%
	Elapsed (wall clock) time (h:mm:ss or m:ss): 0:19.77
	Average shared text size (kbytes): 0
	Average unshared data size (kbytes): 0
	Average stack size (kbytes): 0
	Average total size (kbytes): 0
	Maximum resident set size (kbytes): 2100572
	Average resident set size (kbytes): 0
	Major (requiring I/O) page faults: 9
	Minor (reclaiming a frame) page faults: 1083996
	Voluntary context switches: 9876
	Involuntary context switches: 216
	Swaps: 0
	File system inputs: 1872
	File system outputs: 1168
	Socket messages sent: 0
	Socket messages received: 0
	Signals delivered: 0
	Page size (bytes): 4096
	Exit status: 0
