lmbwide.profile complete
Job 6383461 on fmg102.lmb.internal
Python 3.11.13
/lmb/home/rsakata/anaconda3/envs/cellpose_env/bin/python
CUDA available: True
Torch CUDA runtime: 12.8
Visible GPUs: 0
Tue Apr 14 21:30:11 2026       
+-----------------------------------------------------------------------------------------+
| NVIDIA-SMI 595.58.03              Driver Version: 595.58.03      CUDA Version: 13.2     |
+-----------------------------------------+------------------------+----------------------+
| GPU  Name                 Persistence-M | Bus-Id          Disp.A | Volatile Uncorr. ECC |
| Fan  Temp   Perf          Pwr:Usage/Cap |           Memory-Usage | GPU-Util  Compute M. |
|                                         |                        |               MIG M. |
|=========================================+========================+======================|
|   0  NVIDIA A100-SXM4-40GB          Off |   00000000:8D:00.0 Off |                    0 |
| N/A   24C    P0             50W /  400W |       0MiB /  40960MiB |      0%      Default |
|                                         |                        |             Disabled |
+-----------------------------------------+------------------------+----------------------+

+-----------------------------------------------------------------------------------------+
| Processes:                                                                              |
|  GPU   GI   CI              PID   Type   Process name                        GPU Memory |
|        ID   ID                                                               Usage      |
|=========================================================================================|
|  No running processes found                                                             |
+-----------------------------------------------------------------------------------------+
Found 41 TIFs.
[array] task 25: /ceph.groups/mshahbazi.grp/rsakata/EXP63/LIF2TIF/setB_T3/EXP63_setB_T3_DAPI_phalloidin_GFP_ECAD_caspase3_serie_21 - 10_1-2.tif

=== Processing: EXP63_setB_T3_DAPI_phalloidin_GFP_ECAD_caspase3_serie_21 - 10_1-2.tif ===
  Saved mask: /ceph.groups/mshahbazi.grp/rsakata/EXP63/output/setB_T3/2_cytoseg/EXP63_setB_T3_DAPI_phalloidin_GFP_ECAD_caspase3_serie_21 - 10_1-2_mask.tif  (voxels=771746)
  Saved QC: /ceph.groups/mshahbazi.grp/rsakata/EXP63/output/setB_T3/2_cytoseg/EXP63_setB_T3_DAPI_phalloidin_GFP_ECAD_caspase3_serie_21 - 10_1-2_qc.png

Done in 6.7s
