lmbwide.profile complete
Job 6636134 on fmg101.lmb.internal
Python 3.11.13
/lmb/home/rsakata/anaconda3/envs/cellpose_env/bin/python
CUDA available: True
Torch CUDA runtime: 12.8
Visible GPUs: 0,1,2,3
Mon Aug 10 14:54:31 2026       
+-----------------------------------------------------------------------------------------+
| NVIDIA-SMI 610.57.04              KMD Version: 610.57.04     CUDA UMD Version: 13.3     |
+-----------------------------------------+------------------------+----------------------+
| GPU  Name                 Persistence-M | Bus-Id          Disp.A | Volatile Uncorr. ECC |
| Fan  Temp   Perf          Pwr:Usage/Cap |           Memory-Usage | GPU-Util  Compute M. |
|                                         |                        |               MIG M. |
|=========================================+========================+======================|
|   0  NVIDIA A100-SXM4-40GB          Off |   00000000:47:00.0 Off |                    0 |
| N/A   28C    P0             54W /  400W |       0MiB /  40960MiB |      0%      Default |
|                                         |                        |             Disabled |
+-----------------------------------------+------------------------+----------------------+
|   1  NVIDIA A100-SXM4-40GB          Off |   00000000:87:00.0 Off |                    0 |
| N/A   30C    P0             52W /  400W |       0MiB /  40960MiB |      0%      Default |
|                                         |                        |             Disabled |
+-----------------------------------------+------------------------+----------------------+
|   2  NVIDIA A100-SXM4-40GB          Off |   00000000:8D:00.0 Off |                    0 |
| N/A   29C    P0             54W /  400W |       0MiB /  40960MiB |      0%      Default |
|                                         |                        |             Disabled |
+-----------------------------------------+------------------------+----------------------+
|   3  NVIDIA A100-SXM4-40GB          Off |   00000000:CA:00.0 Off |                    0 |
| N/A   39C    P0             61W /  400W |       0MiB /  40960MiB |      0%      Default |
|                                         |                        |             Disabled |
+-----------------------------------------+------------------------+----------------------+

+-----------------------------------------------------------------------------------------+
| Processes:                                                                              |
|  GPU   GI   CI              PID   Type   Process name                        GPU Memory |
|        ID   ID                                                               Usage      |
|=========================================================================================|
|  No running processes found                                                             |
+-----------------------------------------------------------------------------------------+


Welcome to CellposeSAM, cellpose v
cellpose version: 	4.0.6 
platform:       	linux 
python version: 	3.11.13 
torch version:  	2.8.0+cu128! The neural network component of
CPSAM is much larger than in previous versions and CPU excution is slow. 
We encourage users to use GPU/MPS if available. 


GPU available to Cellpose: True
Found 38 TIFs
[array] task 0: /ceph.groups/mshahbazi.grp/rsakata/EXP93/LIF2TIF/setA/EXP93_setA_siKD_DAPI_GATA3_NANOG_ECAD_serie_1 - 1_1.tif

== EXP93_setA_siKD_DAPI_GATA3_NANOG_ECAD_serie_1 - 1_1.tif → 1_1
EXP93_setA_siKD_DAPI_GATA3_NANOG_ECAD_serie_1 - 1_1.tif: (119, 4, 512, 512) [ZCYX] -> (119, 4, 512, 512) (Z,C,Y,X)
Objects: 400
Saved: /ceph.groups/mshahbazi.grp/rsakata/EXP93/cellpose/output/setA/1_cellpose/1_1_nucleus_intensity.csv
Saved: /ceph.groups/mshahbazi.grp/rsakata/EXP93/cellpose/output/setA/1_cellpose/1_1_mosaic_Image1_a-b.png

All done in 173.8s
