	Command being timed: "python /ceph.groups/mshahbazi.grp/rsakata/EXP62/code/setA_T2/cytointensity.py"
	User time (seconds): 0.97
	System time (seconds): 0.91
	Percent of CPU this job got: 30%
	Elapsed (wall clock) time (h:mm:ss or m:ss): 0:06.22
	Average shared text size (kbytes): 0
	Average unshared data size (kbytes): 0
	Average stack size (kbytes): 0
	Average total size (kbytes): 0
	Maximum resident set size (kbytes): 216324
	Average resident set size (kbytes): 0
	Major (requiring I/O) page faults: 219
	Minor (reclaiming a frame) page faults: 151786
	Voluntary context switches: 7325
	Involuntary context switches: 10
	Swaps: 0
	File system inputs: 22632
	File system outputs: 32
	Socket messages sent: 0
	Socket messages received: 0
	Signals delivered: 0
	Page size (bytes): 4096
	Exit status: 0
