	Command being timed: "python /ceph.groups/mshahbazi.grp/rsakata/EXP62/code/setA_T2/cellpose_batch.py"
	User time (seconds): 62.27
	System time (seconds): 4.36
	Percent of CPU this job got: 86%
	Elapsed (wall clock) time (h:mm:ss or m:ss): 1:16.77
	Average shared text size (kbytes): 0
	Average unshared data size (kbytes): 0
	Average stack size (kbytes): 0
	Average total size (kbytes): 0
	Maximum resident set size (kbytes): 2763848
	Average resident set size (kbytes): 0
	Major (requiring I/O) page faults: 1837
	Minor (reclaiming a frame) page faults: 2558474
	Voluntary context switches: 16584
	Involuntary context switches: 150
	Swaps: 0
	File system inputs: 832472
	File system outputs: 840
	Socket messages sent: 0
	Socket messages received: 0
	Signals delivered: 0
	Page size (bytes): 4096
	Exit status: 0
