	Command being timed: "python /ceph.groups/mshahbazi.grp/rsakata/EXP62/code/setA_T2/cellpose_batch.py"
	User time (seconds): 12.99
	System time (seconds): 2.91
	Percent of CPU this job got: 60%
	Elapsed (wall clock) time (h:mm:ss or m:ss): 0:26.33
	Average shared text size (kbytes): 0
	Average unshared data size (kbytes): 0
	Average stack size (kbytes): 0
	Average total size (kbytes): 0
	Maximum resident set size (kbytes): 2095632
	Average resident set size (kbytes): 0
	Major (requiring I/O) page faults: 2570
	Minor (reclaiming a frame) page faults: 856092
	Voluntary context switches: 17900
	Involuntary context switches: 87
	Swaps: 0
	File system inputs: 761584
	File system outputs: 696
	Socket messages sent: 0
	Socket messages received: 0
	Signals delivered: 0
	Page size (bytes): 4096
	Exit status: 0
