	Command being timed: "python /ceph.groups/mshahbazi.grp/rsakata/EXP62/code/setA_T2/cellpose_batch.py"
	User time (seconds): 12.22
	System time (seconds): 2.96
	Percent of CPU this job got: 82%
	Elapsed (wall clock) time (h:mm:ss or m:ss): 0:18.50
	Average shared text size (kbytes): 0
	Average unshared data size (kbytes): 0
	Average stack size (kbytes): 0
	Average total size (kbytes): 0
	Maximum resident set size (kbytes): 2095800
	Average resident set size (kbytes): 0
	Major (requiring I/O) page faults: 1671
	Minor (reclaiming a frame) page faults: 773556
	Voluntary context switches: 14766
	Involuntary context switches: 147
	Swaps: 0
	File system inputs: 1120408
	File system outputs: 480
	Socket messages sent: 0
	Socket messages received: 0
	Signals delivered: 0
	Page size (bytes): 4096
	Exit status: 0
