	Command being timed: "python /ceph.groups/mshahbazi.grp/rsakata/EXP62/code/setA_T2/cytoseg.py"
	User time (seconds): 19.10
	System time (seconds): 0.57
	Percent of CPU this job got: 97%
	Elapsed (wall clock) time (h:mm:ss or m:ss): 0:20.08
	Average shared text size (kbytes): 0
	Average unshared data size (kbytes): 0
	Average stack size (kbytes): 0
	Average total size (kbytes): 0
	Maximum resident set size (kbytes): 422740
	Average resident set size (kbytes): 0
	Major (requiring I/O) page faults: 1
	Minor (reclaiming a frame) page faults: 243406
	Voluntary context switches: 2234
	Involuntary context switches: 40
	Swaps: 0
	File system inputs: 0
	File system outputs: 14928
	Socket messages sent: 0
	Socket messages received: 0
	Signals delivered: 0
	Page size (bytes): 4096
	Exit status: 0
