	Command being timed: "python /ceph.groups/mshahbazi.grp/rsakata/EXP62/code/setA_T2/cytoseg.py"
	User time (seconds): 13.53
	System time (seconds): 0.52
	Percent of CPU this job got: 96%
	Elapsed (wall clock) time (h:mm:ss or m:ss): 0:14.59
	Average shared text size (kbytes): 0
	Average unshared data size (kbytes): 0
	Average stack size (kbytes): 0
	Average total size (kbytes): 0
	Maximum resident set size (kbytes): 361804
	Average resident set size (kbytes): 0
	Major (requiring I/O) page faults: 253
	Minor (reclaiming a frame) page faults: 279110
	Voluntary context switches: 3152
	Involuntary context switches: 32
	Swaps: 0
	File system inputs: 24600
	File system outputs: 10392
	Socket messages sent: 0
	Socket messages received: 0
	Signals delivered: 0
	Page size (bytes): 4096
	Exit status: 0
