lmbwide.profile complete
Job 6628999 on fmg103.lmb.internal
Python 3.11.13
/lmb/home/rsakata/anaconda3/envs/cellpose_env/bin/python
CUDA available: True
Torch CUDA runtime: 12.8
Visible GPUs: 0
Thu Aug  6 12:22:17 2026       
+-----------------------------------------------------------------------------------------+
| NVIDIA-SMI 610.57.04              KMD Version: 610.57.04     CUDA UMD Version: 13.3     |
+-----------------------------------------+------------------------+----------------------+
| GPU  Name                 Persistence-M | Bus-Id          Disp.A | Volatile Uncorr. ECC |
| Fan  Temp   Perf          Pwr:Usage/Cap |           Memory-Usage | GPU-Util  Compute M. |
|                                         |                        |               MIG M. |
|=========================================+========================+======================|
|   0  NVIDIA A100-SXM4-40GB          Off |   00000000:C6:00.0 Off |                    0 |
| N/A   25C    P0             52W /  400W |       0MiB /  40960MiB |      0%      Default |
|                                         |                        |             Disabled |
+-----------------------------------------+------------------------+----------------------+

+-----------------------------------------------------------------------------------------+
| Processes:                                                                              |
|  GPU   GI   CI              PID   Type   Process name                        GPU Memory |
|        ID   ID                                                               Usage      |
|=========================================================================================|
|  No running processes found                                                             |
+-----------------------------------------------------------------------------------------+


Welcome to CellposeSAM, cellpose v
cellpose version: 	4.0.6 
platform:       	linux 
python version: 	3.11.13 
torch version:  	2.8.0+cu128! The neural network component of
CPSAM is much larger than in previous versions and CPU excution is slow. 
We encourage users to use GPU/MPS if available. 


Initializing Cellpose model...
Model loaded. GPU: True
Found 3 TIFF files in /ceph.groups/mshahbazi.grp/rsakata/HE_Nondeveloping3/LIF2TIF
[array] task 0: /ceph.groups/mshahbazi.grp/rsakata/HE_Nondeveloping3/LIF2TIF/Nondeveloping_3__12072025_DAPI_GATA4_NANOG_GATA3_ECAD_serie_1 - MS950_Bd.tif

[1/1] Processing: MS950_Bd
  > Voxel size 0.3788 µm/px agrees with file metadata.
  > Axes from file axes metadata (ZCYX): (128, 5, 1024, 1024) -> (128, 5, 1024, 1024) (Z,C,Y,X)
  > Z=128, C=5, Y=1024, X=1024; pixel 0.3788 um; cell-mask min_size=70 px (= 10.0 um2); DAPI-mask min_size=70 px (= 10.0 um2)
  > Segmenting cell masks in 128 slices using ['ECAD', 'DAPI']...
  > 1186 slice-local cell masks across 96/128 slices
  > Segmenting DAPI masks in 128 slices using ['DAPI']...
  > 889 slice-local DAPI masks across 87/128 slices
  > Object area um2: p5=26 median=93 p95=228 (cutoff 10.0)
  > Mask-to-mask gap at candidate interfaces um: p10=0.00 median=0.00 p90=3.17 (MAX_PAIR_GAP_UM=1.0)
  > Finding interfaces, assigning DAPI masks, and sampling ribbons...
  > DAPI assignment: 716 cell masks assigned from 828 DAPI masks; 213 geometric pairs removed because one or both cells lacked a valid DAPI mask
  [QC] 10 DAPI-mask assignments involved cells with multiple candidate nuclei; the strongest-overlap nucleus was retained
  > 180 interfaces retained after geometry and mandatory DAPI-mask filtering (393 geometric; 713 candidates)
  [WARNING] 75% of candidate pairs were filtered out. Check the cell masks, DAPI masks, MIN_DAPI_CELL_OVERLAP_FRACTION (0.5), MAX_PAIR_GAP_UM (1.0 um), and MIN_INTERFACE_LENGTH_UM (1.0 um).
  [QC] ECAD peak vs geometric zero: median -0.50 µm, IQR -1.50 to +2.00 µm, n=180 (reported only, not applied)
  > Saved pair statistics: /ceph.groups/mshahbazi.grp/rsakata/HE_Nondeveloping3/output/cellpose_boundary3.2/MS950_Bd/MS950_Bd_pair_stats.csv (180 pairs)
  > Saved summary: /ceph.groups/mshahbazi.grp/rsakata/HE_Nondeveloping3/output/cellpose_boundary3.2/MS950_Bd/MS950_Bd_summary.csv
  > Saved profiles: /ceph.groups/mshahbazi.grp/rsakata/HE_Nondeveloping3/output/cellpose_boundary3.2/MS950_Bd/MS950_Bd_profiles.csv (18780 rows)

All done in 167.1 s
