lmbwide.profile complete
Job 6629059 on fmg103.lmb.internal
Python 3.11.13
/lmb/home/rsakata/anaconda3/envs/cellpose_env/bin/python
CUDA available: True
Torch CUDA runtime: 12.8
Visible GPUs: 0
Thu Aug  6 12:46:46 2026       
+-----------------------------------------------------------------------------------------+
| NVIDIA-SMI 610.57.04              KMD Version: 610.57.04     CUDA UMD Version: 13.3     |
+-----------------------------------------+------------------------+----------------------+
| GPU  Name                 Persistence-M | Bus-Id          Disp.A | Volatile Uncorr. ECC |
| Fan  Temp   Perf          Pwr:Usage/Cap |           Memory-Usage | GPU-Util  Compute M. |
|                                         |                        |               MIG M. |
|=========================================+========================+======================|
|   0  NVIDIA A100-SXM4-40GB          Off |   00000000:96:00.0 Off |                    0 |
| N/A   27C    P0             56W /  400W |       0MiB /  40960MiB |      0%      Default |
|                                         |                        |             Disabled |
+-----------------------------------------+------------------------+----------------------+

+-----------------------------------------------------------------------------------------+
| Processes:                                                                              |
|  GPU   GI   CI              PID   Type   Process name                        GPU Memory |
|        ID   ID                                                               Usage      |
|=========================================================================================|
|  No running processes found                                                             |
+-----------------------------------------------------------------------------------------+


Welcome to CellposeSAM, cellpose v
cellpose version: 	4.0.6 
platform:       	linux 
python version: 	3.11.13 
torch version:  	2.8.0+cu128! The neural network component of
CPSAM is much larger than in previous versions and CPU excution is slow. 
We encourage users to use GPU/MPS if available. 


Initializing Cellpose model...
Model loaded. GPU: True
Found 3 TIFF files in /ceph.groups/mshahbazi.grp/rsakata/HE_Nondeveloping3/LIF2TIF
[array] task 1: /ceph.groups/mshahbazi.grp/rsakata/HE_Nondeveloping3/LIF2TIF/Nondeveloping_3__12072025_DAPI_GATA4_NANOG_GATA3_ECAD_serie_2 - MS966_Bd.tif

[1/1] Processing: MS966_Bd
  [Skip] Completed previously: /ceph.groups/mshahbazi.grp/rsakata/HE_Nondeveloping3/output/cellpose_boundary3.2/MS966_Bd/MS966_Bd.complete

All done in 0.1 s
