lmbwide.profile complete
Job 6184518 on fmg101.lmb.internal
Python 3.11.13
/lmb/home/rsakata/anaconda3/envs/cellpose_env/bin/python
CUDA available: True
Torch CUDA runtime: 12.8
Visible GPUs: 0
Sat Jan 17 12:44:41 2026       
+---------------------------------------------------------------------------------------+
| NVIDIA-SMI 535.86.10              Driver Version: 535.86.10    CUDA Version: 12.2     |
|-----------------------------------------+----------------------+----------------------+
| GPU  Name                 Persistence-M | Bus-Id        Disp.A | Volatile Uncorr. ECC |
| Fan  Temp   Perf          Pwr:Usage/Cap |         Memory-Usage | GPU-Util  Compute M. |
|                                         |                      |               MIG M. |
|=========================================+======================+======================|
|   0  NVIDIA A100-SXM4-40GB          On  | 00000000:0A:00.0 Off |                    0 |
| N/A   25C    P0              53W / 400W |      4MiB / 40960MiB |      0%      Default |
|                                         |                      |             Disabled |
+-----------------------------------------+----------------------+----------------------+
                                                                                         
+---------------------------------------------------------------------------------------+
| Processes:                                                                            |
|  GPU   GI   CI        PID   Type   Process name                            GPU Memory |
|        ID   ID                                                             Usage      |
|=======================================================================================|
|  No running processes found                                                           |
+---------------------------------------------------------------------------------------+


Welcome to CellposeSAM, cellpose v
cellpose version: 	4.0.6 
platform:       	linux 
python version: 	3.11.13 
torch version:  	2.8.0+cu128! The neural network component of
CPSAM is much larger than in previous versions and CPU excution is slow. 
We encourage users to use GPU/MPS if available. 


GPU available to Cellpose: True
Found 3 TIFs
[array] task 0: /ceph.groups/mshahbazi.grp/rsakata/HE_Nondeveloping3/LIF2TIF/Nondeveloping_3__12072025_DAPI_GATA4_NANOG_GATA3_ECAD_serie_1 - MS950_Bd.tif

== Nondeveloping_3__12072025_DAPI_GATA4_NANOG_GATA3_ECAD_serie_1 - MS950_Bd.tif → MS950_Bd
Reordered (128, 5, 1024, 1024) -> (128, 5, 1024, 1024) (Z,C,Y,X)
Objects: 79
Saved: /ceph.groups/mshahbazi.grp/rsakata/HE_Nondeveloping3/output/cellpose_intensities/MS950_Bd_nucleus_intensity.csv
Saved: /ceph.groups/mshahbazi.grp/rsakata/HE_Nondeveloping3/output/cellpose_intensities/MS950_Bd_mosaic_Image1_a-b.png

All done in 1067.5s
