	Command being timed: "python /ceph.groups/mshahbazi.grp/rsakata/HE_Nondeveloping3/code/cellpose_batch.py"
	User time (seconds): 786.04
	System time (seconds): 60.25
	Percent of CPU this job got: 102%
	Elapsed (wall clock) time (h:mm:ss or m:ss): 13:48.20
	Average shared text size (kbytes): 0
	Average unshared data size (kbytes): 0
	Average stack size (kbytes): 0
	Average total size (kbytes): 0
	Maximum resident set size (kbytes): 28896896
	Average resident set size (kbytes): 0
	Major (requiring I/O) page faults: 16
	Minor (reclaiming a frame) page faults: 60071360
	Voluntary context switches: 48077
	Involuntary context switches: 8091034
	Swaps: 0
	File system inputs: 1960
	File system outputs: 1312
	Socket messages sent: 0
	Socket messages received: 0
	Signals delivered: 0
	Page size (bytes): 4096
	Exit status: 0
