lmbwide.profile complete
Job 6184586 on fmg102.lmb.internal
Python 3.11.13
/lmb/home/rsakata/anaconda3/envs/cellpose_env/bin/python
CUDA available: True
Torch CUDA runtime: 12.8
Visible GPUs: 0
Sat Jan 17 13:45:13 2026       
+---------------------------------------------------------------------------------------+
| NVIDIA-SMI 535.86.10              Driver Version: 535.86.10    CUDA Version: 12.2     |
|-----------------------------------------+----------------------+----------------------+
| GPU  Name                 Persistence-M | Bus-Id        Disp.A | Volatile Uncorr. ECC |
| Fan  Temp   Perf          Pwr:Usage/Cap |         Memory-Usage | GPU-Util  Compute M. |
|                                         |                      |               MIG M. |
|=========================================+======================+======================|
|   0  NVIDIA A100-SXM4-40GB          Off | 00000000:47:00.0 Off |                    0 |
| N/A   20C    P0              50W / 400W |      4MiB / 40960MiB |      0%      Default |
|                                         |                      |             Disabled |
+-----------------------------------------+----------------------+----------------------+
                                                                                         
+---------------------------------------------------------------------------------------+
| Processes:                                                                            |
|  GPU   GI   CI        PID   Type   Process name                            GPU Memory |
|        ID   ID                                                             Usage      |
|=======================================================================================|
|  No running processes found                                                           |
+---------------------------------------------------------------------------------------+
Found 3 TIFs.
[array] task 2: /ceph.groups/mshahbazi.grp/rsakata/HE_Nondeveloping3/LIF2TIF/Nondeveloping_3__12072025_DAPI_GATA4_NANOG_GATA3_ECAD_serie_3 - MS1206_Gd.tif

=== Processing: Nondeveloping_3__12072025_DAPI_GATA4_NANOG_GATA3_ECAD_serie_3 - MS1206_Gd.tif ===
 shape :  (218, 5, 1024, 1024).
  Saved mask: /ceph.groups/mshahbazi.grp/rsakata/HE_Nondeveloping3/output/cyto_mask/Nondeveloping_3__12072025_DAPI_GATA4_NANOG_GATA3_ECAD_serie_3 - MS1206_Gd_mask.tif  (voxels=10779541)
  Saved QC: /ceph.groups/mshahbazi.grp/rsakata/HE_Nondeveloping3/output/cyto_mask/Nondeveloping_3__12072025_DAPI_GATA4_NANOG_GATA3_ECAD_serie_3 - MS1206_Gd_qc.png

Done in 591.6s
