lmbwide.profile complete
Job 6184585 on fmg101.lmb.internal
Python 3.11.13
/lmb/home/rsakata/anaconda3/envs/cellpose_env/bin/python
CUDA available: True
Torch CUDA runtime: 12.8
Visible GPUs: 0
Sat Jan 17 13:45:12 2026       
+---------------------------------------------------------------------------------------+
| NVIDIA-SMI 535.86.10              Driver Version: 535.86.10    CUDA Version: 12.2     |
|-----------------------------------------+----------------------+----------------------+
| GPU  Name                 Persistence-M | Bus-Id        Disp.A | Volatile Uncorr. ECC |
| Fan  Temp   Perf          Pwr:Usage/Cap |         Memory-Usage | GPU-Util  Compute M. |
|                                         |                      |               MIG M. |
|=========================================+======================+======================|
|   0  NVIDIA A100-SXM4-40GB          On  | 00000000:CA:00.0 Off |                    0 |
| N/A   28C    P0              55W / 400W |      4MiB / 40960MiB |      0%      Default |
|                                         |                      |             Disabled |
+-----------------------------------------+----------------------+----------------------+
                                                                                         
+---------------------------------------------------------------------------------------+
| Processes:                                                                            |
|  GPU   GI   CI        PID   Type   Process name                            GPU Memory |
|        ID   ID                                                             Usage      |
|=======================================================================================|
|  No running processes found                                                           |
+---------------------------------------------------------------------------------------+
Found 3 TIFs.
[array] task 1: /ceph.groups/mshahbazi.grp/rsakata/HE_Nondeveloping3/LIF2TIF/Nondeveloping_3__12072025_DAPI_GATA4_NANOG_GATA3_ECAD_serie_2 - MS966_Bd.tif

=== Processing: Nondeveloping_3__12072025_DAPI_GATA4_NANOG_GATA3_ECAD_serie_2 - MS966_Bd.tif ===
 shape :  (115, 5, 1024, 1024).
  Saved mask: /ceph.groups/mshahbazi.grp/rsakata/HE_Nondeveloping3/output/cyto_mask/Nondeveloping_3__12072025_DAPI_GATA4_NANOG_GATA3_ECAD_serie_2 - MS966_Bd_mask.tif  (voxels=3521145)
  Saved QC: /ceph.groups/mshahbazi.grp/rsakata/HE_Nondeveloping3/output/cyto_mask/Nondeveloping_3__12072025_DAPI_GATA4_NANOG_GATA3_ECAD_serie_2 - MS966_Bd_qc.png

Done in 314.4s
