	Command being timed: "python /ceph.groups/mshahbazi.grp/rsakata/EXP94/all/cellpose/code/cytoseg.py"
	User time (seconds): 15.23
	System time (seconds): 0.19
	Percent of CPU this job got: 92%
	Elapsed (wall clock) time (h:mm:ss or m:ss): 0:16.63
	Average shared text size (kbytes): 0
	Average unshared data size (kbytes): 0
	Average stack size (kbytes): 0
	Average total size (kbytes): 0
	Maximum resident set size (kbytes): 325864
	Average resident set size (kbytes): 0
	Major (requiring I/O) page faults: 343
	Minor (reclaiming a frame) page faults: 39681
	Voluntary context switches: 3446
	Involuntary context switches: 175
	Swaps: 0
	File system inputs: 45112
	File system outputs: 10672
	Socket messages sent: 0
	Socket messages received: 0
	Signals delivered: 0
	Page size (bytes): 4096
	Exit status: 0
