	Command being timed: "python /ceph.groups/mshahbazi.grp/rsakata/EXP58/code/setB_T3/cellpose_batch.py"
	User time (seconds): 176.68
	System time (seconds): 15.08
	Percent of CPU this job got: 103%
	Elapsed (wall clock) time (h:mm:ss or m:ss): 3:05.27
	Average shared text size (kbytes): 0
	Average unshared data size (kbytes): 0
	Average stack size (kbytes): 0
	Average total size (kbytes): 0
	Maximum resident set size (kbytes): 5234688
	Average resident set size (kbytes): 0
	Major (requiring I/O) page faults: 11
	Minor (reclaiming a frame) page faults: 5941908
	Voluntary context switches: 32917
	Involuntary context switches: 62947
	Swaps: 0
	File system inputs: 1040
	File system outputs: 1336
	Socket messages sent: 0
	Socket messages received: 0
	Signals delivered: 0
	Page size (bytes): 4096
	Exit status: 0
