	Command being timed: "python /ceph.groups/mshahbazi.grp/rsakata/EXP58/code/setB_T3/cellpose_batch.py"
	User time (seconds): 73.29
	System time (seconds): 6.29
	Percent of CPU this job got: 99%
	Elapsed (wall clock) time (h:mm:ss or m:ss): 1:20.05
	Average shared text size (kbytes): 0
	Average unshared data size (kbytes): 0
	Average stack size (kbytes): 0
	Average total size (kbytes): 0
	Maximum resident set size (kbytes): 3052620
	Average resident set size (kbytes): 0
	Major (requiring I/O) page faults: 0
	Minor (reclaiming a frame) page faults: 2318307
	Voluntary context switches: 11093
	Involuntary context switches: 367
	Swaps: 0
	File system inputs: 0
	File system outputs: 2728
	Socket messages sent: 0
	Socket messages received: 0
	Signals delivered: 0
	Page size (bytes): 4096
	Exit status: 0
