	Command being timed: "python /ceph.groups/mshahbazi.grp/rsakata/EXP58/code/setB_T3/cellpose_batch.py"
	User time (seconds): 119.06
	System time (seconds): 13.31
	Percent of CPU this job got: 103%
	Elapsed (wall clock) time (h:mm:ss or m:ss): 2:07.41
	Average shared text size (kbytes): 0
	Average unshared data size (kbytes): 0
	Average stack size (kbytes): 0
	Average total size (kbytes): 0
	Maximum resident set size (kbytes): 4522336
	Average resident set size (kbytes): 0
	Major (requiring I/O) page faults: 16
	Minor (reclaiming a frame) page faults: 4996204
	Voluntary context switches: 27162
	Involuntary context switches: 96845
	Swaps: 0
	File system inputs: 2304
	File system outputs: 1872
	Socket messages sent: 0
	Socket messages received: 0
	Signals delivered: 0
	Page size (bytes): 4096
	Exit status: 0
