	Command being timed: "python /ceph.groups/mshahbazi.grp/rsakata/EXP58/code/setB_T3/cellpose_batch.py"
	User time (seconds): 68.43
	System time (seconds): 5.63
	Percent of CPU this job got: 99%
	Elapsed (wall clock) time (h:mm:ss or m:ss): 1:14.58
	Average shared text size (kbytes): 0
	Average unshared data size (kbytes): 0
	Average stack size (kbytes): 0
	Average total size (kbytes): 0
	Maximum resident set size (kbytes): 2981300
	Average resident set size (kbytes): 0
	Major (requiring I/O) page faults: 12
	Minor (reclaiming a frame) page faults: 1784327
	Voluntary context switches: 11027
	Involuntary context switches: 356
	Swaps: 0
	File system inputs: 2304
	File system outputs: 1968
	Socket messages sent: 0
	Socket messages received: 0
	Signals delivered: 0
	Page size (bytes): 4096
	Exit status: 0
