lmbwide.profile complete
Job 6167534 on fmg101.lmb.internal
Python 3.11.13
/lmb/home/rsakata/anaconda3/envs/cellpose_env/bin/python
CUDA available: True
Torch CUDA runtime: 12.8
Visible GPUs: 0
Tue Jan 13 21:11:02 2026       
+---------------------------------------------------------------------------------------+
| NVIDIA-SMI 535.86.10              Driver Version: 535.86.10    CUDA Version: 12.2     |
|-----------------------------------------+----------------------+----------------------+
| GPU  Name                 Persistence-M | Bus-Id        Disp.A | Volatile Uncorr. ECC |
| Fan  Temp   Perf          Pwr:Usage/Cap |         Memory-Usage | GPU-Util  Compute M. |
|                                         |                      |               MIG M. |
|=========================================+======================+======================|
|   0  NVIDIA A100-SXM4-40GB          On  | 00000000:07:00.0 Off |                    0 |
| N/A   32C    P0              56W / 400W |      4MiB / 40960MiB |      0%      Default |
|                                         |                      |             Disabled |
+-----------------------------------------+----------------------+----------------------+
                                                                                         
+---------------------------------------------------------------------------------------+
| Processes:                                                                            |
|  GPU   GI   CI        PID   Type   Process name                            GPU Memory |
|        ID   ID                                                             Usage      |
|=======================================================================================|
|  No running processes found                                                           |
+---------------------------------------------------------------------------------------+


Welcome to CellposeSAM, cellpose v
cellpose version: 	4.0.6 
platform:       	linux 
python version: 	3.11.13 
torch version:  	2.8.0+cu128! The neural network component of
CPSAM is much larger than in previous versions and CPU excution is slow. 
We encourage users to use GPU/MPS if available. 


Imports complete
Initializing Cellpose model...
Model loaded. GPU: True
Found 55 files to process in /ceph.groups/mshahbazi.grp/rsakata/EXP58/LIF2TIF/setB_T3/LIF2TIF

[1/55] Processing: 5_1
  > Segmenting 79 slices...
  > Detected 60 objects.
  > Finding neighbors...
  > Extracting profiles...
  > Generating summary plots...

[2/55] Processing: 5_2
  > Segmenting 97 slices...
  > Detected 38 objects.
  > Finding neighbors...
  > Extracting profiles...
  > Generating summary plots...

[3/55] Processing: 5_3-1
  > Segmenting 113 slices...
  > Detected 51 objects.
  > Finding neighbors...
  > Extracting profiles...
  > Generating summary plots...

[4/55] Processing: 5_4
  > Segmenting 72 slices...
  > Detected 73 objects.
  > Finding neighbors...
  > Extracting profiles...
  > Generating summary plots...

[5/55] Processing: 6_1
  > Segmenting 27 slices...
  > Detected 82 objects.
  > Finding neighbors...
  > Extracting profiles...
  > Generating summary plots...

[6/55] Processing: 6_2-1
!!! Error processing 6_2-1: 'Y'

[7/55] Processing: 6_2-2
!!! Error processing 6_2-2: 'Y'

[8/55] Processing: 6_3
  > Segmenting 28 slices...
  > Detected 78 objects.
  > Finding neighbors...
  > Extracting profiles...
  > Generating summary plots...

[9/55] Processing: 6_4-1
!!! Error processing 6_4-1: 'Y'

[10/55] Processing: 6_4-2
!!! Error processing 6_4-2: 'Y'

[11/55] Processing: 6_5-1
!!! Error processing 6_5-1: 'Y'

[12/55] Processing: 6_5-2
!!! Error processing 6_5-2: 'Y'

[13/55] Processing: 6_6-1
  [Skip] Output exists in: /ceph.groups/mshahbazi.grp/rsakata/EXP58/output/setB_T3/cellpose_boundary/6_6-1

[14/55] Processing: 7_7
  > Segmenting 107 slices...
  > Detected 84 objects.
  > Finding neighbors...
  > Extracting profiles...
  > Generating summary plots...

[15/55] Processing: 7_8-1
  > Segmenting 96 slices...
  > Detected 48 objects.
  > Finding neighbors...
  > Extracting profiles...
  > Generating summary plots...

[16/55] Processing: 7_9
  > Segmenting 65 slices...
  > Detected 54 objects.
  > Finding neighbors...
  > Extracting profiles...
  > Generating summary plots...

[17/55] Processing: 7_10
  > Segmenting 91 slices...
  > Detected 70 objects.
  > Finding neighbors...
  > Extracting profiles...
  > Generating summary plots...

[18/55] Processing: 7_11-1
  > Segmenting 78 slices...
  > Detected 96 objects.
  > Finding neighbors...
  > Extracting profiles...
  > Generating summary plots...

[19/55] Processing: 8_1-1
!!! Error processing 8_1-1: 'Y'

[20/55] Processing: 8_1-2
!!! Error processing 8_1-2: 'Y'

[21/55] Processing: 8_1-3
!!! Error processing 8_1-3: 'Y'

[22/55] Processing: 8_2-1
!!! Error processing 8_2-1: 'Y'

[23/55] Processing: 8_2-2
!!! Error processing 8_2-2: 'X'

[24/55] Processing: 8_3-1
!!! Error processing 8_3-1: 'Y'

[25/55] Processing: 8_3-2
!!! Error processing 8_3-2: 'Y'

[26/55] Processing: 8_4-1
!!! Error processing 8_4-1: 'Y'

[27/55] Processing: 8_4-2
!!! Error processing 8_4-2: 'Y'

[28/55] Processing: 8_4-3
!!! Error processing 8_4-3: 'Y'

[29/55] Processing: 8_5-1
!!! Error processing 8_5-1: 'Y'

[30/55] Processing: 8_5-2
!!! Error processing 8_5-2: 'Y'

[31/55] Processing: 8_6-1
!!! Error processing 8_6-1: 'Y'

[32/55] Processing: 8_6-2
!!! Error processing 8_6-2: 'Y'

[33/55] Processing: 12_1-1
!!! Error processing 12_1-1: 'Y'

[34/55] Processing: 12_1-2
!!! Error processing 12_1-2: 'Y'

[35/55] Processing: 12_2-1
!!! Error processing 12_2-1: 'Y'

[36/55] Processing: 12_2-2
!!! Error processing 12_2-2: 'Y'

[37/55] Processing: 12_3-1
!!! Error processing 12_3-1: 'X'

[38/55] Processing: 12_3-2
!!! Error processing 12_3-2: 'Y'

[39/55] Processing: 12_4
  > Segmenting 31 slices...
  > Detected 94 objects.
  > Finding neighbors...
  > Extracting profiles...
  > Generating summary plots...

[40/55] Processing: 12_5
  > Segmenting 30 slices...
  > Detected 61 objects.
  > Finding neighbors...
  > Extracting profiles...
  > Generating summary plots...

[41/55] Processing: 12_6
  > Segmenting 36 slices...
  > Detected 75 objects.
  > Finding neighbors...
  > Extracting profiles...
  > Generating summary plots...

[42/55] Processing: 10_1
  > Segmenting 32 slices...
  > Detected 92 objects.
  > Finding neighbors...
  > Extracting profiles...
  > Generating summary plots...

[43/55] Processing: 10_2
  > Segmenting 43 slices...
  > Detected 101 objects.
  > Finding neighbors...
  > Extracting profiles...
  > Generating summary plots...

[44/55] Processing: 10_3
  [Skip] Output exists in: /ceph.groups/mshahbazi.grp/rsakata/EXP58/output/setB_T3/cellpose_boundary/10_3

[45/55] Processing: 10_4-1
!!! Error processing 10_4-1: 'Y'

[46/55] Processing: 10_4-2
!!! Error processing 10_4-2: 'Y'

[47/55] Processing: 10_5
  > Segmenting 30 slices...
  > Detected 112 objects.
  > Finding neighbors...
  > Extracting profiles...
  > Generating summary plots...

[48/55] Processing: 10_6
  > Segmenting 32 slices...
  > Detected 74 objects.
  > Finding neighbors...
  > Extracting profiles...
  > Generating summary plots...

[49/55] Processing: 10_7
  > Segmenting 41 slices...
  > Detected 111 objects.
  > Finding neighbors...
  > Extracting profiles...
  > Generating summary plots...

[50/55] Processing: 9_1
  > Segmenting 86 slices...
  > Detected 43 objects.
  > Finding neighbors...
  > Extracting profiles...
  > Generating summary plots...

[51/55] Processing: 9_2
  > Segmenting 87 slices...
  > Detected 25 objects.
  > Finding neighbors...
  > Extracting profiles...
  > Generating summary plots...

[52/55] Processing: 9_3
  > Segmenting 94 slices...
  > Detected 60 objects.
  > Finding neighbors...
  > Extracting profiles...
  > Generating summary plots...

[53/55] Processing: 9_4
  > Segmenting 85 slices...
  > Detected 52 objects.
  > Finding neighbors...
  > Extracting profiles...
  > Generating summary plots...

[54/55] Processing: 9_5
  > Segmenting 95 slices...
  > Detected 30 objects.
  > Finding neighbors...
  > Extracting profiles...
  > Generating summary plots...

[55/55] Processing: 9_6
  > Segmenting 97 slices...
  > Detected 27 objects.
  > Finding neighbors...
  > Extracting profiles...
  > Generating summary plots...

All done in 945.8s
