	Command being timed: "python /ceph.groups/mshahbazi.grp/rsakata/EXP63/code/setA_T3/cellpose_batch.py"
	User time (seconds): 214.60
	System time (seconds): 15.37
	Percent of CPU this job got: 98%
	Elapsed (wall clock) time (h:mm:ss or m:ss): 3:54.27
	Average shared text size (kbytes): 0
	Average unshared data size (kbytes): 0
	Average stack size (kbytes): 0
	Average total size (kbytes): 0
	Maximum resident set size (kbytes): 5699456
	Average resident set size (kbytes): 0
	Major (requiring I/O) page faults: 1816
	Minor (reclaiming a frame) page faults: 7869338
	Voluntary context switches: 28128
	Involuntary context switches: 767764
	Swaps: 0
	File system inputs: 297064
	File system outputs: 2232
	Socket messages sent: 0
	Socket messages received: 0
	Signals delivered: 0
	Page size (bytes): 4096
	Exit status: 0
