	Command being timed: "python /ceph.groups/mshahbazi.grp/rsakata/EXP63/code/setA_T3/cellpose_batch.py"
	User time (seconds): 157.54
	System time (seconds): 10.06
	Percent of CPU this job got: 95%
	Elapsed (wall clock) time (h:mm:ss or m:ss): 2:55.44
	Average shared text size (kbytes): 0
	Average unshared data size (kbytes): 0
	Average stack size (kbytes): 0
	Average total size (kbytes): 0
	Maximum resident set size (kbytes): 4124028
	Average resident set size (kbytes): 0
	Major (requiring I/O) page faults: 3078
	Minor (reclaiming a frame) page faults: 4486635
	Voluntary context switches: 20687
	Involuntary context switches: 1546992
	Swaps: 0
	File system inputs: 1196216
	File system outputs: 1848
	Socket messages sent: 0
	Socket messages received: 0
	Signals delivered: 0
	Page size (bytes): 4096
	Exit status: 0
