	Command being timed: "python /ceph.groups/mshahbazi.grp/rsakata/EXP63/code/setA_T3/cellpose_batch.py"
	User time (seconds): 114.56
	System time (seconds): 11.60
	Percent of CPU this job got: 103%
	Elapsed (wall clock) time (h:mm:ss or m:ss): 2:02.19
	Average shared text size (kbytes): 0
	Average unshared data size (kbytes): 0
	Average stack size (kbytes): 0
	Average total size (kbytes): 0
	Maximum resident set size (kbytes): 4380044
	Average resident set size (kbytes): 0
	Major (requiring I/O) page faults: 7
	Minor (reclaiming a frame) page faults: 4872393
	Voluntary context switches: 17810
	Involuntary context switches: 544810
	Swaps: 0
	File system inputs: 0
	File system outputs: 1560
	Socket messages sent: 0
	Socket messages received: 0
	Signals delivered: 0
	Page size (bytes): 4096
	Exit status: 0
