	Command being timed: "python /ceph.groups/mshahbazi.grp/rsakata/EXP63/code/setA_T3/cellpose_batch.py"
	User time (seconds): 186.21
	System time (seconds): 12.80
	Percent of CPU this job got: 96%
	Elapsed (wall clock) time (h:mm:ss or m:ss): 3:25.30
	Average shared text size (kbytes): 0
	Average unshared data size (kbytes): 0
	Average stack size (kbytes): 0
	Average total size (kbytes): 0
	Maximum resident set size (kbytes): 5344144
	Average resident set size (kbytes): 0
	Major (requiring I/O) page faults: 1873
	Minor (reclaiming a frame) page faults: 6583731
	Voluntary context switches: 21269
	Involuntary context switches: 4325287
	Swaps: 0
	File system inputs: 611344
	File system outputs: 1664
	Socket messages sent: 0
	Socket messages received: 0
	Signals delivered: 0
	Page size (bytes): 4096
	Exit status: 0
