	Command being timed: "python /ceph.groups/mshahbazi.grp/rsakata/EXP63/code/setA_T3/cellpose_batch.py"
	User time (seconds): 24.11
	System time (seconds): 3.17
	Percent of CPU this job got: 96%
	Elapsed (wall clock) time (h:mm:ss or m:ss): 0:28.16
	Average shared text size (kbytes): 0
	Average unshared data size (kbytes): 0
	Average stack size (kbytes): 0
	Average total size (kbytes): 0
	Maximum resident set size (kbytes): 2100424
	Average resident set size (kbytes): 0
	Major (requiring I/O) page faults: 5
	Minor (reclaiming a frame) page faults: 1351933
	Voluntary context switches: 7662
	Involuntary context switches: 148747
	Swaps: 0
	File system inputs: 840
	File system outputs: 1160
	Socket messages sent: 0
	Socket messages received: 0
	Signals delivered: 0
	Page size (bytes): 4096
	Exit status: 0
