	Command being timed: "python /ceph.groups/mshahbazi.grp/rsakata/EXP63/code/setA_T3/cytoseg.py"
	User time (seconds): 64.84
	System time (seconds): 1.91
	Percent of CPU this job got: 98%
	Elapsed (wall clock) time (h:mm:ss or m:ss): 1:07.79
	Average shared text size (kbytes): 0
	Average unshared data size (kbytes): 0
	Average stack size (kbytes): 0
	Average total size (kbytes): 0
	Maximum resident set size (kbytes): 1111064
	Average resident set size (kbytes): 0
	Major (requiring I/O) page faults: 294
	Minor (reclaiming a frame) page faults: 1244656
	Voluntary context switches: 3461
	Involuntary context switches: 83
	Swaps: 0
	File system inputs: 34088
	File system outputs: 49960
	Socket messages sent: 0
	Socket messages received: 0
	Signals delivered: 0
	Page size (bytes): 4096
	Exit status: 0
