lmbwide.profile complete
Job 6159267 on fmg102.lmb.internal
Python 3.11.13
/lmb/home/rsakata/anaconda3/envs/cellpose_env/bin/python
CUDA available: True
Torch CUDA runtime: 12.8
Visible GPUs: 0
Thu Jan  8 11:54:13 2026       
+---------------------------------------------------------------------------------------+
| NVIDIA-SMI 535.86.10              Driver Version: 535.86.10    CUDA Version: 12.2     |
|-----------------------------------------+----------------------+----------------------+
| GPU  Name                 Persistence-M | Bus-Id        Disp.A | Volatile Uncorr. ECC |
| Fan  Temp   Perf          Pwr:Usage/Cap |         Memory-Usage | GPU-Util  Compute M. |
|                                         |                      |               MIG M. |
|=========================================+======================+======================|
|   0  NVIDIA A100-SXM4-40GB          Off | 00000000:4D:00.0 Off |                    0 |
| N/A   23C    P0              52W / 400W |      4MiB / 40960MiB |      0%      Default |
|                                         |                      |             Disabled |
+-----------------------------------------+----------------------+----------------------+
                                                                                         
+---------------------------------------------------------------------------------------+
| Processes:                                                                            |
|  GPU   GI   CI        PID   Type   Process name                            GPU Memory |
|        ID   ID                                                             Usage      |
|=======================================================================================|
|  No running processes found                                                           |
+---------------------------------------------------------------------------------------+
Found 45 TIFs.
[array] task 27: /ceph.groups/mshahbazi.grp/rsakata/EXP63/LIF2TIF/setA_T3/EXP63_setA_T3_DAPI_GATA3_GFP_ZO1_NANOG_serie_25 - 12_5-1.tif

=== Processing: EXP63_setA_T3_DAPI_GATA3_GFP_ZO1_NANOG_serie_25 - 12_5-1.tif ===
  Saved mask: /ceph.groups/mshahbazi.grp/rsakata/EXP63/output/setA_T3/2_cytoseg/EXP63_setA_T3_DAPI_GATA3_GFP_ZO1_NANOG_serie_25 - 12_5-1_mask.tif  (voxels=1785202)
  Saved QC: /ceph.groups/mshahbazi.grp/rsakata/EXP63/output/setA_T3/2_cytoseg/EXP63_setA_T3_DAPI_GATA3_GFP_ZO1_NANOG_serie_25 - 12_5-1_qc.png

Done in 42.9s
