	Command being timed: "python /ceph.groups/mshahbazi.grp/rsakata/EXP63/code/setA_T3/cytoseg.py"
	User time (seconds): 41.28
	System time (seconds): 1.39
	Percent of CPU this job got: 99%
	Elapsed (wall clock) time (h:mm:ss or m:ss): 0:43.00
	Average shared text size (kbytes): 0
	Average unshared data size (kbytes): 0
	Average stack size (kbytes): 0
	Average total size (kbytes): 0
	Maximum resident set size (kbytes): 712984
	Average resident set size (kbytes): 0
	Major (requiring I/O) page faults: 0
	Minor (reclaiming a frame) page faults: 920900
	Voluntary context switches: 2118
	Involuntary context switches: 64
	Swaps: 0
	File system inputs: 0
	File system outputs: 30960
	Socket messages sent: 0
	Socket messages received: 0
	Signals delivered: 0
	Page size (bytes): 4096
	Exit status: 0
