	Command being timed: "python /ceph.groups/mshahbazi.grp/rsakata/EXP62/code/setB_T3/cellpose_batch.py"
	User time (seconds): 21.57
	System time (seconds): 4.47
	Percent of CPU this job got: 94%
	Elapsed (wall clock) time (h:mm:ss or m:ss): 0:27.62
	Average shared text size (kbytes): 0
	Average unshared data size (kbytes): 0
	Average stack size (kbytes): 0
	Average total size (kbytes): 0
	Maximum resident set size (kbytes): 2100892
	Average resident set size (kbytes): 0
	Major (requiring I/O) page faults: 9
	Minor (reclaiming a frame) page faults: 1304019
	Voluntary context switches: 10152
	Involuntary context switches: 235
	Swaps: 0
	File system inputs: 2048
	File system outputs: 2160
	Socket messages sent: 0
	Socket messages received: 0
	Signals delivered: 0
	Page size (bytes): 4096
	Exit status: 0
