	Command being timed: "python /ceph.groups/mshahbazi.grp/rsakata/EXP62/code/setB_T3/cellpose_batch.py"
	User time (seconds): 157.85
	System time (seconds): 14.18
	Percent of CPU this job got: 103%
	Elapsed (wall clock) time (h:mm:ss or m:ss): 2:46.33
	Average shared text size (kbytes): 0
	Average unshared data size (kbytes): 0
	Average stack size (kbytes): 0
	Average total size (kbytes): 0
	Maximum resident set size (kbytes): 4617108
	Average resident set size (kbytes): 0
	Major (requiring I/O) page faults: 10
	Minor (reclaiming a frame) page faults: 5949172
	Voluntary context switches: 23457
	Involuntary context switches: 54543
	Swaps: 0
	File system inputs: 2048
	File system outputs: 1392
	Socket messages sent: 0
	Socket messages received: 0
	Signals delivered: 0
	Page size (bytes): 4096
	Exit status: 0
