	Command being timed: "python /ceph.groups/mshahbazi.grp/rsakata/EXP58/code/setA_T3/cellpose_batch.py"
	User time (seconds): 66.01
	System time (seconds): 5.26
	Percent of CPU this job got: 98%
	Elapsed (wall clock) time (h:mm:ss or m:ss): 1:12.08
	Average shared text size (kbytes): 0
	Average unshared data size (kbytes): 0
	Average stack size (kbytes): 0
	Average total size (kbytes): 0
	Maximum resident set size (kbytes): 2911348
	Average resident set size (kbytes): 0
	Major (requiring I/O) page faults: 8
	Minor (reclaiming a frame) page faults: 2015406
	Voluntary context switches: 8094
	Involuntary context switches: 295
	Swaps: 0
	File system inputs: 1536
	File system outputs: 1280
	Socket messages sent: 0
	Socket messages received: 0
	Signals delivered: 0
	Page size (bytes): 4096
	Exit status: 0
