	Command being timed: "python /ceph.groups/mshahbazi.grp/rsakata/EXP58/code/setA_T3/cellpose_batch.py"
	User time (seconds): 194.47
	System time (seconds): 16.60
	Percent of CPU this job got: 98%
	Elapsed (wall clock) time (h:mm:ss or m:ss): 3:34.80
	Average shared text size (kbytes): 0
	Average unshared data size (kbytes): 0
	Average stack size (kbytes): 0
	Average total size (kbytes): 0
	Maximum resident set size (kbytes): 5543404
	Average resident set size (kbytes): 0
	Major (requiring I/O) page faults: 3848
	Minor (reclaiming a frame) page faults: 6188979
	Voluntary context switches: 40810
	Involuntary context switches: 188545
	Swaps: 0
	File system inputs: 3155448
	File system outputs: 1592
	Socket messages sent: 0
	Socket messages received: 0
	Signals delivered: 0
	Page size (bytes): 4096
	Exit status: 0
