[I::main::fc_run] start time: 2025-11-25 13:58:07.
[I::main::fc_run] CMD: /lmb/home/rsakata/anaconda3/envs/xclone/bin/xcltk basefc --sam /ceph.groups/mshahbazi.grp/rsakata/FromSanger/Aneuploid_screen_v2/data/cellranger900_count_49831_Embryo-Imp15265947_GRCh38-2024-A/possorted_genome_bam.bam --barcode /ceph.groups/mshahbazi.grp/rsakata/FromSanger/Aneuploid_screen_v2/data/cellranger900_count_49831_Embryo-Imp15265947_GRCh38-2024-A/filtered_feature_bc_matrix/barcodes.tsv.gz --region /ceph.groups/mshahbazi.grp/rsakata/FromSanger/Aneuploid_screen_v2/processed_data/7_xclone/others/annotate_genes_hg38_2024A_xclone.txt --outdir /ceph.groups/mshahbazi.grp/rsakata/FromSanger/Aneuploid_screen_v2/processed_data/7_xclone/1_xcltk_rdr/Embryo-Imp15265947 --ncores 10
[I::load_region_from_txt] start to load regions from file '/ceph.groups/mshahbazi.grp/rsakata/FromSanger/Aneuploid_screen_v2/processed_data/7_xclone/others/annotate_genes_hg38_2024A_xclone.txt' ...
[I::main::prepare_config] count 38582 regions in 2454 single cells.
[I::main::fc_core] program configuration:
	
	sam_file = /ceph.groups/mshahbazi.grp/rsakata/FromSanger/Aneuploid_screen_v2/data/cellranger900_count_49831_Embryo-Imp15265947_GRCh38-2024-A/possorted_genome_bam.bam
	sam_list_file = None
	barcode_file = /ceph.groups/mshahbazi.grp/rsakata/FromSanger/Aneuploid_screen_v2/data/cellranger900_count_49831_Embryo-Imp15265947_GRCh38-2024-A/filtered_feature_bc_matrix/barcodes.tsv.gz
	sample_id_str = None
	sample_id_file = None
	region_file = /ceph.groups/mshahbazi.grp/rsakata/FromSanger/Aneuploid_screen_v2/processed_data/7_xclone/others/annotate_genes_hg38_2024A_xclone.txt
	out_dir = /ceph.groups/mshahbazi.grp/rsakata/FromSanger/Aneuploid_screen_v2/processed_data/7_xclone/1_xcltk_rdr/Embryo-Imp15265947
	debug_level = 0
	
	cell_tag = CB
	umi_tag = UB
	number_of_processes = 10
	output_all_reg = True
	
	min_mapq = 20
	min_len = 30
	min_include = 0.900000
	include_flag = 0
	exclude_flag = 772
	no_orphan = True
	
	number_of_BAMs = 1
	number_of_barcodes = 2454
	number_of_sample_IDs = -1
	number_of_regions = 38582
	
	output_region_file = /ceph.groups/mshahbazi.grp/rsakata/FromSanger/Aneuploid_screen_v2/processed_data/7_xclone/1_xcltk_rdr/Embryo-Imp15265947/features.tsv
	output_sample_file = /ceph.groups/mshahbazi.grp/rsakata/FromSanger/Aneuploid_screen_v2/processed_data/7_xclone/1_xcltk_rdr/Embryo-Imp15265947/barcodes.tsv
	output_mtx_file = /ceph.groups/mshahbazi.grp/rsakata/FromSanger/Aneuploid_screen_v2/processed_data/7_xclone/1_xcltk_rdr/Embryo-Imp15265947/matrix.mtx
	
[I::core::fc_features] [Thread-4] 2% genes processed
[I::core::fc_features] [Thread-7] 2% genes processed
[I::core::fc_features] [Thread-8] 2% genes processed
[I::core::fc_features] [Thread-2] 2% genes processed
[I::core::fc_features] [Thread-0] 2% genes processed
[I::core::fc_features] [Thread-9] 2% genes processed
[I::core::fc_features] [Thread-4] 4% genes processed
[I::core::fc_features] [Thread-4] 6% genes processed
[I::core::fc_features] [Thread-7] 4% genes processed
[I::core::fc_features] [Thread-1] 2% genes processed
[I::core::fc_features] [Thread-3] 2% genes processed
[I::core::fc_features] [Thread-8] 4% genes processed
[I::core::fc_features] [Thread-2] 4% genes processed
[I::core::fc_features] [Thread-4] 8% genes processed
[I::core::fc_features] [Thread-9] 4% genes processed
[I::core::fc_features] [Thread-0] 4% genes processed
[I::core::fc_features] [Thread-2] 6% genes processed
[I::core::fc_features] [Thread-4] 10% genes processed
[I::core::fc_features] [Thread-4] 12% genes processed
[I::core::fc_features] [Thread-1] 4% genes processed
[I::core::fc_features] [Thread-9] 6% genes processed
[I::core::fc_features] [Thread-7] 6% genes processed
[I::core::fc_features] [Thread-5] 2% genes processed
[I::core::fc_features] [Thread-2] 8% genes processed
[I::core::fc_features] [Thread-8] 6% genes processed
[I::core::fc_features] [Thread-4] 14% genes processed
[I::core::fc_features] [Thread-9] 8% genes processed
[I::core::fc_features] [Thread-5] 4% genes processed
[I::core::fc_features] [Thread-1] 6% genes processed
[I::core::fc_features] [Thread-3] 4% genes processed
[I::core::fc_features] [Thread-9] 10% genes processed
[I::core::fc_features] [Thread-4] 16% genes processed
[I::core::fc_features] [Thread-5] 6% genes processed
[I::core::fc_features] [Thread-2] 10% genes processed
[I::core::fc_features] [Thread-2] 12% genes processed
[I::core::fc_features] [Thread-0] 6% genes processed
[I::core::fc_features] [Thread-1] 8% genes processed
[I::core::fc_features] [Thread-4] 18% genes processed
[I::core::fc_features] [Thread-2] 14% genes processed
[I::core::fc_features] [Thread-5] 8% genes processed
[I::core::fc_features] [Thread-7] 8% genes processed
[I::core::fc_features] [Thread-4] 20% genes processed
[I::core::fc_features] [Thread-8] 8% genes processed
[I::core::fc_features] [Thread-0] 8% genes processed
[I::core::fc_features] [Thread-9] 12% genes processed
[I::core::fc_features] [Thread-0] 10% genes processed
[I::core::fc_features] [Thread-3] 6% genes processed
[I::core::fc_features] [Thread-9] 14% genes processed
[I::core::fc_features] [Thread-4] 22% genes processed
[I::core::fc_features] [Thread-5] 10% genes processed
[I::core::fc_features] [Thread-8] 10% genes processed
[I::core::fc_features] [Thread-0] 12% genes processed
[I::core::fc_features] [Thread-3] 8% genes processed
[I::core::fc_features] [Thread-4] 24% genes processed
[I::core::fc_features] [Thread-5] 12% genes processed
[I::core::fc_features] [Thread-9] 16% genes processed
[I::core::fc_features] [Thread-2] 16% genes processed
[I::core::fc_features] [Thread-8] 12% genes processed
[I::core::fc_features] [Thread-0] 14% genes processed
[I::core::fc_features] [Thread-5] 14% genes processed
[I::core::fc_features] [Thread-3] 10% genes processed
[I::core::fc_features] [Thread-9] 18% genes processed
[I::core::fc_features] [Thread-2] 18% genes processed
[I::core::fc_features] [Thread-4] 26% genes processed
[I::core::fc_features] [Thread-1] 10% genes processed
[I::core::fc_features] [Thread-5] 16% genes processed
[I::core::fc_features] [Thread-8] 14% genes processed
[I::core::fc_features] [Thread-2] 20% genes processed
[I::core::fc_features] [Thread-9] 20% genes processed
[I::core::fc_features] [Thread-3] 12% genes processed
[I::core::fc_features] [Thread-6] 2% genes processed
[I::core::fc_features] [Thread-2] 22% genes processed
[I::core::fc_features] [Thread-5] 18% genes processed
[I::core::fc_features] [Thread-2] 24% genes processed
[I::core::fc_features] [Thread-6] 4% genes processed
[I::core::fc_features] [Thread-9] 22% genes processed
[I::core::fc_features] [Thread-1] 12% genes processed
[I::core::fc_features] [Thread-4] 28% genes processed
[I::core::fc_features] [Thread-3] 14% genes processed
[I::core::fc_features] [Thread-6] 6% genes processed
[I::core::fc_features] [Thread-8] 16% genes processed
[I::core::fc_features] [Thread-4] 30% genes processed
[I::core::fc_features] [Thread-2] 26% genes processed
[I::core::fc_features] [Thread-1] 14% genes processed
[I::core::fc_features] [Thread-7] 10% genes processed
[I::core::fc_features] [Thread-3] 16% genes processed
[I::core::fc_features] [Thread-6] 8% genes processed
[I::core::fc_features] [Thread-3] 18% genes processed
[I::core::fc_features] [Thread-9] 24% genes processed
[I::core::fc_features] [Thread-6] 10% genes processed
[I::core::fc_features] [Thread-0] 16% genes processed
[I::core::fc_features] [Thread-2] 28% genes processed
[I::core::fc_features] [Thread-1] 16% genes processed
[I::core::fc_features] [Thread-7] 12% genes processed
[I::core::fc_features] [Thread-2] 30% genes processed
[I::core::fc_features] [Thread-9] 26% genes processed
[I::core::fc_features] [Thread-8] 18% genes processed
[I::core::fc_features] [Thread-2] 32% genes processed
[I::core::fc_features] [Thread-9] 28% genes processed
[I::core::fc_features] [Thread-3] 20% genes processed
[I::core::fc_features] [Thread-6] 12% genes processed
[I::core::fc_features] [Thread-5] 20% genes processed
[I::core::fc_features] [Thread-8] 20% genes processed
[I::core::fc_features] [Thread-7] 14% genes processed
[I::core::fc_features] [Thread-0] 18% genes processed
[I::core::fc_features] [Thread-9] 30% genes processed
[I::core::fc_features] [Thread-3] 22% genes processed
[I::core::fc_features] [Thread-2] 34% genes processed
[I::core::fc_features] [Thread-1] 18% genes processed
[I::core::fc_features] [Thread-6] 14% genes processed
[I::core::fc_features] [Thread-7] 16% genes processed
[I::core::fc_features] [Thread-5] 22% genes processed
[I::core::fc_features] [Thread-1] 20% genes processed
[I::core::fc_features] [Thread-1] 22% genes processed
[I::core::fc_features] [Thread-5] 24% genes processed
[I::core::fc_features] [Thread-2] 36% genes processed
[I::core::fc_features] [Thread-7] 18% genes processed
[I::core::fc_features] [Thread-0] 20% genes processed
[I::core::fc_features] [Thread-6] 16% genes processed
[I::core::fc_features] [Thread-4] 32% genes processed
[I::core::fc_features] [Thread-5] 26% genes processed
[I::core::fc_features] [Thread-9] 32% genes processed
[I::core::fc_features] [Thread-1] 24% genes processed
[I::core::fc_features] [Thread-7] 20% genes processed
[I::core::fc_features] [Thread-9] 34% genes processed
[I::core::fc_features] [Thread-7] 22% genes processed
[I::core::fc_features] [Thread-4] 34% genes processed
[I::core::fc_features] [Thread-0] 22% genes processed
[I::core::fc_features] [Thread-7] 24% genes processed
[I::core::fc_features] [Thread-8] 22% genes processed
[I::core::fc_features] [Thread-2] 38% genes processed
[I::core::fc_features] [Thread-1] 26% genes processed
[I::core::fc_features] [Thread-9] 36% genes processed
[I::core::fc_features] [Thread-5] 28% genes processed
[I::core::fc_features] [Thread-4] 36% genes processed
[I::core::fc_features] [Thread-1] 28% genes processed
[I::core::fc_features] [Thread-7] 26% genes processed
[I::core::fc_features] [Thread-6] 18% genes processed
[I::core::fc_features] [Thread-1] 30% genes processed
[I::core::fc_features] [Thread-4] 38% genes processed
[I::core::fc_features] [Thread-8] 24% genes processed
[I::core::fc_features] [Thread-0] 24% genes processed
[I::core::fc_features] [Thread-4] 40% genes processed
[I::core::fc_features] [Thread-9] 38% genes processed
[I::core::fc_features] [Thread-2] 40% genes processed
[I::core::fc_features] [Thread-1] 32% genes processed
[I::core::fc_features] [Thread-9] 40% genes processed
[I::core::fc_features] [Thread-8] 26% genes processed
[I::core::fc_features] [Thread-9] 42% genes processed
[I::core::fc_features] [Thread-1] 34% genes processed
[I::core::fc_features] [Thread-2] 42% genes processed
[I::core::fc_features] [Thread-8] 28% genes processed
[I::core::fc_features] [Thread-2] 44% genes processed
[I::core::fc_features] [Thread-0] 26% genes processed
[I::core::fc_features] [Thread-1] 36% genes processed
[I::core::fc_features] [Thread-4] 42% genes processed
[I::core::fc_features] [Thread-9] 44% genes processed
[I::core::fc_features] [Thread-5] 30% genes processed
[I::core::fc_features] [Thread-8] 30% genes processed
[I::core::fc_features] [Thread-2] 46% genes processed
[I::core::fc_features] [Thread-1] 38% genes processed
[I::core::fc_features] [Thread-9] 46% genes processed
[I::core::fc_features] [Thread-3] 24% genes processed
[I::core::fc_features] [Thread-8] 32% genes processed
[I::core::fc_features] [Thread-1] 40% genes processed
[I::core::fc_features] [Thread-5] 32% genes processed
[I::core::fc_features] [Thread-7] 28% genes processed
[I::core::fc_features] [Thread-8] 34% genes processed
[I::core::fc_features] [Thread-3] 26% genes processed
[I::core::fc_features] [Thread-5] 34% genes processed
[I::core::fc_features] [Thread-5] 36% genes processed
[I::core::fc_features] [Thread-6] 20% genes processed
[I::core::fc_features] [Thread-7] 30% genes processed
[I::core::fc_features] [Thread-1] 42% genes processed
[I::core::fc_features] [Thread-3] 28% genes processed
[I::core::fc_features] [Thread-2] 48% genes processed
[I::core::fc_features] [Thread-7] 32% genes processed
[I::core::fc_features] [Thread-5] 38% genes processed
[I::core::fc_features] [Thread-2] 50% genes processed
[I::core::fc_features] [Thread-5] 40% genes processed
[I::core::fc_features] [Thread-1] 44% genes processed
[I::core::fc_features] [Thread-8] 36% genes processed
[I::core::fc_features] [Thread-6] 22% genes processed
[I::core::fc_features] [Thread-4] 44% genes processed
[I::core::fc_features] [Thread-2] 52% genes processed
[I::core::fc_features] [Thread-9] 48% genes processed
[I::core::fc_features] [Thread-5] 42% genes processed
[I::core::fc_features] [Thread-1] 46% genes processed
[I::core::fc_features] [Thread-8] 38% genes processed
[I::core::fc_features] [Thread-4] 46% genes processed
[I::core::fc_features] [Thread-7] 34% genes processed
[I::core::fc_features] [Thread-2] 54% genes processed
[I::core::fc_features] [Thread-8] 40% genes processed
[I::core::fc_features] [Thread-7] 36% genes processed
[I::core::fc_features] [Thread-2] 56% genes processed
[I::core::fc_features] [Thread-9] 50% genes processed
[I::core::fc_features] [Thread-8] 42% genes processed
[I::core::fc_features] [Thread-6] 24% genes processed
[I::core::fc_features] [Thread-3] 30% genes processed
[I::core::fc_features] [Thread-2] 58% genes processed
[I::core::fc_features] [Thread-8] 44% genes processed
[I::core::fc_features] [Thread-2] 60% genes processed
[I::core::fc_features] [Thread-3] 32% genes processed
[I::core::fc_features] [Thread-6] 26% genes processed
[I::core::fc_features] [Thread-9] 52% genes processed
[I::core::fc_features] [Thread-2] 62% genes processed
[I::core::fc_features] [Thread-0] 28% genes processed
[I::core::fc_features] [Thread-1] 48% genes processed
[I::core::fc_features] [Thread-2] 64% genes processed
[I::core::fc_features] [Thread-4] 48% genes processed
[I::core::fc_features] [Thread-6] 28% genes processed
[I::core::fc_features] [Thread-7] 38% genes processed
[I::core::fc_features] [Thread-9] 54% genes processed
[I::core::fc_features] [Thread-0] 30% genes processed
[I::core::fc_features] [Thread-4] 50% genes processed
[I::core::fc_features] [Thread-6] 30% genes processed
[I::core::fc_features] [Thread-2] 66% genes processed
[I::core::fc_features] [Thread-9] 56% genes processed
[I::core::fc_features] [Thread-1] 50% genes processed
[I::core::fc_features] [Thread-0] 32% genes processed
[I::core::fc_features] [Thread-7] 40% genes processed
[I::core::fc_features] [Thread-4] 52% genes processed
[I::core::fc_features] [Thread-2] 68% genes processed
[I::core::fc_features] [Thread-6] 32% genes processed
[I::core::fc_features] [Thread-7] 42% genes processed
[I::core::fc_features] [Thread-5] 44% genes processed
[I::core::fc_features] [Thread-1] 52% genes processed
[I::core::fc_features] [Thread-0] 34% genes processed
[I::core::fc_features] [Thread-2] 70% genes processed
[I::core::fc_features] [Thread-4] 54% genes processed
[I::core::fc_features] [Thread-4] 56% genes processed
[I::core::fc_features] [Thread-6] 34% genes processed
[I::core::fc_features] [Thread-1] 54% genes processed
[I::core::fc_features] [Thread-9] 58% genes processed
[I::core::fc_features] [Thread-0] 36% genes processed
[I::core::fc_features] [Thread-3] 34% genes processed
[I::core::fc_features] [Thread-8] 46% genes processed
[I::core::fc_features] [Thread-2] 72% genes processed
[I::core::fc_features] [Thread-1] 56% genes processed
[I::core::fc_features] [Thread-4] 58% genes processed
[I::core::fc_features] [Thread-0] 38% genes processed
[I::core::fc_features] [Thread-3] 36% genes processed
[I::core::fc_features] [Thread-7] 44% genes processed
[I::core::fc_features] [Thread-3] 38% genes processed
[I::core::fc_features] [Thread-2] 74% genes processed
[I::core::fc_features] [Thread-4] 60% genes processed
[I::core::fc_features] [Thread-5] 46% genes processed
[I::core::fc_features] [Thread-9] 60% genes processed
[I::core::fc_features] [Thread-8] 48% genes processed
[I::core::fc_features] [Thread-7] 46% genes processed
[I::core::fc_features] [Thread-9] 62% genes processed
[I::core::fc_features] [Thread-4] 62% genes processed
[I::core::fc_features] [Thread-7] 48% genes processed
[I::core::fc_features] [Thread-6] 36% genes processed
[I::core::fc_features] [Thread-9] 64% genes processed
[I::core::fc_features] [Thread-3] 40% genes processed
[I::core::fc_features] [Thread-7] 50% genes processed
[I::core::fc_features] [Thread-6] 38% genes processed
[I::core::fc_features] [Thread-7] 52% genes processed
[I::core::fc_features] [Thread-1] 58% genes processed
[I::core::fc_features] [Thread-8] 50% genes processed
[I::core::fc_features] [Thread-4] 64% genes processed
[I::core::fc_features] [Thread-3] 42% genes processed
[I::core::fc_features] [Thread-6] 40% genes processed
[I::core::fc_features] [Thread-1] 60% genes processed
[I::core::fc_features] [Thread-7] 54% genes processed
[I::core::fc_features] [Thread-6] 42% genes processed
[I::core::fc_features] [Thread-3] 44% genes processed
[I::core::fc_features] [Thread-0] 40% genes processed
[I::core::fc_features] [Thread-1] 62% genes processed
[I::core::fc_features] [Thread-6] 44% genes processed
[I::core::fc_features] [Thread-7] 56% genes processed
[I::core::fc_features] [Thread-4] 66% genes processed
[I::core::fc_features] [Thread-0] 42% genes processed
[I::core::fc_features] [Thread-1] 64% genes processed
[I::core::fc_features] [Thread-6] 46% genes processed
[I::core::fc_features] [Thread-6] 48% genes processed
[I::core::fc_features] [Thread-0] 44% genes processed
[I::core::fc_features] [Thread-7] 58% genes processed
[I::core::fc_features] [Thread-4] 68% genes processed
[I::core::fc_features] [Thread-6] 50% genes processed
[I::core::fc_features] [Thread-8] 52% genes processed
[I::core::fc_features] [Thread-5] 48% genes processed
[I::core::fc_features] [Thread-7] 60% genes processed
[I::core::fc_features] [Thread-6] 52% genes processed
[I::core::fc_features] [Thread-6] 54% genes processed
[I::core::fc_features] [Thread-4] 70% genes processed
[I::core::fc_features] [Thread-2] 76% genes processed
[I::core::fc_features] [Thread-0] 46% genes processed
[I::core::fc_features] [Thread-7] 62% genes processed
[I::core::fc_features] [Thread-2] 78% genes processed
[I::core::fc_features] [Thread-2] 80% genes processed
[I::core::fc_features] [Thread-3] 46% genes processed
[I::core::fc_features] [Thread-6] 56% genes processed
[I::core::fc_features] [Thread-0] 48% genes processed
[I::core::fc_features] [Thread-7] 64% genes processed
[I::core::fc_features] [Thread-8] 54% genes processed
[I::core::fc_features] [Thread-6] 58% genes processed
[I::core::fc_features] [Thread-0] 50% genes processed
[I::core::fc_features] [Thread-1] 66% genes processed
[I::core::fc_features] [Thread-3] 48% genes processed
[I::core::fc_features] [Thread-2] 82% genes processed
[I::core::fc_features] [Thread-7] 66% genes processed
[I::core::fc_features] [Thread-0] 52% genes processed
[I::core::fc_features] [Thread-2] 84% genes processed
[I::core::fc_features] [Thread-3] 50% genes processed
[I::core::fc_features] [Thread-5] 50% genes processed
[I::core::fc_features] [Thread-6] 60% genes processed
[I::core::fc_features] [Thread-8] 56% genes processed
[I::core::fc_features] [Thread-0] 54% genes processed
[I::core::fc_features] [Thread-6] 62% genes processed
[I::core::fc_features] [Thread-3] 52% genes processed
[I::core::fc_features] [Thread-3] 54% genes processed
[I::core::fc_features] [Thread-6] 64% genes processed
[I::core::fc_features] [Thread-2] 86% genes processed
[I::core::fc_features] [Thread-8] 58% genes processed
[I::core::fc_features] [Thread-4] 72% genes processed
[I::core::fc_features] [Thread-5] 52% genes processed
[I::core::fc_features] [Thread-3] 56% genes processed
[I::core::fc_features] [Thread-5] 54% genes processed
[I::core::fc_features] [Thread-0] 56% genes processed
[I::core::fc_features] [Thread-7] 68% genes processed
[I::core::fc_features] [Thread-1] 68% genes processed
[I::core::fc_features] [Thread-6] 66% genes processed
[I::core::fc_features] [Thread-2] 88% genes processed
[I::core::fc_features] [Thread-4] 74% genes processed
[I::core::fc_features] [Thread-8] 60% genes processed
[I::core::fc_features] [Thread-1] 70% genes processed
[I::core::fc_features] [Thread-6] 68% genes processed
[I::core::fc_features] [Thread-7] 70% genes processed
[I::core::fc_features] [Thread-2] 90% genes processed
[I::core::fc_features] [Thread-2] 93% genes processed
[I::core::fc_features] [Thread-8] 62% genes processed
[I::core::fc_features] [Thread-7] 72% genes processed
[I::core::fc_features] [Thread-6] 70% genes processed
[I::core::fc_features] [Thread-0] 58% genes processed
[I::core::fc_features] [Thread-6] 72% genes processed
[I::core::fc_features] [Thread-3] 58% genes processed
[I::core::fc_features] [Thread-5] 56% genes processed
[I::core::fc_features] [Thread-6] 74% genes processed
[I::core::fc_features] [Thread-2] 95% genes processed
[I::core::fc_features] [Thread-1] 72% genes processed
[I::core::fc_features] [Thread-5] 58% genes processed
[I::core::fc_features] [Thread-0] 60% genes processed
[I::core::fc_features] [Thread-4] 76% genes processed
[I::core::fc_features] [Thread-2] 97% genes processed
[I::core::fc_features] [Thread-6] 76% genes processed
[I::core::fc_features] [Thread-0] 62% genes processed
[I::core::fc_features] [Thread-3] 60% genes processed
[I::core::fc_features] [Thread-1] 74% genes processed
[I::core::fc_features] [Thread-5] 60% genes processed
[I::core::fc_features] [Thread-2] 99% genes processed
[I::core::fc_features] [Thread-6] 78% genes processed
[I::core::fc_features] [Thread-5] 62% genes processed
[I::core::fc_features] [Thread-7] 74% genes processed
[I::core::fc_features] [Thread-4] 78% genes processed
[I::core::fc_features] [Thread-0] 64% genes processed
[I::core::fc_features] [Thread-3] 62% genes processed
[I::core::fc_features] [Thread-6] 80% genes processed
[I::core::fc_features] [Thread-5] 64% genes processed
[I::core::fc_features] [Thread-0] 66% genes processed
[I::core::fc_features] [Thread-5] 66% genes processed
[I::core::fc_features] [Thread-8] 64% genes processed
[I::core::fc_features] [Thread-4] 80% genes processed
[I::core::fc_features] [Thread-2] 100% genes processed
[I::core::fc_features] [Thread-4] 82% genes processed
[I::core::fc_features] [Thread-3] 64% genes processed
[I::core::fc_features] [Thread-0] 68% genes processed
[I::core::fc_features] [Thread-1] 76% genes processed
[I::core::fc_features] [Thread-8] 66% genes processed
[I::core::fc_features] [Thread-6] 82% genes processed
[I::core::fc_features] [Thread-4] 84% genes processed
[I::core::fc_features] [Thread-0] 70% genes processed
[I::core::fc_features] [Thread-3] 66% genes processed
[I::core::fc_features] [Thread-3] 68% genes processed
[I::core::fc_features] [Thread-6] 84% genes processed
[I::core::fc_features] [Thread-6] 86% genes processed
[I::core::fc_features] [Thread-6] 88% genes processed
[I::core::fc_features] [Thread-8] 68% genes processed
[I::core::fc_features] [Thread-7] 76% genes processed
[I::core::fc_features] [Thread-5] 68% genes processed
[I::core::fc_features] [Thread-6] 90% genes processed
[I::core::fc_features] [Thread-0] 72% genes processed
[I::core::fc_features] [Thread-4] 86% genes processed
[I::core::fc_features] [Thread-6] 93% genes processed
[I::core::fc_features] [Thread-8] 70% genes processed
[I::core::fc_features] [Thread-0] 74% genes processed
[I::core::fc_features] [Thread-4] 88% genes processed
[I::core::fc_features] [Thread-6] 95% genes processed
[I::core::fc_features] [Thread-3] 70% genes processed
[I::core::fc_features] [Thread-5] 70% genes processed
[I::core::fc_features] [Thread-1] 78% genes processed
[I::core::fc_features] [Thread-4] 90% genes processed
[I::core::fc_features] [Thread-5] 72% genes processed
[I::core::fc_features] [Thread-6] 97% genes processed
[I::core::fc_features] [Thread-8] 72% genes processed
[I::core::fc_features] [Thread-3] 72% genes processed
[I::core::fc_features] [Thread-0] 76% genes processed
[I::core::fc_features] [Thread-4] 93% genes processed
[I::core::fc_features] [Thread-5] 74% genes processed
[I::core::fc_features] [Thread-4] 95% genes processed
[I::core::fc_features] [Thread-3] 74% genes processed
[I::core::fc_features] [Thread-0] 78% genes processed
[I::core::fc_features] [Thread-1] 80% genes processed
[I::core::fc_features] [Thread-8] 74% genes processed
[I::core::fc_features] [Thread-5] 76% genes processed
[I::core::fc_features] [Thread-3] 76% genes processed
[I::core::fc_features] [Thread-4] 97% genes processed
[I::core::fc_features] [Thread-3] 78% genes processed
[I::core::fc_features] [Thread-0] 80% genes processed
[I::core::fc_features] [Thread-1] 82% genes processed
[I::core::fc_features] [Thread-3] 80% genes processed
[I::core::fc_features] [Thread-6] 99% genes processed
[I::core::fc_features] [Thread-0] 82% genes processed
[I::core::fc_features] [Thread-6] 100% genes processed
[I::core::fc_features] [Thread-1] 84% genes processed
[I::core::fc_features] [Thread-7] 78% genes processed
[I::core::fc_features] [Thread-4] 99% genes processed
[I::core::fc_features] [Thread-1] 86% genes processed
[I::core::fc_features] [Thread-3] 82% genes processed
[I::core::fc_features] [Thread-4] 100% genes processed
[I::core::fc_features] [Thread-3] 84% genes processed
[I::core::fc_features] [Thread-8] 76% genes processed
[I::core::fc_features] [Thread-5] 78% genes processed
[I::core::fc_features] [Thread-7] 80% genes processed
[I::core::fc_features] [Thread-3] 86% genes processed
[I::core::fc_features] [Thread-3] 88% genes processed
[I::core::fc_features] [Thread-7] 82% genes processed
[I::core::fc_features] [Thread-0] 84% genes processed
[I::core::fc_features] [Thread-8] 78% genes processed
[I::core::fc_features] [Thread-5] 80% genes processed
[I::core::fc_features] [Thread-7] 84% genes processed
[I::core::fc_features] [Thread-3] 90% genes processed
[I::core::fc_features] [Thread-5] 82% genes processed
[I::core::fc_features] [Thread-3] 93% genes processed
[I::core::fc_features] [Thread-5] 84% genes processed
[I::core::fc_features] [Thread-0] 86% genes processed
[I::core::fc_features] [Thread-1] 88% genes processed
[I::core::fc_features] [Thread-3] 95% genes processed
[I::core::fc_features] [Thread-3] 97% genes processed
[I::core::fc_features] [Thread-5] 86% genes processed
[I::core::fc_features] [Thread-3] 99% genes processed
[I::core::fc_features] [Thread-3] 100% genes processed
[I::core::fc_features] [Thread-1] 90% genes processed
[I::core::fc_features] [Thread-5] 88% genes processed
[I::core::fc_features] [Thread-0] 88% genes processed
[I::core::fc_features] [Thread-5] 90% genes processed
[I::core::fc_features] [Thread-7] 86% genes processed
[I::core::fc_features] [Thread-5] 93% genes processed
[I::core::fc_features] [Thread-1] 92% genes processed
[I::core::fc_features] [Thread-0] 90% genes processed
[I::core::fc_features] [Thread-0] 92% genes processed
[I::core::fc_features] [Thread-7] 88% genes processed
[I::core::fc_features] [Thread-7] 90% genes processed
[I::core::fc_features] [Thread-7] 93% genes processed
[I::core::fc_features] [Thread-1] 94% genes processed
[I::core::fc_features] [Thread-8] 80% genes processed
[I::core::fc_features] [Thread-5] 95% genes processed
[I::core::fc_features] [Thread-0] 94% genes processed
[I::core::fc_features] [Thread-0] 97% genes processed
[I::core::fc_features] [Thread-1] 97% genes processed
[I::core::fc_features] [Thread-0] 99% genes processed
[I::core::fc_features] [Thread-7] 95% genes processed
[I::core::fc_features] [Thread-0] 100% genes processed
[I::core::fc_features] [Thread-7] 97% genes processed
[I::core::fc_features] [Thread-1] 99% genes processed
[I::core::fc_features] [Thread-8] 82% genes processed
[I::core::fc_features] [Thread-1] 100% genes processed
[I::core::fc_features] [Thread-5] 97% genes processed
[I::core::fc_features] [Thread-8] 84% genes processed
[I::core::fc_features] [Thread-7] 99% genes processed
[I::core::fc_features] [Thread-5] 99% genes processed
[I::core::fc_features] [Thread-7] 100% genes processed
[I::core::fc_features] [Thread-5] 100% genes processed
[I::core::fc_features] [Thread-8] 86% genes processed
[I::core::fc_features] [Thread-8] 88% genes processed
[I::core::fc_features] [Thread-8] 90% genes processed
[I::core::fc_features] [Thread-8] 93% genes processed
[I::core::fc_features] [Thread-8] 95% genes processed
[I::core::fc_features] [Thread-8] 97% genes processed
[I::core::fc_features] [Thread-8] 99% genes processed
[I::core::fc_features] [Thread-8] 100% genes processed
[I::core::fc_features] [Thread-9] 66% genes processed
[I::core::fc_features] [Thread-9] 68% genes processed
[I::core::fc_features] [Thread-9] 70% genes processed
[I::core::fc_features] [Thread-9] 72% genes processed
[I::core::fc_features] [Thread-9] 74% genes processed
[I::core::fc_features] [Thread-9] 76% genes processed
[I::core::fc_features] [Thread-9] 78% genes processed
[I::core::fc_features] [Thread-9] 80% genes processed
[I::core::fc_features] [Thread-9] 82% genes processed
[I::core::fc_features] [Thread-9] 84% genes processed
[I::core::fc_features] [Thread-9] 86% genes processed
[I::core::fc_features] [Thread-9] 88% genes processed
[I::core::fc_features] [Thread-9] 90% genes processed
[I::core::fc_features] [Thread-9] 93% genes processed
[I::core::fc_features] [Thread-9] 95% genes processed
[I::core::fc_features] [Thread-9] 97% genes processed
[I::core::fc_features] [Thread-9] 99% genes processed
[I::core::fc_features] [Thread-9] 100% genes processed
[I::main::fc_run] All Done!
[I::main::fc_run] CMD: /lmb/home/rsakata/anaconda3/envs/xclone/bin/xcltk basefc --sam /ceph.groups/mshahbazi.grp/rsakata/FromSanger/Aneuploid_screen_v2/data/cellranger900_count_49831_Embryo-Imp15265947_GRCh38-2024-A/possorted_genome_bam.bam --barcode /ceph.groups/mshahbazi.grp/rsakata/FromSanger/Aneuploid_screen_v2/data/cellranger900_count_49831_Embryo-Imp15265947_GRCh38-2024-A/filtered_feature_bc_matrix/barcodes.tsv.gz --region /ceph.groups/mshahbazi.grp/rsakata/FromSanger/Aneuploid_screen_v2/processed_data/7_xclone/others/annotate_genes_hg38_2024A_xclone.txt --outdir /ceph.groups/mshahbazi.grp/rsakata/FromSanger/Aneuploid_screen_v2/processed_data/7_xclone/1_xcltk_rdr/Embryo-Imp15265947 --ncores 10
[I::main::fc_run] end time: 2025-11-25 14:25:22
[I::main::fc_run] time spent: 1634.62s
