	Command being timed: "python /ceph.groups/mshahbazi.grp/rsakata/EXP58/code/setB_T3/cytointensity.py"
	User time (seconds): 2.93
	System time (seconds): 6.45
	Percent of CPU this job got: 75%
	Elapsed (wall clock) time (h:mm:ss or m:ss): 0:12.39
	Average shared text size (kbytes): 0
	Average unshared data size (kbytes): 0
	Average stack size (kbytes): 0
	Average total size (kbytes): 0
	Maximum resident set size (kbytes): 484172
	Average resident set size (kbytes): 0
	Major (requiring I/O) page faults: 151
	Minor (reclaiming a frame) page faults: 802611
	Voluntary context switches: 13816
	Involuntary context switches: 44
	Swaps: 0
	File system inputs: 12392
	File system outputs: 56
	Socket messages sent: 0
	Socket messages received: 0
	Signals delivered: 0
	Page size (bytes): 4096
	Exit status: 0
