lmbwide.profile complete
Job 6169115 on fmg102.lmb.internal
Python 3.11.13
/lmb/home/rsakata/anaconda3/envs/cellpose_env/bin/python
CUDA available: True
Torch CUDA runtime: 12.8
Visible GPUs: 0
Wed Jan 14 19:49:37 2026       
+---------------------------------------------------------------------------------------+
| NVIDIA-SMI 535.86.10              Driver Version: 535.86.10    CUDA Version: 12.2     |
|-----------------------------------------+----------------------+----------------------+
| GPU  Name                 Persistence-M | Bus-Id        Disp.A | Volatile Uncorr. ECC |
| Fan  Temp   Perf          Pwr:Usage/Cap |         Memory-Usage | GPU-Util  Compute M. |
|                                         |                      |               MIG M. |
|=========================================+======================+======================|
|   0  NVIDIA A100-SXM4-40GB          Off | 00000000:87:00.0 Off |                    0 |
| N/A   27C    P0              52W / 400W |      4MiB / 40960MiB |      0%      Default |
|                                         |                      |             Disabled |
+-----------------------------------------+----------------------+----------------------+
                                                                                         
+---------------------------------------------------------------------------------------+
| Processes:                                                                            |
|  GPU   GI   CI        PID   Type   Process name                            GPU Memory |
|        ID   ID                                                             Usage      |
|=======================================================================================|
|  No running processes found                                                           |
+---------------------------------------------------------------------------------------+


Welcome to CellposeSAM, cellpose v
cellpose version: 	4.0.6 
platform:       	linux 
python version: 	3.11.13 
torch version:  	2.8.0+cu128! The neural network component of
CPSAM is much larger than in previous versions and CPU excution is slow. 
We encourage users to use GPU/MPS if available. 


Imports complete
Initializing Cellpose model...
Model loaded. GPU: True
Found 55 files to process in /ceph.groups/mshahbazi.grp/rsakata/EXP58/LIF2TIF/setB_T3/LIF2TIF

[1/55] Processing: 5_1
  > Segmenting 79 slices...
  > Detected 60 objects.
  > Finding neighbors...
  > Extracting profiles...
  > Generating summary plots...

[2/55] Processing: 5_2
  > Segmenting 97 slices...
  > Detected 38 objects.
  > Finding neighbors...
  > Extracting profiles...
  > Generating summary plots...

[3/55] Processing: 5_3-1
  > Segmenting 113 slices...
  > Detected 51 objects.
  > Finding neighbors...
  > Extracting profiles...
  > Generating summary plots...

[4/55] Processing: 5_4
  > Segmenting 72 slices...
  > Detected 73 objects.
  > Finding neighbors...
  > Extracting profiles...
  > Generating summary plots...

[5/55] Processing: 6_1
  > Segmenting 27 slices...
  > Detected 82 objects.
  > Finding neighbors...
  > Extracting profiles...
  > Generating summary plots...

[6/55] Processing: 6_2-1
  > Segmenting 24 slices...
  > Detected 51 objects.
  > Finding neighbors...
  > Extracting profiles...
  > Generating summary plots...

[7/55] Processing: 6_2-2
  > Segmenting 24 slices...
  > Detected 68 objects.
  > Finding neighbors...
  > Extracting profiles...
  > Generating summary plots...

[8/55] Processing: 6_3
  > Segmenting 28 slices...
  > Detected 78 objects.
  > Finding neighbors...
  > Extracting profiles...
  > Generating summary plots...

[9/55] Processing: 6_4-1
  > Segmenting 27 slices...
  > Detected 76 objects.
  > Finding neighbors...
  > Extracting profiles...
  > Generating summary plots...

[10/55] Processing: 6_4-2
  > Segmenting 27 slices...
  > Detected 37 objects.
  > Finding neighbors...
  > Extracting profiles...
  > Generating summary plots...

[11/55] Processing: 6_5-1
  > Segmenting 32 slices...
  > Detected 22 objects.
  > Finding neighbors...
  > Extracting profiles...
  > Generating summary plots...

[12/55] Processing: 6_5-2
  > Segmenting 32 slices...
  > Detected 62 objects.
  > Finding neighbors...
  > Extracting profiles...
  > Generating summary plots...

[13/55] Processing: 6_6-1
  > Segmenting 19 slices...
  > Detected 69 objects.
  > Finding neighbors...
  > Extracting profiles...
  > Generating summary plots...

[14/55] Processing: 7_7
  > Segmenting 107 slices...
  > Detected 84 objects.
  > Finding neighbors...
  > Extracting profiles...
  > Generating summary plots...

[15/55] Processing: 7_8-1
  > Segmenting 96 slices...
  > Detected 48 objects.
  > Finding neighbors...
  > Extracting profiles...
  > Generating summary plots...

[16/55] Processing: 7_9
  > Segmenting 65 slices...
  > Detected 54 objects.
  > Finding neighbors...
  > Extracting profiles...
  > Generating summary plots...

[17/55] Processing: 7_10
  > Segmenting 91 slices...
  > Detected 70 objects.
  > Finding neighbors...
  > Extracting profiles...
  > Generating summary plots...

[18/55] Processing: 7_11-1
  > Segmenting 78 slices...
  > Detected 96 objects.
  > Finding neighbors...
  > Extracting profiles...
  > Generating summary plots...

[19/55] Processing: 8_1-1
  > Segmenting 32 slices...
  > Detected 66 objects.
  > Finding neighbors...
  > Extracting profiles...
  > Generating summary plots...

[20/55] Processing: 8_1-2
  > Segmenting 32 slices...
  > Detected 41 objects.
  > Finding neighbors...
  > Extracting profiles...
  > Generating summary plots...

[21/55] Processing: 8_1-3
  > Segmenting 32 slices...
  > Detected 53 objects.
  > Finding neighbors...
  > Extracting profiles...
  > Generating summary plots...

[22/55] Processing: 8_2-1
  > Segmenting 32 slices...
  > Detected 70 objects.
  > Finding neighbors...
  > Extracting profiles...
  > Generating summary plots...

[23/55] Processing: 8_2-2
  > Segmenting 32 slices...
  > Detected 85 objects.
  > Finding neighbors...
  > Extracting profiles...
  > Generating summary plots...

[24/55] Processing: 8_3-1
  > Segmenting 38 slices...
  > Detected 68 objects.
  > Finding neighbors...
  > Extracting profiles...
  > Generating summary plots...

[25/55] Processing: 8_3-2
  > Segmenting 38 slices...
  > Detected 50 objects.
  > Finding neighbors...
  > Extracting profiles...
  > Generating summary plots...

[26/55] Processing: 8_4-1
  > Segmenting 36 slices...
  > Detected 41 objects.
  > Finding neighbors...
  > Extracting profiles...
  > Generating summary plots...

[27/55] Processing: 8_4-2
  > Segmenting 36 slices...
  > Detected 65 objects.
  > Finding neighbors...
  > Extracting profiles...
  > Generating summary plots...

[28/55] Processing: 8_4-3
  > Segmenting 36 slices...
  > Detected 57 objects.
  > Finding neighbors...
  > Extracting profiles...
  > Generating summary plots...

[29/55] Processing: 8_5-1
  > Segmenting 41 slices...
  > Detected 66 objects.
  > Finding neighbors...
  > Extracting profiles...
  > Generating summary plots...

[30/55] Processing: 8_5-2
  > Segmenting 41 slices...
  > Detected 70 objects.
  > Finding neighbors...
  > Extracting profiles...
  > Generating summary plots...

[31/55] Processing: 8_6-1
  > Segmenting 34 slices...
  > Detected 49 objects.
  > Finding neighbors...
  > Extracting profiles...
  > Generating summary plots...

[32/55] Processing: 8_6-2
  > Segmenting 34 slices...
  > Detected 35 objects.
  > Finding neighbors...
  > Extracting profiles...
  > Generating summary plots...

[33/55] Processing: 12_1-1
  > Segmenting 31 slices...
  > Detected 42 objects.
  > Finding neighbors...
  > Extracting profiles...
  > Generating summary plots...

[34/55] Processing: 12_1-2
  > Segmenting 31 slices...
  > Detected 63 objects.
  > Finding neighbors...
  > Extracting profiles...
  > Generating summary plots...

[35/55] Processing: 12_2-1
  > Segmenting 32 slices...
  > Detected 75 objects.
  > Finding neighbors...
  > Extracting profiles...
  > Generating summary plots...

[36/55] Processing: 12_2-2
  > Segmenting 32 slices...
  > Detected 36 objects.
  > Finding neighbors...
  > Extracting profiles...
  > Generating summary plots...

[37/55] Processing: 12_3-1
  > Segmenting 42 slices...
  > Detected 93 objects.
  > Finding neighbors...
  > Extracting profiles...
  > Generating summary plots...

[38/55] Processing: 12_3-2
  > Segmenting 42 slices...
  > Detected 48 objects.
  > Finding neighbors...
  > Extracting profiles...
  > Generating summary plots...

[39/55] Processing: 12_4
  > Segmenting 31 slices...
  > Detected 94 objects.
  > Finding neighbors...
  > Extracting profiles...
  > Generating summary plots...

[40/55] Processing: 12_5
  > Segmenting 30 slices...
  > Detected 61 objects.
  > Finding neighbors...
  > Extracting profiles...
  > Generating summary plots...

[41/55] Processing: 12_6
  > Segmenting 36 slices...
  > Detected 75 objects.
  > Finding neighbors...
  > Extracting profiles...
  > Generating summary plots...

[42/55] Processing: 10_1
  > Segmenting 32 slices...
  > Detected 92 objects.
  > Finding neighbors...
  > Extracting profiles...
  > Generating summary plots...

[43/55] Processing: 10_2
  > Segmenting 43 slices...
  > Detected 101 objects.
  > Finding neighbors...
  > Extracting profiles...
  > Generating summary plots...

[44/55] Processing: 10_3
  > Segmenting 30 slices...
  > Detected 82 objects.
  > Finding neighbors...
  > Extracting profiles...
  > Generating summary plots...

[45/55] Processing: 10_4-1
  > Segmenting 43 slices...
  > Detected 59 objects.
  > Finding neighbors...
  > Extracting profiles...
  > Generating summary plots...

[46/55] Processing: 10_4-2
  > Segmenting 43 slices...
  > Detected 69 objects.
  > Finding neighbors...
  > Extracting profiles...
  > Generating summary plots...

[47/55] Processing: 10_5
  > Segmenting 30 slices...
  > Detected 112 objects.
  > Finding neighbors...
  > Extracting profiles...
  > Generating summary plots...

[48/55] Processing: 10_6
  > Segmenting 32 slices...
  > Detected 74 objects.
  > Finding neighbors...
  > Extracting profiles...
  > Generating summary plots...

[49/55] Processing: 10_7
  > Segmenting 41 slices...
  > Detected 111 objects.
  > Finding neighbors...
  > Extracting profiles...
  > Generating summary plots...

[50/55] Processing: 9_1
  > Segmenting 86 slices...
  > Detected 43 objects.
  > Finding neighbors...
  > Extracting profiles...
  > Generating summary plots...

[51/55] Processing: 9_2
  > Segmenting 87 slices...
  > Detected 25 objects.
  > Finding neighbors...
  > Extracting profiles...
  > Generating summary plots...

[52/55] Processing: 9_3
  > Segmenting 94 slices...
  > Detected 60 objects.
  > Finding neighbors...
  > Extracting profiles...
  > Generating summary plots...

[53/55] Processing: 9_4
  > Segmenting 85 slices...
  > Detected 52 objects.
  > Finding neighbors...
  > Extracting profiles...
  > Generating summary plots...

[54/55] Processing: 9_5
  > Segmenting 95 slices...
  > Detected 30 objects.
  > Finding neighbors...
  > Extracting profiles...
  > Generating summary plots...

[55/55] Processing: 9_6
  > Segmenting 97 slices...
  > Detected 27 objects.
  > Finding neighbors...
  > Extracting profiles...
  > Generating summary plots...

All done in 1466.5s
