	Command being timed: "python /ceph.groups/mshahbazi.grp/rsakata/EXP58/code/setB_T3/cellpose_batch.py"
	User time (seconds): 157.99
	System time (seconds): 13.82
	Percent of CPU this job got: 103%
	Elapsed (wall clock) time (h:mm:ss or m:ss): 2:46.34
	Average shared text size (kbytes): 0
	Average unshared data size (kbytes): 0
	Average stack size (kbytes): 0
	Average total size (kbytes): 0
	Maximum resident set size (kbytes): 4624804
	Average resident set size (kbytes): 0
	Major (requiring I/O) page faults: 17
	Minor (reclaiming a frame) page faults: 5349430
	Voluntary context switches: 28092
	Involuntary context switches: 32959
	Swaps: 0
	File system inputs: 2048
	File system outputs: 1392
	Socket messages sent: 0
	Socket messages received: 0
	Signals delivered: 0
	Page size (bytes): 4096
	Exit status: 0
