	Command being timed: "python /ceph.groups/mshahbazi.grp/rsakata/EXP58/code/setB_T3/cellpose_batch.py"
	User time (seconds): 106.75
	System time (seconds): 13.86
	Percent of CPU this job got: 97%
	Elapsed (wall clock) time (h:mm:ss or m:ss): 2:03.16
	Average shared text size (kbytes): 0
	Average unshared data size (kbytes): 0
	Average stack size (kbytes): 0
	Average total size (kbytes): 0
	Maximum resident set size (kbytes): 4271696
	Average resident set size (kbytes): 0
	Major (requiring I/O) page faults: 3697
	Minor (reclaiming a frame) page faults: 4322524
	Voluntary context switches: 30825
	Involuntary context switches: 396
	Swaps: 0
	File system inputs: 3157192
	File system outputs: 1576
	Socket messages sent: 0
	Socket messages received: 0
	Signals delivered: 0
	Page size (bytes): 4096
	Exit status: 0
