lmbwide.profile complete
Job 6164843 on fmg103.lmb.internal
Python 3.11.13
/lmb/home/rsakata/anaconda3/envs/cellpose_env/bin/python
CUDA available: True
Torch CUDA runtime: 12.8
Visible GPUs: 0
Tue Jan 13 12:47:50 2026       
+---------------------------------------------------------------------------------------+
| NVIDIA-SMI 535.86.10              Driver Version: 535.86.10    CUDA Version: 12.2     |
|-----------------------------------------+----------------------+----------------------+
| GPU  Name                 Persistence-M | Bus-Id        Disp.A | Volatile Uncorr. ECC |
| Fan  Temp   Perf          Pwr:Usage/Cap |         Memory-Usage | GPU-Util  Compute M. |
|                                         |                      |               MIG M. |
|=========================================+======================+======================|
|   0  NVIDIA A100-SXM4-40GB          Off | 00000000:0A:00.0 Off |                    0 |
| N/A   29C    P0              52W / 400W |      4MiB / 40960MiB |      0%      Default |
|                                         |                      |             Disabled |
+-----------------------------------------+----------------------+----------------------+
                                                                                         
+---------------------------------------------------------------------------------------+
| Processes:                                                                            |
|  GPU   GI   CI        PID   Type   Process name                            GPU Memory |
|        ID   ID                                                             Usage      |
|=======================================================================================|
|  No running processes found                                                           |
+---------------------------------------------------------------------------------------+


Welcome to CellposeSAM, cellpose v
cellpose version: 	4.0.6 
platform:       	linux 
python version: 	3.11.13 
torch version:  	2.8.0+cu128! The neural network component of
CPSAM is much larger than in previous versions and CPU excution is slow. 
We encourage users to use GPU/MPS if available. 


Imports complete
Initializing Cellpose model...
Model loaded. GPU: True
Found 55 files to process in /ceph.groups/mshahbazi.grp/rsakata/EXP58/LIF2TIF/setB_T3/LIF2TIF

[1/55] Processing: 5_1
  [Skip] Output exists in: /ceph.groups/mshahbazi.grp/rsakata/EXP58/output/setB_T3/5_1

[2/55] Processing: 5_2
  [Skip] Output exists in: /ceph.groups/mshahbazi.grp/rsakata/EXP58/output/setB_T3/5_2

[3/55] Processing: 5_3-1
  [Skip] Output exists in: /ceph.groups/mshahbazi.grp/rsakata/EXP58/output/setB_T3/5_3-1

[4/55] Processing: 5_4
  [Skip] Output exists in: /ceph.groups/mshahbazi.grp/rsakata/EXP58/output/setB_T3/5_4

[5/55] Processing: 6_1
  [Skip] Output exists in: /ceph.groups/mshahbazi.grp/rsakata/EXP58/output/setB_T3/6_1

[6/55] Processing: 6_2-1
!!! Error processing 6_2-1: 'Y'

[7/55] Processing: 6_2-2
!!! Error processing 6_2-2: 'Y'

[8/55] Processing: 6_3
  [Skip] Output exists in: /ceph.groups/mshahbazi.grp/rsakata/EXP58/output/setB_T3/6_3

[9/55] Processing: 6_4-1
!!! Error processing 6_4-1: 'Y'

[10/55] Processing: 6_4-2
!!! Error processing 6_4-2: 'Y'

[11/55] Processing: 6_5-1
!!! Error processing 6_5-1: 'Y'

[12/55] Processing: 6_5-2
!!! Error processing 6_5-2: 'Y'

[13/55] Processing: 6_6-1
  [Skip] Output exists in: /ceph.groups/mshahbazi.grp/rsakata/EXP58/output/setB_T3/6_6-1

[14/55] Processing: 7_7
  [Skip] Output exists in: /ceph.groups/mshahbazi.grp/rsakata/EXP58/output/setB_T3/7_7

[15/55] Processing: 7_8-1
  [Skip] Output exists in: /ceph.groups/mshahbazi.grp/rsakata/EXP58/output/setB_T3/7_8-1

[16/55] Processing: 7_9
  [Skip] Output exists in: /ceph.groups/mshahbazi.grp/rsakata/EXP58/output/setB_T3/7_9

[17/55] Processing: 7_10
  [Skip] Output exists in: /ceph.groups/mshahbazi.grp/rsakata/EXP58/output/setB_T3/7_10

[18/55] Processing: 7_11-1
  [Skip] Output exists in: /ceph.groups/mshahbazi.grp/rsakata/EXP58/output/setB_T3/7_11-1

[19/55] Processing: 8_1-1
!!! Error processing 8_1-1: 'Y'

[20/55] Processing: 8_1-2
!!! Error processing 8_1-2: 'Y'

[21/55] Processing: 8_1-3
!!! Error processing 8_1-3: 'Y'

[22/55] Processing: 8_2-1
!!! Error processing 8_2-1: 'Y'

[23/55] Processing: 8_2-2
!!! Error processing 8_2-2: 'X'

[24/55] Processing: 8_3-1
!!! Error processing 8_3-1: 'Y'

[25/55] Processing: 8_3-2
!!! Error processing 8_3-2: 'Y'

[26/55] Processing: 8_4-1
!!! Error processing 8_4-1: 'Y'

[27/55] Processing: 8_4-2
!!! Error processing 8_4-2: 'Y'

[28/55] Processing: 8_4-3
!!! Error processing 8_4-3: 'Y'

[29/55] Processing: 8_5-1
!!! Error processing 8_5-1: 'Y'

[30/55] Processing: 8_5-2
!!! Error processing 8_5-2: 'Y'

[31/55] Processing: 8_6-1
!!! Error processing 8_6-1: 'Y'

[32/55] Processing: 8_6-2
!!! Error processing 8_6-2: 'Y'

[33/55] Processing: 12_1-1
!!! Error processing 12_1-1: 'Y'

[34/55] Processing: 12_1-2
!!! Error processing 12_1-2: 'Y'

[35/55] Processing: 12_2-1
!!! Error processing 12_2-1: 'Y'

[36/55] Processing: 12_2-2
!!! Error processing 12_2-2: 'Y'

[37/55] Processing: 12_3-1
!!! Error processing 12_3-1: 'X'

[38/55] Processing: 12_3-2
!!! Error processing 12_3-2: 'Y'

[39/55] Processing: 12_4
  [Skip] Output exists in: /ceph.groups/mshahbazi.grp/rsakata/EXP58/output/setB_T3/12_4

[40/55] Processing: 12_5
  [Skip] Output exists in: /ceph.groups/mshahbazi.grp/rsakata/EXP58/output/setB_T3/12_5

[41/55] Processing: 12_6
  [Skip] Output exists in: /ceph.groups/mshahbazi.grp/rsakata/EXP58/output/setB_T3/12_6

[42/55] Processing: 10_1
  [Skip] Output exists in: /ceph.groups/mshahbazi.grp/rsakata/EXP58/output/setB_T3/10_1

[43/55] Processing: 10_2
  [Skip] Output exists in: /ceph.groups/mshahbazi.grp/rsakata/EXP58/output/setB_T3/10_2

[44/55] Processing: 10_3
  [Skip] Output exists in: /ceph.groups/mshahbazi.grp/rsakata/EXP58/output/setB_T3/10_3

[45/55] Processing: 10_4-1
!!! Error processing 10_4-1: 'Y'

[46/55] Processing: 10_4-2
!!! Error processing 10_4-2: 'Y'

[47/55] Processing: 10_5
  [Skip] Output exists in: /ceph.groups/mshahbazi.grp/rsakata/EXP58/output/setB_T3/10_5

[48/55] Processing: 10_6
  [Skip] Output exists in: /ceph.groups/mshahbazi.grp/rsakata/EXP58/output/setB_T3/10_6

[49/55] Processing: 10_7
  [Skip] Output exists in: /ceph.groups/mshahbazi.grp/rsakata/EXP58/output/setB_T3/10_7

[50/55] Processing: 9_1
  [Skip] Output exists in: /ceph.groups/mshahbazi.grp/rsakata/EXP58/output/setB_T3/9_1

[51/55] Processing: 9_2
  [Skip] Output exists in: /ceph.groups/mshahbazi.grp/rsakata/EXP58/output/setB_T3/9_2

[52/55] Processing: 9_3
  [Skip] Output exists in: /ceph.groups/mshahbazi.grp/rsakata/EXP58/output/setB_T3/9_3

[53/55] Processing: 9_4
  [Skip] Output exists in: /ceph.groups/mshahbazi.grp/rsakata/EXP58/output/setB_T3/9_4

[54/55] Processing: 9_5
  [Skip] Output exists in: /ceph.groups/mshahbazi.grp/rsakata/EXP58/output/setB_T3/9_5

[55/55] Processing: 9_6
  [Skip] Output exists in: /ceph.groups/mshahbazi.grp/rsakata/EXP58/output/setB_T3/9_6

All done in 0.1s
