lmbwide.profile complete
Job 6544882 on fmg103.lmb.internal
Python 3.11.13
/lmb/home/rsakata/anaconda3/envs/cellpose_env/bin/python
CUDA available: True
Torch CUDA runtime: 12.8
Visible GPUs: 0,1,2,3
Wed Jul  1 09:39:20 2026       
+-----------------------------------------------------------------------------------------+
| NVIDIA-SMI 595.71.05              Driver Version: 595.71.05      CUDA Version: 13.2     |
+-----------------------------------------+------------------------+----------------------+
| GPU  Name                 Persistence-M | Bus-Id          Disp.A | Volatile Uncorr. ECC |
| Fan  Temp   Perf          Pwr:Usage/Cap |           Memory-Usage | GPU-Util  Compute M. |
|                                         |                        |               MIG M. |
|=========================================+========================+======================|
|   0  NVIDIA A100-SXM4-40GB          Off |   00000000:90:00.0 Off |                    0 |
| N/A   30C    P0             55W /  400W |       0MiB /  40960MiB |      0%      Default |
|                                         |                        |             Disabled |
+-----------------------------------------+------------------------+----------------------+
|   1  NVIDIA A100-SXM4-40GB          Off |   00000000:96:00.0 Off |                    0 |
| N/A   28C    P0             56W /  400W |       0MiB /  40960MiB |      0%      Default |
|                                         |                        |             Disabled |
+-----------------------------------------+------------------------+----------------------+
|   2  NVIDIA A100-SXM4-40GB          Off |   00000000:C6:00.0 Off |                    0 |
| N/A   26C    P0             52W /  400W |       0MiB /  40960MiB |      0%      Default |
|                                         |                        |             Disabled |
+-----------------------------------------+------------------------+----------------------+
|   3  NVIDIA A100-SXM4-40GB          Off |   00000000:C9:00.0 Off |                    0 |
| N/A   28C    P0             54W /  400W |       0MiB /  40960MiB |      0%      Default |
|                                         |                        |             Disabled |
+-----------------------------------------+------------------------+----------------------+

+-----------------------------------------------------------------------------------------+
| Processes:                                                                              |
|  GPU   GI   CI              PID   Type   Process name                        GPU Memory |
|        ID   ID                                                               Usage      |
|=========================================================================================|
|  No running processes found                                                             |
+-----------------------------------------------------------------------------------------+


Welcome to CellposeSAM, cellpose v
cellpose version: 	4.0.6 
platform:       	linux 
python version: 	3.11.13 
torch version:  	2.8.0+cu128! The neural network component of
CPSAM is much larger than in previous versions and CPU excution is slow. 
We encourage users to use GPU/MPS if available. 


GPU available to Cellpose: True
Found 68 TIFs
[array] task 2: /ceph.groups/mshahbazi.grp/rsakata/EXP91/LIF2TIF/DAPI_GATA3_GFP_mcherry_NANOG_3 - 5_3.tif

== DAPI_GATA3_GFP_mcherry_NANOG_3 - 5_3.tif → 5_3
Objects: 165
Saved: /ceph.groups/mshahbazi.grp/rsakata/EXP91/cellpose/output/1_cellpose/5_3_nucleus_intensity.csv
Saved: /ceph.groups/mshahbazi.grp/rsakata/EXP91/cellpose/output/1_cellpose/5_3_mosaic_Image1_a-b.png

All done in 147.2s
