lmbwide.profile complete
Job 6640744 on fmg102.lmb.internal
Python 3.11.13
/lmb/home/rsakata/anaconda3/envs/cellpose_env/bin/python
CUDA available: True
Torch CUDA runtime: 12.8
Visible GPUs: 0
Tue Aug 11 13:40:28 2026       
+-----------------------------------------------------------------------------------------+
| NVIDIA-SMI 610.57.04              KMD Version: 610.57.04     CUDA UMD Version: 13.3     |
+-----------------------------------------+------------------------+----------------------+
| GPU  Name                 Persistence-M | Bus-Id          Disp.A | Volatile Uncorr. ECC |
| Fan  Temp   Perf          Pwr:Usage/Cap |           Memory-Usage | GPU-Util  Compute M. |
|                                         |                        |               MIG M. |
|=========================================+========================+======================|
|   0  NVIDIA A100-SXM4-40GB          Off |   00000000:C7:00.0 Off |                    0 |
| N/A   25C    P0             51W /  400W |       0MiB /  40960MiB |      0%      Default |
|                                         |                        |             Disabled |
+-----------------------------------------+------------------------+----------------------+

+-----------------------------------------------------------------------------------------+
| Processes:                                                                              |
|  GPU   GI   CI              PID   Type   Process name                        GPU Memory |
|        ID   ID                                                               Usage      |
|=========================================================================================|
|  No running processes found                                                             |
+-----------------------------------------------------------------------------------------+


Welcome to CellposeSAM, cellpose v
cellpose version: 	4.0.6 
platform:       	linux 
python version: 	3.11.13 
torch version:  	2.8.0+cu128! The neural network component of
CPSAM is much larger than in previous versions and CPU excution is slow. 
We encourage users to use GPU/MPS if available. 


Initializing Cellpose model...
Model loaded. GPU: True
Found 10 TIFF files in /ceph.groups/mshahbazi.grp/rsakata/HE_EXP179/LIF2TIF
[array] task 9: /ceph.groups/mshahbazi.grp/rsakata/HE_EXP179/LIF2TIF/EXP179_DAPI_ECADorGATA4_NANOG_GATA3_caspase3_serie_10 - MS771.tif

[1/1] Processing: MS771
  > Voxel size 0.2706 µm/px agrees with file metadata.
  > Axes from file axes metadata (ZCYX): (68, 6, 1024, 1024) -> (68, 6, 1024, 1024) (Z,C,Y,X)
  > Z=68, C=6, Y=1024, X=1024; pixel 0.2706 um; cell-mask min_size=137 px (= 10.0 um2); DAPI-mask min_size=137 px (= 10.0 um2)
  > Segmenting cell masks in 68 slices using ['ECAD', 'DAPI']...
  > 2004 slice-local cell masks across 61/68 slices
  > Segmenting DAPI masks in 68 slices using ['DAPI']...
  > 1920 slice-local DAPI masks across 62/68 slices
  > Object area um2: p5=60 median=151 p95=341 (cutoff 10.0)
  > Mask-to-mask gap at candidate interfaces um: p10=0.00 median=1.08 p90=3.28 (MAX_PAIR_GAP_UM=1.0)
  > Finding interfaces, assigning DAPI masks, and sampling ribbons...
  > DAPI assignment: 1731 cell masks assigned from 1908 DAPI masks; 669 geometric pairs removed because one or both cells lacked a valid DAPI mask
  [QC] 87 DAPI-mask assignments involved cells with multiple candidate nuclei; the strongest-overlap nucleus was retained
  > 2045 interfaces retained after geometry and mandatory DAPI-mask filtering (2714 geometric; 2984 candidates)
  [QC] ECAD peak vs geometric zero: median +0.00 µm, IQR -0.50 to +1.00 µm, n=2045 (reported only, not applied)
  > Saved pair statistics: /ceph.groups/mshahbazi.grp/rsakata/HE_EXP179/cellpose/output/cellpose_boundary/MS771/MS771_pair_stats.csv (2045 pairs)
  > Saved summary: /ceph.groups/mshahbazi.grp/rsakata/HE_EXP179/cellpose/output/cellpose_boundary/MS771/MS771_summary.csv
  > Saved profiles: /ceph.groups/mshahbazi.grp/rsakata/HE_EXP179/cellpose/output/cellpose_boundary/MS771/MS771_profiles.csv (245484 rows)

All done in 102.6 s
