lmbwide.profile complete
Job 6640743 on fmg101.lmb.internal
Python 3.11.13
/lmb/home/rsakata/anaconda3/envs/cellpose_env/bin/python
CUDA available: True
Torch CUDA runtime: 12.8
Visible GPUs: 0
Tue Aug 11 13:40:28 2026       
+-----------------------------------------------------------------------------------------+
| NVIDIA-SMI 610.57.04              KMD Version: 610.57.04     CUDA UMD Version: 13.3     |
+-----------------------------------------+------------------------+----------------------+
| GPU  Name                 Persistence-M | Bus-Id          Disp.A | Volatile Uncorr. ECC |
| Fan  Temp   Perf          Pwr:Usage/Cap |           Memory-Usage | GPU-Util  Compute M. |
|                                         |                        |               MIG M. |
|=========================================+========================+======================|
|   0  NVIDIA A100-SXM4-40GB          Off |   00000000:87:00.0 Off |                    0 |
| N/A   36C    P0             56W /  400W |       0MiB /  40960MiB |      0%      Default |
|                                         |                        |             Disabled |
+-----------------------------------------+------------------------+----------------------+

+-----------------------------------------------------------------------------------------+
| Processes:                                                                              |
|  GPU   GI   CI              PID   Type   Process name                        GPU Memory |
|        ID   ID                                                               Usage      |
|=========================================================================================|
|  No running processes found                                                             |
+-----------------------------------------------------------------------------------------+


Welcome to CellposeSAM, cellpose v
cellpose version: 	4.0.6 
platform:       	linux 
python version: 	3.11.13 
torch version:  	2.8.0+cu128! The neural network component of
CPSAM is much larger than in previous versions and CPU excution is slow. 
We encourage users to use GPU/MPS if available. 


Initializing Cellpose model...
Model loaded. GPU: True
Found 10 TIFF files in /ceph.groups/mshahbazi.grp/rsakata/HE_EXP179/LIF2TIF
[array] task 8: /ceph.groups/mshahbazi.grp/rsakata/HE_EXP179/LIF2TIF/EXP179_DAPI_ECADorGATA4_NANOG_GATA3_caspase3_serie_9 - MS1394.tif

[1/1] Processing: MS1394
  > Voxel size 0.2706 µm/px agrees with file metadata.
  > Axes from file axes metadata (ZCYX): (65, 6, 1024, 1024) -> (65, 6, 1024, 1024) (Z,C,Y,X)
  > Z=65, C=6, Y=1024, X=1024; pixel 0.2706 um; cell-mask min_size=137 px (= 10.0 um2); DAPI-mask min_size=137 px (= 10.0 um2)
  > Segmenting cell masks in 65 slices using ['ECAD', 'DAPI']...
  > 846 slice-local cell masks across 62/65 slices
  > Segmenting DAPI masks in 65 slices using ['DAPI']...
  > 773 slice-local DAPI masks across 60/65 slices
  > Object area um2: p5=88 median=232 p95=472 (cutoff 10.0)
  > Mask-to-mask gap at candidate interfaces um: p10=0.00 median=0.27 p90=3.46 (MAX_PAIR_GAP_UM=1.0)
  > Finding interfaces, assigning DAPI masks, and sampling ribbons...
  > DAPI assignment: 675 cell masks assigned from 768 DAPI masks; 308 geometric pairs removed because one or both cells lacked a valid DAPI mask
  [QC] 20 DAPI-mask assignments involved cells with multiple candidate nuclei; the strongest-overlap nucleus was retained
  > 554 interfaces retained after geometry and mandatory DAPI-mask filtering (862 geometric; 936 candidates)
  [QC] ECAD peak vs geometric zero: median +0.00 µm, IQR -1.00 to +1.00 µm, n=554 (reported only, not applied)
  > Saved pair statistics: /ceph.groups/mshahbazi.grp/rsakata/HE_EXP179/cellpose/output/cellpose_boundary/MS1394/MS1394_pair_stats.csv (554 pairs)
  > Saved summary: /ceph.groups/mshahbazi.grp/rsakata/HE_EXP179/cellpose/output/cellpose_boundary/MS1394/MS1394_summary.csv
  > Saved profiles: /ceph.groups/mshahbazi.grp/rsakata/HE_EXP179/cellpose/output/cellpose_boundary/MS1394/MS1394_profiles.csv (68706 rows)

All done in 97.3 s
