	Command being timed: "python /ceph.groups/mshahbazi.grp/rsakata/EXP63/code/setA_T3/cellpose_batch.py"
	User time (seconds): 179.20
	System time (seconds): 9.90
	Percent of CPU this job got: 101%
	Elapsed (wall clock) time (h:mm:ss or m:ss): 3:06.91
	Average shared text size (kbytes): 0
	Average unshared data size (kbytes): 0
	Average stack size (kbytes): 0
	Average total size (kbytes): 0
	Maximum resident set size (kbytes): 4592220
	Average resident set size (kbytes): 0
	Major (requiring I/O) page faults: 9
	Minor (reclaiming a frame) page faults: 5264540
	Voluntary context switches: 11261
	Involuntary context switches: 3174423
	Swaps: 0
	File system inputs: 2048
	File system outputs: 2496
	Socket messages sent: 0
	Socket messages received: 0
	Signals delivered: 0
	Page size (bytes): 4096
	Exit status: 0
