	Command being timed: "python /ceph.groups/mshahbazi.grp/rsakata/EXP63/code/setA_T3/cellpose_batch.py"
	User time (seconds): 78.22
	System time (seconds): 5.67
	Percent of CPU this job got: 97%
	Elapsed (wall clock) time (h:mm:ss or m:ss): 1:25.83
	Average shared text size (kbytes): 0
	Average unshared data size (kbytes): 0
	Average stack size (kbytes): 0
	Average total size (kbytes): 0
	Maximum resident set size (kbytes): 2841784
	Average resident set size (kbytes): 0
	Major (requiring I/O) page faults: 2478
	Minor (reclaiming a frame) page faults: 2213132
	Voluntary context switches: 14992
	Involuntary context switches: 517038
	Swaps: 0
	File system inputs: 800152
	File system outputs: 2160
	Socket messages sent: 0
	Socket messages received: 0
	Signals delivered: 0
	Page size (bytes): 4096
	Exit status: 0
