	Command being timed: "python /ceph.groups/mshahbazi.grp/rsakata/EXP63/code/setA_T3/cellpose_batch.py"
	User time (seconds): 260.10
	System time (seconds): 35.44
	Percent of CPU this job got: 100%
	Elapsed (wall clock) time (h:mm:ss or m:ss): 4:53.45
	Average shared text size (kbytes): 0
	Average unshared data size (kbytes): 0
	Average stack size (kbytes): 0
	Average total size (kbytes): 0
	Maximum resident set size (kbytes): 6598804
	Average resident set size (kbytes): 0
	Major (requiring I/O) page faults: 1748
	Minor (reclaiming a frame) page faults: 27661694
	Voluntary context switches: 22283
	Involuntary context switches: 3983135
	Swaps: 0
	File system inputs: 726192
	File system outputs: 1520
	Socket messages sent: 0
	Socket messages received: 0
	Signals delivered: 0
	Page size (bytes): 4096
	Exit status: 0
