	Command being timed: "python /ceph.groups/mshahbazi.grp/rsakata/EXP63/code/setA_T3/cellpose_batch.py"
	User time (seconds): 4.83
	System time (seconds): 2.69
	Percent of CPU this job got: 81%
	Elapsed (wall clock) time (h:mm:ss or m:ss): 0:09.20
	Average shared text size (kbytes): 0
	Average unshared data size (kbytes): 0
	Average stack size (kbytes): 0
	Average total size (kbytes): 0
	Maximum resident set size (kbytes): 2095720
	Average resident set size (kbytes): 0
	Major (requiring I/O) page faults: 969
	Minor (reclaiming a frame) page faults: 797655
	Voluntary context switches: 10669
	Involuntary context switches: 63
	Swaps: 0
	File system inputs: 503200
	File system outputs: 32
	Socket messages sent: 0
	Socket messages received: 0
	Signals delivered: 0
	Page size (bytes): 4096
	Exit status: 0
