	Command being timed: "python /ceph.groups/mshahbazi.grp/rsakata/EXP63/code/setA_T3/cytoseg.py"
	User time (seconds): 78.05
	System time (seconds): 2.36
	Percent of CPU this job got: 98%
	Elapsed (wall clock) time (h:mm:ss or m:ss): 1:21.50
	Average shared text size (kbytes): 0
	Average unshared data size (kbytes): 0
	Average stack size (kbytes): 0
	Average total size (kbytes): 0
	Maximum resident set size (kbytes): 1342432
	Average resident set size (kbytes): 0
	Major (requiring I/O) page faults: 273
	Minor (reclaiming a frame) page faults: 1520547
	Voluntary context switches: 3528
	Involuntary context switches: 105
	Swaps: 0
	File system inputs: 30080
	File system outputs: 61200
	Socket messages sent: 0
	Socket messages received: 0
	Signals delivered: 0
	Page size (bytes): 4096
	Exit status: 0
