Traceback (most recent call last):
  File "/ceph.groups/mshahbazi.grp/rsakata/EXP62/code/setB_T3/cellpose_boundary.py", line 98, in main
    process_single_file(fpath, sample)
  File "/ceph.groups/mshahbazi.grp/rsakata/EXP62/code/setB_T3/cellpose_boundary.py", line 152, in process_single_file
    masks_3d = np.array(masks_list).astype(np.inT32)
                                           ^^^^^^^^
  File "/lmb/home/rsakata/anaconda3/envs/cellpose_env/lib/python3.11/site-packages/numpy/__init__.py", line 414, in __getattr__
    raise AttributeError("module {!r} has no attribute "
AttributeError: module 'numpy' has no attribute 'inT32'
Traceback (most recent call last):
  File "/ceph.groups/mshahbazi.grp/rsakata/EXP62/code/setB_T3/cellpose_boundary.py", line 98, in main
    process_single_file(fpath, sample)
  File "/ceph.groups/mshahbazi.grp/rsakata/EXP62/code/setB_T3/cellpose_boundary.py", line 152, in process_single_file
    masks_3d = np.array(masks_list).astype(np.inT32)
                                           ^^^^^^^^
  File "/lmb/home/rsakata/anaconda3/envs/cellpose_env/lib/python3.11/site-packages/numpy/__init__.py", line 414, in __getattr__
    raise AttributeError("module {!r} has no attribute "
AttributeError: module 'numpy' has no attribute 'inT32'
Traceback (most recent call last):
  File "/ceph.groups/mshahbazi.grp/rsakata/EXP62/code/setB_T3/cellpose_boundary.py", line 98, in main
    process_single_file(fpath, sample)
  File "/ceph.groups/mshahbazi.grp/rsakata/EXP62/code/setB_T3/cellpose_boundary.py", line 152, in process_single_file
    masks_3d = np.array(masks_list).astype(np.inT32)
                                           ^^^^^^^^
  File "/lmb/home/rsakata/anaconda3/envs/cellpose_env/lib/python3.11/site-packages/numpy/__init__.py", line 414, in __getattr__
    raise AttributeError("module {!r} has no attribute "
AttributeError: module 'numpy' has no attribute 'inT32'
Traceback (most recent call last):
  File "/ceph.groups/mshahbazi.grp/rsakata/EXP62/code/setB_T3/cellpose_boundary.py", line 98, in main
    process_single_file(fpath, sample)
  File "/ceph.groups/mshahbazi.grp/rsakata/EXP62/code/setB_T3/cellpose_boundary.py", line 152, in process_single_file
    masks_3d = np.array(masks_list).astype(np.inT32)
                                           ^^^^^^^^
  File "/lmb/home/rsakata/anaconda3/envs/cellpose_env/lib/python3.11/site-packages/numpy/__init__.py", line 414, in __getattr__
    raise AttributeError("module {!r} has no attribute "
AttributeError: module 'numpy' has no attribute 'inT32'
Traceback (most recent call last):
  File "/ceph.groups/mshahbazi.grp/rsakata/EXP62/code/setB_T3/cellpose_boundary.py", line 98, in main
    process_single_file(fpath, sample)
  File "/ceph.groups/mshahbazi.grp/rsakata/EXP62/code/setB_T3/cellpose_boundary.py", line 152, in process_single_file
    masks_3d = np.array(masks_list).astype(np.inT32)
                                           ^^^^^^^^
  File "/lmb/home/rsakata/anaconda3/envs/cellpose_env/lib/python3.11/site-packages/numpy/__init__.py", line 414, in __getattr__
    raise AttributeError("module {!r} has no attribute "
AttributeError: module 'numpy' has no attribute 'inT32'
Traceback (most recent call last):
  File "/ceph.groups/mshahbazi.grp/rsakata/EXP62/code/setB_T3/cellpose_boundary.py", line 98, in main
    process_single_file(fpath, sample)
  File "/ceph.groups/mshahbazi.grp/rsakata/EXP62/code/setB_T3/cellpose_boundary.py", line 122, in process_single_file
    img = reorder_tiff_to_zcxy(img)
          ^^^^^^^^^^^^^^^^^^^^^^^^^
  File "/ceph.groups/mshahbazi.grp/rsakata/EXP62/code/setB_T3/cellpose_boundary.py", line 64, in reorder_tiff_to_zcxy
    new_order = [dim_map['Z'], dim_map['C'], dim_map['Y'], dim_map['X']]
                                             ~~~~~~~^^^^^
KeyError: 'Y'
Traceback (most recent call last):
  File "/ceph.groups/mshahbazi.grp/rsakata/EXP62/code/setB_T3/cellpose_boundary.py", line 98, in main
    process_single_file(fpath, sample)
  File "/ceph.groups/mshahbazi.grp/rsakata/EXP62/code/setB_T3/cellpose_boundary.py", line 122, in process_single_file
    img = reorder_tiff_to_zcxy(img)
          ^^^^^^^^^^^^^^^^^^^^^^^^^
  File "/ceph.groups/mshahbazi.grp/rsakata/EXP62/code/setB_T3/cellpose_boundary.py", line 64, in reorder_tiff_to_zcxy
    new_order = [dim_map['Z'], dim_map['C'], dim_map['Y'], dim_map['X']]
                                             ~~~~~~~^^^^^
KeyError: 'Y'
Traceback (most recent call last):
  File "/ceph.groups/mshahbazi.grp/rsakata/EXP62/code/setB_T3/cellpose_boundary.py", line 98, in main
    process_single_file(fpath, sample)
  File "/ceph.groups/mshahbazi.grp/rsakata/EXP62/code/setB_T3/cellpose_boundary.py", line 152, in process_single_file
    masks_3d = np.array(masks_list).astype(np.inT32)
                                           ^^^^^^^^
  File "/lmb/home/rsakata/anaconda3/envs/cellpose_env/lib/python3.11/site-packages/numpy/__init__.py", line 414, in __getattr__
    raise AttributeError("module {!r} has no attribute "
AttributeError: module 'numpy' has no attribute 'inT32'
Traceback (most recent call last):
  File "/ceph.groups/mshahbazi.grp/rsakata/EXP62/code/setB_T3/cellpose_boundary.py", line 98, in main
    process_single_file(fpath, sample)
  File "/ceph.groups/mshahbazi.grp/rsakata/EXP62/code/setB_T3/cellpose_boundary.py", line 122, in process_single_file
    img = reorder_tiff_to_zcxy(img)
          ^^^^^^^^^^^^^^^^^^^^^^^^^
  File "/ceph.groups/mshahbazi.grp/rsakata/EXP62/code/setB_T3/cellpose_boundary.py", line 64, in reorder_tiff_to_zcxy
    new_order = [dim_map['Z'], dim_map['C'], dim_map['Y'], dim_map['X']]
                                             ~~~~~~~^^^^^
KeyError: 'Y'
Traceback (most recent call last):
  File "/ceph.groups/mshahbazi.grp/rsakata/EXP62/code/setB_T3/cellpose_boundary.py", line 98, in main
    process_single_file(fpath, sample)
  File "/ceph.groups/mshahbazi.grp/rsakata/EXP62/code/setB_T3/cellpose_boundary.py", line 122, in process_single_file
    img = reorder_tiff_to_zcxy(img)
          ^^^^^^^^^^^^^^^^^^^^^^^^^
  File "/ceph.groups/mshahbazi.grp/rsakata/EXP62/code/setB_T3/cellpose_boundary.py", line 64, in reorder_tiff_to_zcxy
    new_order = [dim_map['Z'], dim_map['C'], dim_map['Y'], dim_map['X']]
                                             ~~~~~~~^^^^^
KeyError: 'Y'
Traceback (most recent call last):
  File "/ceph.groups/mshahbazi.grp/rsakata/EXP62/code/setB_T3/cellpose_boundary.py", line 98, in main
    process_single_file(fpath, sample)
  File "/ceph.groups/mshahbazi.grp/rsakata/EXP62/code/setB_T3/cellpose_boundary.py", line 122, in process_single_file
    img = reorder_tiff_to_zcxy(img)
          ^^^^^^^^^^^^^^^^^^^^^^^^^
  File "/ceph.groups/mshahbazi.grp/rsakata/EXP62/code/setB_T3/cellpose_boundary.py", line 64, in reorder_tiff_to_zcxy
    new_order = [dim_map['Z'], dim_map['C'], dim_map['Y'], dim_map['X']]
                                             ~~~~~~~^^^^^
KeyError: 'Y'
Traceback (most recent call last):
  File "/ceph.groups/mshahbazi.grp/rsakata/EXP62/code/setB_T3/cellpose_boundary.py", line 98, in main
    process_single_file(fpath, sample)
  File "/ceph.groups/mshahbazi.grp/rsakata/EXP62/code/setB_T3/cellpose_boundary.py", line 152, in process_single_file
    masks_3d = np.array(masks_list).astype(np.inT32)
                                           ^^^^^^^^
  File "/lmb/home/rsakata/anaconda3/envs/cellpose_env/lib/python3.11/site-packages/numpy/__init__.py", line 414, in __getattr__
    raise AttributeError("module {!r} has no attribute "
AttributeError: module 'numpy' has no attribute 'inT32'
Traceback (most recent call last):
  File "/ceph.groups/mshahbazi.grp/rsakata/EXP62/code/setB_T3/cellpose_boundary.py", line 98, in main
    process_single_file(fpath, sample)
  File "/ceph.groups/mshahbazi.grp/rsakata/EXP62/code/setB_T3/cellpose_boundary.py", line 152, in process_single_file
    masks_3d = np.array(masks_list).astype(np.inT32)
                                           ^^^^^^^^
  File "/lmb/home/rsakata/anaconda3/envs/cellpose_env/lib/python3.11/site-packages/numpy/__init__.py", line 414, in __getattr__
    raise AttributeError("module {!r} has no attribute "
AttributeError: module 'numpy' has no attribute 'inT32'
Traceback (most recent call last):
  File "/ceph.groups/mshahbazi.grp/rsakata/EXP62/code/setB_T3/cellpose_boundary.py", line 98, in main
    process_single_file(fpath, sample)
  File "/ceph.groups/mshahbazi.grp/rsakata/EXP62/code/setB_T3/cellpose_boundary.py", line 122, in process_single_file
    img = reorder_tiff_to_zcxy(img)
          ^^^^^^^^^^^^^^^^^^^^^^^^^
  File "/ceph.groups/mshahbazi.grp/rsakata/EXP62/code/setB_T3/cellpose_boundary.py", line 64, in reorder_tiff_to_zcxy
    new_order = [dim_map['Z'], dim_map['C'], dim_map['Y'], dim_map['X']]
                                                           ~~~~~~~^^^^^
KeyError: 'X'
Traceback (most recent call last):
  File "/ceph.groups/mshahbazi.grp/rsakata/EXP62/code/setB_T3/cellpose_boundary.py", line 98, in main
    process_single_file(fpath, sample)
  File "/ceph.groups/mshahbazi.grp/rsakata/EXP62/code/setB_T3/cellpose_boundary.py", line 152, in process_single_file
    masks_3d = np.array(masks_list).astype(np.inT32)
                                           ^^^^^^^^
  File "/lmb/home/rsakata/anaconda3/envs/cellpose_env/lib/python3.11/site-packages/numpy/__init__.py", line 414, in __getattr__
    raise AttributeError("module {!r} has no attribute "
AttributeError: module 'numpy' has no attribute 'inT32'
slurmstepd: error: *** JOB 6161650 ON fmg103 CANCELLED AT 2026-01-10T10:43:45 ***
