	Command being timed: "python /ceph.groups/mshahbazi.grp/rsakata/EXP62/code/setB_T3/cytoseg.py"
	User time (seconds): 26.18
	System time (seconds): 0.35
	Percent of CPU this job got: 99%
	Elapsed (wall clock) time (h:mm:ss or m:ss): 0:26.78
	Average shared text size (kbytes): 0
	Average unshared data size (kbytes): 0
	Average stack size (kbytes): 0
	Average total size (kbytes): 0
	Maximum resident set size (kbytes): 509040
	Average resident set size (kbytes): 0
	Major (requiring I/O) page faults: 0
	Minor (reclaiming a frame) page faults: 73240
	Voluntary context switches: 913
	Involuntary context switches: 102
	Swaps: 0
	File system inputs: 0
	File system outputs: 20160
	Socket messages sent: 0
	Socket messages received: 0
	Signals delivered: 0
	Page size (bytes): 4096
	Exit status: 0
