	Command being timed: "python /ceph.groups/mshahbazi.grp/rsakata/EXP62/code/setB_T3/cytoseg.py"
	User time (seconds): 5.49
	System time (seconds): 0.18
	Percent of CPU this job got: 95%
	Elapsed (wall clock) time (h:mm:ss or m:ss): 0:05.92
	Average shared text size (kbytes): 0
	Average unshared data size (kbytes): 0
	Average stack size (kbytes): 0
	Average total size (kbytes): 0
	Maximum resident set size (kbytes): 206592
	Average resident set size (kbytes): 0
	Major (requiring I/O) page faults: 0
	Minor (reclaiming a frame) page faults: 51211
	Voluntary context switches: 1680
	Involuntary context switches: 20
	Swaps: 0
	File system inputs: 0
	File system outputs: 4136
	Socket messages sent: 0
	Socket messages received: 0
	Signals delivered: 0
	Page size (bytes): 4096
	Exit status: 0
