	Command being timed: "python /ceph.groups/mshahbazi.grp/rsakata/EXP58/code/setA_T2/cytoseg.py"
	User time (seconds): 3.65
	System time (seconds): 0.22
	Percent of CPU this job got: 90%
	Elapsed (wall clock) time (h:mm:ss or m:ss): 0:04.30
	Average shared text size (kbytes): 0
	Average unshared data size (kbytes): 0
	Average stack size (kbytes): 0
	Average total size (kbytes): 0
	Maximum resident set size (kbytes): 184500
	Average resident set size (kbytes): 0
	Major (requiring I/O) page faults: 397
	Minor (reclaiming a frame) page faults: 55545
	Voluntary context switches: 3611
	Involuntary context switches: 26
	Swaps: 0
	File system inputs: 98696
	File system outputs: 2808
	Socket messages sent: 0
	Socket messages received: 0
	Signals delivered: 0
	Page size (bytes): 4096
	Exit status: 0
