	Command being timed: "python /ceph.groups/mshahbazi.grp/rsakata/EXP58/code/setA_T2/cytoseg.py"
	User time (seconds): 3.77
	System time (seconds): 0.26
	Percent of CPU this job got: 93%
	Elapsed (wall clock) time (h:mm:ss or m:ss): 0:04.30
	Average shared text size (kbytes): 0
	Average unshared data size (kbytes): 0
	Average stack size (kbytes): 0
	Average total size (kbytes): 0
	Maximum resident set size (kbytes): 171748
	Average resident set size (kbytes): 0
	Major (requiring I/O) page faults: 291
	Minor (reclaiming a frame) page faults: 71552
	Voluntary context switches: 2985
	Involuntary context switches: 58
	Swaps: 0
	File system inputs: 41136
	File system outputs: 2240
	Socket messages sent: 0
	Socket messages received: 0
	Signals delivered: 0
	Page size (bytes): 4096
	Exit status: 0
