	Command being timed: "python /ceph.groups/mshahbazi.grp/rsakata/EXP58/code/setA_T2/cytoseg.py"
	User time (seconds): 24.43
	System time (seconds): 0.95
	Percent of CPU this job got: 98%
	Elapsed (wall clock) time (h:mm:ss or m:ss): 0:25.82
	Average shared text size (kbytes): 0
	Average unshared data size (kbytes): 0
	Average stack size (kbytes): 0
	Average total size (kbytes): 0
	Maximum resident set size (kbytes): 508660
	Average resident set size (kbytes): 0
	Major (requiring I/O) page faults: 401
	Minor (reclaiming a frame) page faults: 605804
	Voluntary context switches: 3354
	Involuntary context switches: 39
	Swaps: 0
	File system inputs: 98896
	File system outputs: 19032
	Socket messages sent: 0
	Socket messages received: 0
	Signals delivered: 0
	Page size (bytes): 4096
	Exit status: 0
