	Command being timed: "python /ceph.groups/mshahbazi.grp/rsakata/EXP58/code/setA_T2/cytointensity.py"
	User time (seconds): 0.76
	System time (seconds): 0.38
	Percent of CPU this job got: 55%
	Elapsed (wall clock) time (h:mm:ss or m:ss): 0:02.06
	Average shared text size (kbytes): 0
	Average unshared data size (kbytes): 0
	Average stack size (kbytes): 0
	Average total size (kbytes): 0
	Maximum resident set size (kbytes): 201808
	Average resident set size (kbytes): 0
	Major (requiring I/O) page faults: 295
	Minor (reclaiming a frame) page faults: 116914
	Voluntary context switches: 5485
	Involuntary context switches: 6
	Swaps: 0
	File system inputs: 61784
	File system outputs: 24
	Socket messages sent: 0
	Socket messages received: 0
	Signals delivered: 0
	Page size (bytes): 4096
	Exit status: 0
