	Command being timed: "python /ceph.groups/mshahbazi.grp/rsakata/EXP58/code/setA_T2/cellpose_batch.py"
	User time (seconds): 62.99
	System time (seconds): 5.14
	Percent of CPU this job got: 98%
	Elapsed (wall clock) time (h:mm:ss or m:ss): 1:09.19
	Average shared text size (kbytes): 0
	Average unshared data size (kbytes): 0
	Average stack size (kbytes): 0
	Average total size (kbytes): 0
	Maximum resident set size (kbytes): 2867164
	Average resident set size (kbytes): 0
	Major (requiring I/O) page faults: 8
	Minor (reclaiming a frame) page faults: 1570745
	Voluntary context switches: 10577
	Involuntary context switches: 280
	Swaps: 0
	File system inputs: 1792
	File system outputs: 760
	Socket messages sent: 0
	Socket messages received: 0
	Signals delivered: 0
	Page size (bytes): 4096
	Exit status: 0
