	Command being timed: "python /ceph.groups/mshahbazi.grp/rsakata/EXP58/code/setA_T2/cellpose_batch.py"
	User time (seconds): 74.03
	System time (seconds): 8.86
	Percent of CPU this job got: 62%
	Elapsed (wall clock) time (h:mm:ss or m:ss): 2:11.83
	Average shared text size (kbytes): 0
	Average unshared data size (kbytes): 0
	Average stack size (kbytes): 0
	Average total size (kbytes): 0
	Maximum resident set size (kbytes): 3182504
	Average resident set size (kbytes): 0
	Major (requiring I/O) page faults: 3552
	Minor (reclaiming a frame) page faults: 3147053
	Voluntary context switches: 23794
	Involuntary context switches: 1116
	Swaps: 0
	File system inputs: 3155384
	File system outputs: 1056
	Socket messages sent: 0
	Socket messages received: 0
	Signals delivered: 0
	Page size (bytes): 4096
	Exit status: 0
