	Command being timed: "python /ceph.groups/mshahbazi.grp/rsakata/EXP58/code/setA_T2/cellpose_batch.py"
	User time (seconds): 60.75
	System time (seconds): 5.37
	Percent of CPU this job got: 98%
	Elapsed (wall clock) time (h:mm:ss or m:ss): 1:07.11
	Average shared text size (kbytes): 0
	Average unshared data size (kbytes): 0
	Average stack size (kbytes): 0
	Average total size (kbytes): 0
	Maximum resident set size (kbytes): 2805708
	Average resident set size (kbytes): 0
	Major (requiring I/O) page faults: 2
	Minor (reclaiming a frame) page faults: 1806693
	Voluntary context switches: 10528
	Involuntary context switches: 284
	Swaps: 0
	File system inputs: 512
	File system outputs: 688
	Socket messages sent: 0
	Socket messages received: 0
	Signals delivered: 0
	Page size (bytes): 4096
	Exit status: 0
