lmbwide.profile complete
Job 6639923 on fmg101.lmb.internal
Python 3.11.13
/lmb/home/rsakata/anaconda3/envs/cellpose_env/bin/python
CUDA available: True
Torch CUDA runtime: 12.8
Visible GPUs: 0,1,2,3
Tue Aug 11 09:36:52 2026       
+-----------------------------------------------------------------------------------------+
| NVIDIA-SMI 610.57.04              KMD Version: 610.57.04     CUDA UMD Version: 13.3     |
+-----------------------------------------+------------------------+----------------------+
| GPU  Name                 Persistence-M | Bus-Id          Disp.A | Volatile Uncorr. ECC |
| Fan  Temp   Perf          Pwr:Usage/Cap |           Memory-Usage | GPU-Util  Compute M. |
|                                         |                        |               MIG M. |
|=========================================+========================+======================|
|   0  NVIDIA A100-SXM4-40GB          Off |   00000000:07:00.0 Off |                    0 |
| N/A   31C    P0             55W /  400W |       0MiB /  40960MiB |      0%      Default |
|                                         |                        |             Disabled |
+-----------------------------------------+------------------------+----------------------+
|   1  NVIDIA A100-SXM4-40GB          Off |   00000000:0A:00.0 Off |                    0 |
| N/A   25C    P0             53W /  400W |       0MiB /  40960MiB |      0%      Default |
|                                         |                        |             Disabled |
+-----------------------------------------+------------------------+----------------------+
|   2  NVIDIA A100-SXM4-40GB          Off |   00000000:4D:00.0 Off |                    0 |
| N/A   29C    P0             52W /  400W |       0MiB /  40960MiB |      0%      Default |
|                                         |                        |             Disabled |
+-----------------------------------------+------------------------+----------------------+
|   3  NVIDIA A100-SXM4-40GB          Off |   00000000:C7:00.0 Off |                    0 |
| N/A   27C    P0             57W /  400W |       0MiB /  40960MiB |      0%      Default |
|                                         |                        |             Disabled |
+-----------------------------------------+------------------------+----------------------+

+-----------------------------------------------------------------------------------------+
| Processes:                                                                              |
|  GPU   GI   CI              PID   Type   Process name                        GPU Memory |
|        ID   ID                                                               Usage      |
|=========================================================================================|
|  No running processes found                                                             |
+-----------------------------------------------------------------------------------------+


Welcome to CellposeSAM, cellpose v
cellpose version: 	4.0.6 
platform:       	linux 
python version: 	3.11.13 
torch version:  	2.8.0+cu128! The neural network component of
CPSAM is much larger than in previous versions and CPU excution is slow. 
We encourage users to use GPU/MPS if available. 


GPU available to Cellpose: True
Found 38 TIFs
[array] task 14: /ceph.groups/mshahbazi.grp/rsakata/EXP93/LIF2TIF/setA/EXP93_setA_siKD_DAPI_GATA3_NANOG_ECAD_serie_13 - 1_13-3.tif

== EXP93_setA_siKD_DAPI_GATA3_NANOG_ECAD_serie_13 - 1_13-3.tif → 1_13-3
EXP93_setA_siKD_DAPI_GATA3_NANOG_ECAD_serie_13 - 1_13-3.tif: (103, 4, 254, 233) [ZCYX] -> (103, 4, 254, 233) (Z,C,Y,X)
Objects: 294
Saved: /ceph.groups/mshahbazi.grp/rsakata/EXP93/cellpose/output/setA/1_cellpose/1_13-3_nucleus_intensity.csv
Saved: /ceph.groups/mshahbazi.grp/rsakata/EXP93/cellpose/output/setA/1_cellpose/1_13-3_mosaic_Image1_a-b.png

All done in 36.6s
