lmbwide.profile complete
Job 6612826 on fmg102.lmb.internal
Sat Aug  1 11:25:27 BST 2026
Python 3.11.13
/lmb/home/rsakata/anaconda3/envs/cellpose_env/bin/python
CUDA available: True
Torch CUDA runtime: 12.8
Visible GPUs: 0
Sat Aug  1 11:25:30 2026       
+-----------------------------------------------------------------------------------------+
| NVIDIA-SMI 610.43.02              KMD Version: 610.43.02     CUDA UMD Version: 13.3     |
+-----------------------------------------+------------------------+----------------------+
| GPU  Name                 Persistence-M | Bus-Id          Disp.A | Volatile Uncorr. ECC |
| Fan  Temp   Perf          Pwr:Usage/Cap |           Memory-Usage | GPU-Util  Compute M. |
|                                         |                        |               MIG M. |
|=========================================+========================+======================|
|   0  NVIDIA A100-SXM4-40GB          Off |   00000000:87:00.0 Off |                    0 |
| N/A   23C    P0             50W /  400W |       0MiB /  40960MiB |      0%      Default |
|                                         |                        |             Disabled |
+-----------------------------------------+------------------------+----------------------+

+-----------------------------------------------------------------------------------------+
| Processes:                                                                              |
|  GPU   GI   CI              PID   Type   Process name                        GPU Memory |
|        ID   ID                                                               Usage      |
|=========================================================================================|
|  No running processes found                                                             |
+-----------------------------------------------------------------------------------------+
Processing EXP92_DAPI_GATA3_GFP_mcherry_NANOG_serie_1 - 1_1
Processing EXP92_DAPI_GATA3_GFP_mcherry_NANOG_serie_10 - 1_10-1
Processing EXP92_DAPI_GATA3_GFP_mcherry_NANOG_serie_10 - 1_10-2
Processing EXP92_DAPI_GATA3_GFP_mcherry_NANOG_serie_11 - 1_11
Processing EXP92_DAPI_GATA3_GFP_mcherry_NANOG_serie_12 - 1_12-1
Processing EXP92_DAPI_GATA3_GFP_mcherry_NANOG_serie_12 - 1_12-2
Processing EXP92_DAPI_GATA3_GFP_mcherry_NANOG_serie_13 - 1_13-1
Processing EXP92_DAPI_GATA3_GFP_mcherry_NANOG_serie_13 - 1_13-2
Processing EXP92_DAPI_GATA3_GFP_mcherry_NANOG_serie_14 - 1_14
Processing EXP92_DAPI_GATA3_GFP_mcherry_NANOG_serie_15 - 2_1-1
Processing EXP92_DAPI_GATA3_GFP_mcherry_NANOG_serie_15 - 2_1-2
Processing EXP92_DAPI_GATA3_GFP_mcherry_NANOG_serie_16 - 2_2
Processing EXP92_DAPI_GATA3_GFP_mcherry_NANOG_serie_17 - 2_3-1
Processing EXP92_DAPI_GATA3_GFP_mcherry_NANOG_serie_17 - 2_3-2
Processing EXP92_DAPI_GATA3_GFP_mcherry_NANOG_serie_18 - 2_4
Processing EXP92_DAPI_GATA3_GFP_mcherry_NANOG_serie_19 - 2_5
Processing EXP92_DAPI_GATA3_GFP_mcherry_NANOG_serie_2 - 1_2
Processing EXP92_DAPI_GATA3_GFP_mcherry_NANOG_serie_20 - 2_6
Processing EXP92_DAPI_GATA3_GFP_mcherry_NANOG_serie_21 - 2_7
Processing EXP92_DAPI_GATA3_GFP_mcherry_NANOG_serie_22 - 2_8-1
Processing EXP92_DAPI_GATA3_GFP_mcherry_NANOG_serie_22 - 2_8-2
Processing EXP92_DAPI_GATA3_GFP_mcherry_NANOG_serie_22 - 2_8-3
Processing EXP92_DAPI_GATA3_GFP_mcherry_NANOG_serie_23 - 2_9
Processing EXP92_DAPI_GATA3_GFP_mcherry_NANOG_serie_24 - 2_10-1
Processing EXP92_DAPI_GATA3_GFP_mcherry_NANOG_serie_24 - 2_10-2
Processing EXP92_DAPI_GATA3_GFP_mcherry_NANOG_serie_25 - 2_11
Processing EXP92_DAPI_GATA3_GFP_mcherry_NANOG_serie_26 - 2_12
Processing EXP92_DAPI_GATA3_GFP_mcherry_NANOG_serie_27 - 2_13-1
Processing EXP92_DAPI_GATA3_GFP_mcherry_NANOG_serie_27 - 2_13-2
Processing EXP92_DAPI_GATA3_GFP_mcherry_NANOG_serie_28 - 2_14
Processing EXP92_DAPI_GATA3_GFP_mcherry_NANOG_serie_29 - 2_15
Processing EXP92_DAPI_GATA3_GFP_mcherry_NANOG_serie_3 - 1_3
Processing EXP92_DAPI_GATA3_GFP_mcherry_NANOG_serie_4 - 1_4-1
Processing EXP92_DAPI_GATA3_GFP_mcherry_NANOG_serie_5 - 1_5-1
Processing EXP92_DAPI_GATA3_GFP_mcherry_NANOG_serie_58 - 5_1
Processing EXP92_DAPI_GATA3_GFP_mcherry_NANOG_serie_59 - 5_2
Processing EXP92_DAPI_GATA3_GFP_mcherry_NANOG_serie_6 - 1_6-1
Processing EXP92_DAPI_GATA3_GFP_mcherry_NANOG_serie_60 - 5_3
Processing EXP92_DAPI_GATA3_GFP_mcherry_NANOG_serie_61 - 5_4-1
Processing EXP92_DAPI_GATA3_GFP_mcherry_NANOG_serie_61 - 5_4-2
Processing EXP92_DAPI_GATA3_GFP_mcherry_NANOG_serie_62 - 5_5
Processing EXP92_DAPI_GATA3_GFP_mcherry_NANOG_serie_63 - 5_6
Processing EXP92_DAPI_GATA3_GFP_mcherry_NANOG_serie_64 - 5_7-1
Processing EXP92_DAPI_GATA3_GFP_mcherry_NANOG_serie_64 - 5_7-2
Processing EXP92_DAPI_GATA3_GFP_mcherry_NANOG_serie_64 - 5_7-3
Processing EXP92_DAPI_GATA3_GFP_mcherry_NANOG_serie_64 - 5_7-4
Processing EXP92_DAPI_GATA3_GFP_mcherry_NANOG_serie_65 - 5_8-1
Processing EXP92_DAPI_GATA3_GFP_mcherry_NANOG_serie_65 - 5_8-2
Processing EXP92_DAPI_GATA3_GFP_mcherry_NANOG_serie_65 - 5_8-3
Processing EXP92_DAPI_GATA3_GFP_mcherry_NANOG_serie_66 - 5_9
Processing EXP92_DAPI_GATA3_GFP_mcherry_NANOG_serie_67 - 5_10-1
Processing EXP92_DAPI_GATA3_GFP_mcherry_NANOG_serie_67 - 5_10-2
Processing EXP92_DAPI_GATA3_GFP_mcherry_NANOG_serie_68 - 5_11
Processing EXP92_DAPI_GATA3_GFP_mcherry_NANOG_serie_69 - 5_12
Processing EXP92_DAPI_GATA3_GFP_mcherry_NANOG_serie_7 - 1_7-1
Processing EXP92_DAPI_GATA3_GFP_mcherry_NANOG_serie_7 - 1_7-2
Processing EXP92_DAPI_GATA3_GFP_mcherry_NANOG_serie_70 - 5_13-1
Processing EXP92_DAPI_GATA3_GFP_mcherry_NANOG_serie_70 - 5_13-2
Processing EXP92_DAPI_GATA3_GFP_mcherry_NANOG_serie_70 - 5_13-3
Processing EXP92_DAPI_GATA3_GFP_mcherry_NANOG_serie_71 - 5_14-1
Processing EXP92_DAPI_GATA3_GFP_mcherry_NANOG_serie_71 - 5_14-2
Processing EXP92_DAPI_GATA3_GFP_mcherry_NANOG_serie_72 - 5_15
Processing EXP92_DAPI_GATA3_GFP_mcherry_NANOG_serie_73 - 6_1
Processing EXP92_DAPI_GATA3_GFP_mcherry_NANOG_serie_74 - 6_2
Processing EXP92_DAPI_GATA3_GFP_mcherry_NANOG_serie_75 - 6_3
Processing EXP92_DAPI_GATA3_GFP_mcherry_NANOG_serie_76 - 6_4-1
Processing EXP92_DAPI_GATA3_GFP_mcherry_NANOG_serie_76 - 6_4-2
Processing EXP92_DAPI_GATA3_GFP_mcherry_NANOG_serie_77 - 6_5-1
Processing EXP92_DAPI_GATA3_GFP_mcherry_NANOG_serie_77 - 6_5-2
Processing EXP92_DAPI_GATA3_GFP_mcherry_NANOG_serie_78 - 6_6-1
Processing EXP92_DAPI_GATA3_GFP_mcherry_NANOG_serie_78 - 6_6-2
Processing EXP92_DAPI_GATA3_GFP_mcherry_NANOG_serie_79 - 6_7-1
Processing EXP92_DAPI_GATA3_GFP_mcherry_NANOG_serie_79 - 6_7-2
Processing EXP92_DAPI_GATA3_GFP_mcherry_NANOG_serie_79 - 6_7-3
Processing EXP92_DAPI_GATA3_GFP_mcherry_NANOG_serie_8 - 1_8-1
Processing EXP92_DAPI_GATA3_GFP_mcherry_NANOG_serie_8 - 1_8-2
Processing EXP92_DAPI_GATA3_GFP_mcherry_NANOG_serie_80 - 6_8
Processing EXP92_DAPI_GATA3_GFP_mcherry_NANOG_serie_81 - 6_9
Processing EXP92_DAPI_GATA3_GFP_mcherry_NANOG_serie_82 - 6_10
Processing EXP92_DAPI_GATA3_GFP_mcherry_NANOG_serie_83 - 6_11-1
Processing EXP92_DAPI_GATA3_GFP_mcherry_NANOG_serie_83 - 6_11-2
Processing EXP92_DAPI_GATA3_GFP_mcherry_NANOG_serie_84 - 6_12-1
Processing EXP92_DAPI_GATA3_GFP_mcherry_NANOG_serie_84 - 6_12-2
Processing EXP92_DAPI_GATA3_GFP_mcherry_NANOG_serie_85 - 6_13-1
Processing EXP92_DAPI_GATA3_GFP_mcherry_NANOG_serie_85 - 6_13-2
Processing EXP92_DAPI_GATA3_GFP_mcherry_NANOG_serie_86 - 6_14
Wrote /ceph.groups/mshahbazi.grp/rsakata/EXP92/all/cellpose/output/3_cytomask_intensities
                                                file  ...  NANOG_mean
0   EXP92_DAPI_GATA3_GFP_mcherry_NANOG_serie_1 - 1_1  ...   23.633408
1  EXP92_DAPI_GATA3_GFP_mcherry_NANOG_serie_10 - ...  ...   30.346287
2  EXP92_DAPI_GATA3_GFP_mcherry_NANOG_serie_10 - ...  ...   29.841733
3  EXP92_DAPI_GATA3_GFP_mcherry_NANOG_serie_11 - ...  ...   15.733420
4  EXP92_DAPI_GATA3_GFP_mcherry_NANOG_serie_12 - ...  ...   15.735004

[5 rows x 10 columns]
