lmbwide.profile complete
Job 6612667 on fmg102.lmb.internal
Python 3.11.13
/lmb/home/rsakata/anaconda3/envs/cellpose_env/bin/python
CUDA available: True
Torch CUDA runtime: 12.8
Visible GPUs: 0
Sat Aug  1 11:07:31 2026       
+-----------------------------------------------------------------------------------------+
| NVIDIA-SMI 610.43.02              KMD Version: 610.43.02     CUDA UMD Version: 13.3     |
+-----------------------------------------+------------------------+----------------------+
| GPU  Name                 Persistence-M | Bus-Id          Disp.A | Volatile Uncorr. ECC |
| Fan  Temp   Perf          Pwr:Usage/Cap |           Memory-Usage | GPU-Util  Compute M. |
|                                         |                        |               MIG M. |
|=========================================+========================+======================|
|   0  NVIDIA A100-SXM4-40GB          Off |   00000000:C7:00.0 Off |                    0 |
| N/A   21C    P0             51W /  400W |       0MiB /  40960MiB |      0%      Default |
|                                         |                        |             Disabled |
+-----------------------------------------+------------------------+----------------------+

+-----------------------------------------------------------------------------------------+
| Processes:                                                                              |
|  GPU   GI   CI              PID   Type   Process name                        GPU Memory |
|        ID   ID                                                               Usage      |
|=========================================================================================|
|  No running processes found                                                             |
+-----------------------------------------------------------------------------------------+
Found 86 TIFs.
[array] task 77: /ceph.groups/mshahbazi.grp/rsakata/EXP92/all/LIF2TIF/EXP92_DAPI_GATA3_GFP_mcherry_NANOG_serie_81 - 6_9.tif

=== Processing: EXP92_DAPI_GATA3_GFP_mcherry_NANOG_serie_81 - 6_9.tif ===
  Saved mask: /ceph.groups/mshahbazi.grp/rsakata/EXP92/all/cellpose/output/2_cytoseg/EXP92_DAPI_GATA3_GFP_mcherry_NANOG_serie_81 - 6_9_mask.tif  (voxels=1939767)
  Saved QC: /ceph.groups/mshahbazi.grp/rsakata/EXP92/all/cellpose/output/2_cytoseg/EXP92_DAPI_GATA3_GFP_mcherry_NANOG_serie_81 - 6_9_qc.png

Done in 64.6s
