	Command being timed: "python /ceph.groups/mshahbazi.grp/rsakata/EXP92/all/cellpose/code/cytoseg.py"
	User time (seconds): 17.17
	System time (seconds): 0.21
	Percent of CPU this job got: 97%
	Elapsed (wall clock) time (h:mm:ss or m:ss): 0:17.84
	Average shared text size (kbytes): 0
	Average unshared data size (kbytes): 0
	Average stack size (kbytes): 0
	Average total size (kbytes): 0
	Maximum resident set size (kbytes): 361872
	Average resident set size (kbytes): 0
	Major (requiring I/O) page faults: 0
	Minor (reclaiming a frame) page faults: 39147
	Voluntary context switches: 2054
	Involuntary context switches: 52
	Swaps: 0
	File system inputs: 0
	File system outputs: 12640
	Socket messages sent: 0
	Socket messages received: 0
	Signals delivered: 0
	Page size (bytes): 4096
	Exit status: 0
