lmbwide.profile complete
Job 6184493 on fmg102.lmb.internal
Python 3.11.13
/lmb/home/rsakata/anaconda3/envs/cellpose_env/bin/python
CUDA available: True
Torch CUDA runtime: 12.8
Visible GPUs: 0
Sat Jan 17 12:32:41 2026       
+---------------------------------------------------------------------------------------+
| NVIDIA-SMI 535.86.10              Driver Version: 535.86.10    CUDA Version: 12.2     |
|-----------------------------------------+----------------------+----------------------+
| GPU  Name                 Persistence-M | Bus-Id        Disp.A | Volatile Uncorr. ECC |
| Fan  Temp   Perf          Pwr:Usage/Cap |         Memory-Usage | GPU-Util  Compute M. |
|                                         |                      |               MIG M. |
|=========================================+======================+======================|
|   0  NVIDIA A100-SXM4-40GB          Off | 00000000:0A:00.0 Off |                    0 |
| N/A   19C    P0              50W / 400W |      4MiB / 40960MiB |      0%      Default |
|                                         |                      |             Disabled |
+-----------------------------------------+----------------------+----------------------+
                                                                                         
+---------------------------------------------------------------------------------------+
| Processes:                                                                            |
|  GPU   GI   CI        PID   Type   Process name                            GPU Memory |
|        ID   ID                                                             Usage      |
|=======================================================================================|
|  No running processes found                                                           |
+---------------------------------------------------------------------------------------+


Welcome to CellposeSAM, cellpose v
cellpose version: 	4.0.6 
platform:       	linux 
python version: 	3.11.13 
torch version:  	2.8.0+cu128! The neural network component of
CPSAM is much larger than in previous versions and CPU excution is slow. 
We encourage users to use GPU/MPS if available. 


>>> GPU: True
Found 21 TIFs
[array] task 2: /ceph.groups/mshahbazi.grp/rsakata/EXP49/LIF2TIF/batch2/EXP49_DAPI_Phalloindin_GFP_mcherry_250825_serie_1 - 10-1-3.tif

=== Processing: EXP49_DAPI_Phalloindin_GFP_mcherry_250825_serie_1 - 10-1-3.tif → sample: 10-1-3 ===
Original shape: (47, 227, 218, 4)
Objects: before=42, after=42 (minV=2788.0390325527737 vox)
No spheroid labels found for this sample; skipping cell↔spheroid mapping.
Saved: /ceph.groups/mshahbazi.grp/rsakata/EXP49/output/batch2/10-1-3_mosaic_a-c-b-d.png
Saved: /ceph.groups/mshahbazi.grp/rsakata/EXP49/output/batch2/10-1-3_scatter_GFP_vs_RFP_m1.0.png
Saved: /ceph.groups/mshahbazi.grp/rsakata/EXP49/output/batch2/10-1-3_hist_volume_prefilter_minV800um3.png
Minimum volume threshold: 800.0 µm³ (~2788.0 vox)

All done in 22.7s
