	Command being timed: "python /ceph.groups/mshahbazi.grp/rsakata/EXP62/code/setB_T2/cellpose_batch.py"
	User time (seconds): 13.36
	System time (seconds): 4.20
	Percent of CPU this job got: 93%
	Elapsed (wall clock) time (h:mm:ss or m:ss): 0:18.78
	Average shared text size (kbytes): 0
	Average unshared data size (kbytes): 0
	Average stack size (kbytes): 0
	Average total size (kbytes): 0
	Maximum resident set size (kbytes): 2099996
	Average resident set size (kbytes): 0
	Major (requiring I/O) page faults: 5
	Minor (reclaiming a frame) page faults: 1017491
	Voluntary context switches: 7207
	Involuntary context switches: 212
	Swaps: 0
	File system inputs: 888
	File system outputs: 1392
	Socket messages sent: 0
	Socket messages received: 0
	Signals delivered: 0
	Page size (bytes): 4096
	Exit status: 0
