	Command being timed: "python /ceph.groups/mshahbazi.grp/rsakata/EXP62/code/setB_T2/cellpose_batch.py"
	User time (seconds): 13.62
	System time (seconds): 4.28
	Percent of CPU this job got: 93%
	Elapsed (wall clock) time (h:mm:ss or m:ss): 0:19.19
	Average shared text size (kbytes): 0
	Average unshared data size (kbytes): 0
	Average stack size (kbytes): 0
	Average total size (kbytes): 0
	Maximum resident set size (kbytes): 2101000
	Average resident set size (kbytes): 0
	Major (requiring I/O) page faults: 4
	Minor (reclaiming a frame) page faults: 1046144
	Voluntary context switches: 7277
	Involuntary context switches: 223
	Swaps: 0
	File system inputs: 576
	File system outputs: 1432
	Socket messages sent: 0
	Socket messages received: 0
	Signals delivered: 0
	Page size (bytes): 4096
	Exit status: 0
