	Command being timed: "python /ceph.groups/mshahbazi.grp/rsakata/EXP58/code/setB_T2/cellpose_batch.py"
	User time (seconds): 68.57
	System time (seconds): 4.98
	Percent of CPU this job got: 95%
	Elapsed (wall clock) time (h:mm:ss or m:ss): 1:17.34
	Average shared text size (kbytes): 0
	Average unshared data size (kbytes): 0
	Average stack size (kbytes): 0
	Average total size (kbytes): 0
	Maximum resident set size (kbytes): 2981760
	Average resident set size (kbytes): 0
	Major (requiring I/O) page faults: 6
	Minor (reclaiming a frame) page faults: 1806116
	Voluntary context switches: 10990
	Involuntary context switches: 342
	Swaps: 0
	File system inputs: 1040
	File system outputs: 1480
	Socket messages sent: 0
	Socket messages received: 0
	Signals delivered: 0
	Page size (bytes): 4096
	Exit status: 0
