	Command being timed: "python /ceph.groups/mshahbazi.grp/rsakata/EXP58/code/setB_T2/cellpose_batch.py"
	User time (seconds): 62.77
	System time (seconds): 5.43
	Percent of CPU this job got: 76%
	Elapsed (wall clock) time (h:mm:ss or m:ss): 1:29.47
	Average shared text size (kbytes): 0
	Average unshared data size (kbytes): 0
	Average stack size (kbytes): 0
	Average total size (kbytes): 0
	Maximum resident set size (kbytes): 2809052
	Average resident set size (kbytes): 0
	Major (requiring I/O) page faults: 3193
	Minor (reclaiming a frame) page faults: 1989984
	Voluntary context switches: 16583
	Involuntary context switches: 258
	Swaps: 0
	File system inputs: 3099104
	File system outputs: 936
	Socket messages sent: 0
	Socket messages received: 0
	Signals delivered: 0
	Page size (bytes): 4096
	Exit status: 0
