lmbwide.profile complete
Job 6157354 on fmg101.lmb.internal
Python 3.11.13
/lmb/home/rsakata/anaconda3/envs/cellpose_env/bin/python
CUDA available: True
Torch CUDA runtime: 12.8
Visible GPUs: 0,1,2,3,4,5,6,7
Wed Jan  7 14:45:32 2026       
+---------------------------------------------------------------------------------------+
| NVIDIA-SMI 535.86.10              Driver Version: 535.86.10    CUDA Version: 12.2     |
|-----------------------------------------+----------------------+----------------------+
| GPU  Name                 Persistence-M | Bus-Id        Disp.A | Volatile Uncorr. ECC |
| Fan  Temp   Perf          Pwr:Usage/Cap |         Memory-Usage | GPU-Util  Compute M. |
|                                         |                      |               MIG M. |
|=========================================+======================+======================|
|   0  NVIDIA A100-SXM4-40GB          On  | 00000000:07:00.0 Off |                    0 |
| N/A   28C    P0              54W / 400W |      4MiB / 40960MiB |      0%      Default |
|                                         |                      |             Disabled |
+-----------------------------------------+----------------------+----------------------+
|   1  NVIDIA A100-SXM4-40GB          On  | 00000000:0A:00.0 Off |                    0 |
| N/A   25C    P0              52W / 400W |      4MiB / 40960MiB |      0%      Default |
|                                         |                      |             Disabled |
+-----------------------------------------+----------------------+----------------------+
|   2  NVIDIA A100-SXM4-40GB          On  | 00000000:47:00.0 Off |                    0 |
| N/A   26C    P0              53W / 400W |      4MiB / 40960MiB |      0%      Default |
|                                         |                      |             Disabled |
+-----------------------------------------+----------------------+----------------------+
|   3  NVIDIA A100-SXM4-40GB          On  | 00000000:4D:00.0 Off |                    0 |
| N/A   28C    P0              52W / 400W |      4MiB / 40960MiB |      0%      Default |
|                                         |                      |             Disabled |
+-----------------------------------------+----------------------+----------------------+
|   4  NVIDIA A100-SXM4-40GB          On  | 00000000:87:00.0 Off |                    0 |
| N/A   28C    P0              52W / 400W |      4MiB / 40960MiB |      0%      Default |
|                                         |                      |             Disabled |
+-----------------------------------------+----------------------+----------------------+
|   5  NVIDIA A100-SXM4-40GB          On  | 00000000:8D:00.0 Off |                    0 |
| N/A   27C    P0              54W / 400W |      4MiB / 40960MiB |      0%      Default |
|                                         |                      |             Disabled |
+-----------------------------------------+----------------------+----------------------+
|   6  NVIDIA A100-SXM4-40GB          On  | 00000000:C7:00.0 Off |                    0 |
| N/A   27C    P0              56W / 400W |      4MiB / 40960MiB |      0%      Default |
|                                         |                      |             Disabled |
+-----------------------------------------+----------------------+----------------------+
|   7  NVIDIA A100-SXM4-40GB          On  | 00000000:CA:00.0 Off |                    0 |
| N/A   29C    P0              56W / 400W |      4MiB / 40960MiB |      0%      Default |
|                                         |                      |             Disabled |
+-----------------------------------------+----------------------+----------------------+
                                                                                         
+---------------------------------------------------------------------------------------+
| Processes:                                                                            |
|  GPU   GI   CI        PID   Type   Process name                            GPU Memory |
|        ID   ID                                                             Usage      |
|=======================================================================================|
|  No running processes found                                                           |
+---------------------------------------------------------------------------------------+


Welcome to CellposeSAM, cellpose v
cellpose version: 	4.0.6 
platform:       	linux 
python version: 	3.11.13 
torch version:  	2.8.0+cu128! The neural network component of
CPSAM is much larger than in previous versions and CPU excution is slow. 
We encourage users to use GPU/MPS if available. 


GPU available to Cellpose: True
Found 37 TIFs
[array] task 17: /ceph.groups/mshahbazi.grp/rsakata/EXP58/LIF2TIF/setB_T2/LIF2TIF/EXP58_setB_T2_DAPI_phalloidin_GFP_ECAD_caspase3_serie_13 - 3_8-2.tif

== EXP58_setB_T2_DAPI_phalloidin_GFP_ECAD_caspase3_serie_13 - 3_8-2.tif → 3_8-2
Objects: 60
Saved: /ceph.groups/mshahbazi.grp/rsakata/EXP58/output/setB_T2/1_cellpose/3_8-2_nucleus_intensity.csv
Saved: /ceph.groups/mshahbazi.grp/rsakata/EXP58/output/setB_T2/1_cellpose/3_8-2_mosaic_Image1_a-b.png

All done in 8.5s
