lmbwide.profile complete
Job 6157914 on fmg103.lmb.internal
Python 3.11.13
/lmb/home/rsakata/anaconda3/envs/cellpose_env/bin/python
CUDA available: True
Torch CUDA runtime: 12.8
Visible GPUs: 0,1,2,3,4,5,6,7
Wed Jan  7 19:20:01 2026       
+---------------------------------------------------------------------------------------+
| NVIDIA-SMI 535.86.10              Driver Version: 535.86.10    CUDA Version: 12.2     |
|-----------------------------------------+----------------------+----------------------+
| GPU  Name                 Persistence-M | Bus-Id        Disp.A | Volatile Uncorr. ECC |
| Fan  Temp   Perf          Pwr:Usage/Cap |         Memory-Usage | GPU-Util  Compute M. |
|                                         |                      |               MIG M. |
|=========================================+======================+======================|
|   0  NVIDIA A100-SXM4-40GB          Off | 00000000:07:00.0 Off |                    0 |
| N/A   30C    P0              56W / 400W |      4MiB / 40960MiB |      0%      Default |
|                                         |                      |             Disabled |
+-----------------------------------------+----------------------+----------------------+
|   1  NVIDIA A100-SXM4-40GB          Off | 00000000:0A:00.0 Off |                    0 |
| N/A   28C    P0              51W / 400W |      4MiB / 40960MiB |      0%      Default |
|                                         |                      |             Disabled |
+-----------------------------------------+----------------------+----------------------+
|   2  NVIDIA A100-SXM4-40GB          Off | 00000000:3C:00.0 Off |                    0 |
| N/A   29C    P0              59W / 400W |      4MiB / 40960MiB |      0%      Default |
|                                         |                      |             Disabled |
+-----------------------------------------+----------------------+----------------------+
|   3  NVIDIA A100-SXM4-40GB          Off | 00000000:42:00.0 Off |                    0 |
| N/A   30C    P0              52W / 400W |      4MiB / 40960MiB |      0%      Default |
|                                         |                      |             Disabled |
+-----------------------------------------+----------------------+----------------------+
|   4  NVIDIA A100-SXM4-40GB          Off | 00000000:90:00.0 Off |                    0 |
| N/A   30C    P0              54W / 400W |      4MiB / 40960MiB |      0%      Default |
|                                         |                      |             Disabled |
+-----------------------------------------+----------------------+----------------------+
|   5  NVIDIA A100-SXM4-40GB          Off | 00000000:96:00.0 Off |                    0 |
| N/A   27C    P0              55W / 400W |      4MiB / 40960MiB |      0%      Default |
|                                         |                      |             Disabled |
+-----------------------------------------+----------------------+----------------------+
|   6  NVIDIA A100-SXM4-40GB          Off | 00000000:C6:00.0 Off |                    0 |
| N/A   26C    P0              52W / 400W |      4MiB / 40960MiB |      0%      Default |
|                                         |                      |             Disabled |
+-----------------------------------------+----------------------+----------------------+
|   7  NVIDIA A100-SXM4-40GB          Off | 00000000:C9:00.0 Off |                    0 |
| N/A   28C    P0              54W / 400W |      4MiB / 40960MiB |      0%      Default |
|                                         |                      |             Disabled |
+-----------------------------------------+----------------------+----------------------+
                                                                                         
+---------------------------------------------------------------------------------------+
| Processes:                                                                            |
|  GPU   GI   CI        PID   Type   Process name                            GPU Memory |
|        ID   ID                                                             Usage      |
|=======================================================================================|
|  No running processes found                                                           |
+---------------------------------------------------------------------------------------+
Found 46 TIFs.
[array] task 5: /ceph.groups/mshahbazi.grp/rsakata/EXP58/LIF2TIF/setA_T3/LIF2TIF/EXP58_setA_T3_DAPI_GATA3_GFP_ZO1_NANOG_serie_6 - 6_2.tif

=== Processing: EXP58_setA_T3_DAPI_GATA3_GFP_ZO1_NANOG_serie_6 - 6_2.tif ===
  Saved mask: /ceph.groups/mshahbazi.grp/rsakata/EXP58/output/setA_T3/2_cytoseg/EXP58_setA_T3_DAPI_GATA3_GFP_ZO1_NANOG_serie_6 - 6_2_mask.tif  (voxels=1137742)
  Saved QC: /ceph.groups/mshahbazi.grp/rsakata/EXP58/output/setA_T3/2_cytoseg/EXP58_setA_T3_DAPI_GATA3_GFP_ZO1_NANOG_serie_6 - 6_2_qc.png

Done in 27.4s
