lmbwide.profile complete
Job 6157984 on fmg102.lmb.internal
Python 3.11.13
/lmb/home/rsakata/anaconda3/envs/cellpose_env/bin/python
CUDA available: True
Torch CUDA runtime: 12.8
Visible GPUs: 0
Wed Jan  7 19:51:31 2026       
+---------------------------------------------------------------------------------------+
| NVIDIA-SMI 535.86.10              Driver Version: 535.86.10    CUDA Version: 12.2     |
|-----------------------------------------+----------------------+----------------------+
| GPU  Name                 Persistence-M | Bus-Id        Disp.A | Volatile Uncorr. ECC |
| Fan  Temp   Perf          Pwr:Usage/Cap |         Memory-Usage | GPU-Util  Compute M. |
|                                         |                      |               MIG M. |
|=========================================+======================+======================|
|   0  NVIDIA A100-SXM4-40GB          Off | 00000000:4D:00.0 Off |                    0 |
| N/A   23C    P0              52W / 400W |      4MiB / 40960MiB |      0%      Default |
|                                         |                      |             Disabled |
+-----------------------------------------+----------------------+----------------------+
                                                                                         
+---------------------------------------------------------------------------------------+
| Processes:                                                                            |
|  GPU   GI   CI        PID   Type   Process name                            GPU Memory |
|        ID   ID                                                             Usage      |
|=======================================================================================|
|  No running processes found                                                           |
+---------------------------------------------------------------------------------------+
Found 37 TIFs.
[array] task 5: /ceph.groups/mshahbazi.grp/rsakata/EXP58/LIF2TIF/setB_T2/LIF2TIF/EXP58_setB_T2_DAPI_phalloidin_GFP_ECAD_caspase3_serie_4 - 4_4-3.tif

=== Processing: EXP58_setB_T2_DAPI_phalloidin_GFP_ECAD_caspase3_serie_4 - 4_4-3.tif ===
  Saved mask: /ceph.groups/mshahbazi.grp/rsakata/EXP58/output/setB_T2/2_cytoseg/EXP58_setB_T2_DAPI_phalloidin_GFP_ECAD_caspase3_serie_4 - 4_4-3_mask.tif  (voxels=224057)
  Saved QC: /ceph.groups/mshahbazi.grp/rsakata/EXP58/output/setB_T2/2_cytoseg/EXP58_setB_T2_DAPI_phalloidin_GFP_ECAD_caspase3_serie_4 - 4_4-3_qc.png

Done in 2.3s
