	Command being timed: "python /ceph.groups/mshahbazi.grp/rsakata/EXP58/code/setB_T2/cytoseg.py"
	User time (seconds): 14.06
	System time (seconds): 0.42
	Percent of CPU this job got: 94%
	Elapsed (wall clock) time (h:mm:ss or m:ss): 0:15.40
	Average shared text size (kbytes): 0
	Average unshared data size (kbytes): 0
	Average stack size (kbytes): 0
	Average total size (kbytes): 0
	Maximum resident set size (kbytes): 370372
	Average resident set size (kbytes): 0
	Major (requiring I/O) page faults: 296
	Minor (reclaiming a frame) page faults: 196511
	Voluntary context switches: 3402
	Involuntary context switches: 37
	Swaps: 0
	File system inputs: 36344
	File system outputs: 11016
	Socket messages sent: 0
	Socket messages received: 0
	Signals delivered: 0
	Page size (bytes): 4096
	Exit status: 0
