lmbwide.profile complete
Job 6544746 on fmg29.lmb.internal
Python 3.11.13
/lmb/home/rsakata/anaconda3/envs/cellpose_env/bin/python
CUDA available: True
Torch CUDA runtime: 12.8
Visible GPUs: 0,1,2,3
Wed Jul  1 00:30:45 2026       
+-----------------------------------------------------------------------------------------+
| NVIDIA-SMI 595.80                 Driver Version: 595.80         CUDA Version: 13.2     |
+-----------------------------------------+------------------------+----------------------+
| GPU  Name                 Persistence-M | Bus-Id          Disp.A | Volatile Uncorr. ECC |
| Fan  Temp   Perf          Pwr:Usage/Cap |           Memory-Usage | GPU-Util  Compute M. |
|                                         |                        |               MIG M. |
|=========================================+========================+======================|
|   0  NVIDIA GeForce RTX 2080 Ti     On  |   00000000:1D:00.0 Off |                  N/A |
| 29%   33C    P8             16W /  250W |       1MiB /  11264MiB |      0%      Default |
|                                         |                        |                  N/A |
+-----------------------------------------+------------------------+----------------------+
|   1  NVIDIA GeForce RTX 2080 Ti     On  |   00000000:1E:00.0 Off |                  N/A |
| 28%   34C    P8             17W /  250W |       1MiB /  11264MiB |      0%      Default |
|                                         |                        |                  N/A |
+-----------------------------------------+------------------------+----------------------+
|   2  NVIDIA GeForce RTX 2080 Ti     On  |   00000000:1F:00.0 Off |                  N/A |
| 28%   33C    P8             20W /  250W |       1MiB /  11264MiB |      0%      Default |
|                                         |                        |                  N/A |
+-----------------------------------------+------------------------+----------------------+
|   3  NVIDIA GeForce RTX 2080 Ti     On  |   00000000:20:00.0 Off |                  N/A |
| 28%   34C    P8             15W /  250W |       1MiB /  11264MiB |      0%      Default |
|                                         |                        |                  N/A |
+-----------------------------------------+------------------------+----------------------+

+-----------------------------------------------------------------------------------------+
| Processes:                                                                              |
|  GPU   GI   CI              PID   Type   Process name                        GPU Memory |
|        ID   ID                                                               Usage      |
|=========================================================================================|
|  No running processes found                                                             |
+-----------------------------------------------------------------------------------------+


Welcome to CellposeSAM, cellpose v
cellpose version: 	4.0.6 
platform:       	linux 
python version: 	3.11.13 
torch version:  	2.8.0+cu128! The neural network component of
CPSAM is much larger than in previous versions and CPU excution is slow. 
We encourage users to use GPU/MPS if available. 


GPU available to Cellpose: True
Found 36 TIFs
[array] task 0: /ceph.groups/mshahbazi.grp/rsakata/EXP88/LIF2TIF_setB_cropped/1_ct1x D4 FACTIN-CASPASE3-ECAD_serie_1 - Series001-1.tif

== 1_ct1x D4 FACTIN-CASPASE3-ECAD_serie_1 - Series001-1.tif → Series001-1
Objects: 188
Saved: /ceph.groups/mshahbazi.grp/rsakata/EXP88/cellpose/output/setB/1_cellpose/Series001-1_nucleus_intensity.csv
Saved: /ceph.groups/mshahbazi.grp/rsakata/EXP88/cellpose/output/setB/1_cellpose/Series001-1_mosaic_Image1_a-b.png

All done in 966.1s
