lmbwide.profile complete
Job 6543499 on fmg29.lmb.internal
Python 3.11.13
/lmb/home/rsakata/anaconda3/envs/cellpose_env/bin/python
CUDA available: True
Torch CUDA runtime: 12.8
Visible GPUs: 0
Tue Jun 30 17:35:52 2026       
+-----------------------------------------------------------------------------------------+
| NVIDIA-SMI 595.80                 Driver Version: 595.80         CUDA Version: 13.2     |
+-----------------------------------------+------------------------+----------------------+
| GPU  Name                 Persistence-M | Bus-Id          Disp.A | Volatile Uncorr. ECC |
| Fan  Temp   Perf          Pwr:Usage/Cap |           Memory-Usage | GPU-Util  Compute M. |
|                                         |                        |               MIG M. |
|=========================================+========================+======================|
|   0  NVIDIA GeForce RTX 2080 Ti     On  |   00000000:22:00.0 Off |                  N/A |
| 34%   46C    P8             13W /  250W |       1MiB /  11264MiB |      0%      Default |
|                                         |                        |                  N/A |
+-----------------------------------------+------------------------+----------------------+

+-----------------------------------------------------------------------------------------+
| Processes:                                                                              |
|  GPU   GI   CI              PID   Type   Process name                        GPU Memory |
|        ID   ID                                                               Usage      |
|=========================================================================================|
|  No running processes found                                                             |
+-----------------------------------------------------------------------------------------+


Welcome to CellposeSAM, cellpose v
cellpose version: 	4.0.6 
platform:       	linux 
python version: 	3.11.13 
torch version:  	2.8.0+cu128! The neural network component of
CPSAM is much larger than in previous versions and CPU excution is slow. 
We encourage users to use GPU/MPS if available. 


GPU available to Cellpose: True
Found 6 TIFs
[array] task 0: /ceph.groups/mshahbazi.grp/rsakata/EXP91/LIF2TIF2/2_dox_d2_ctr_DAPI_GATA3_GFP_mcherry_NANOG_1 - 2_2.tif

== 2_dox_d2_ctr_DAPI_GATA3_GFP_mcherry_NANOG_1 - 2_2.tif → 2_2
Objects: 52
Saved: /ceph.groups/mshahbazi.grp/rsakata/EXP91/cellpose/output/1_cellpose/2_2_nucleus_intensity.csv
Saved: /ceph.groups/mshahbazi.grp/rsakata/EXP91/cellpose/output/1_cellpose/2_2_mosaic_Image1_a-b.png

All done in 1874.0s
