lmbwide.profile complete
Job 6630601 on fmg25.lmb.internal
Python 3.11.13
/lmb/home/rsakata/anaconda3/envs/cellpose_env/bin/python
CUDA available: False
Torch CUDA runtime: 12.8
Visible GPUs: 0
Fri Aug  7 11:06:26 2026       
+-----------------------------------------------------------------------------------------+
| NVIDIA-SMI 595.80                 Driver Version: 595.80         CUDA Version: 13.2     |
+-----------------------------------------+------------------------+----------------------+
| GPU  Name                 Persistence-M | Bus-Id          Disp.A | Volatile Uncorr. ECC |
| Fan  Temp   Perf          Pwr:Usage/Cap |           Memory-Usage | GPU-Util  Compute M. |
|                                         |                        |               MIG M. |
|=========================================+========================+======================|
|   0  NVIDIA GeForce RTX 2080 Ti     On  |   00000000:24:00.0 Off |                  N/A |
| 27%   31C    P8             20W /  250W |       1MiB /  11264MiB |      0%      Default |
|                                         |                        |                  N/A |
+-----------------------------------------+------------------------+----------------------+

+-----------------------------------------------------------------------------------------+
| Processes:                                                                              |
|  GPU   GI   CI              PID   Type   Process name                        GPU Memory |
|        ID   ID                                                               Usage      |
|=========================================================================================|
|  No running processes found                                                             |
+-----------------------------------------------------------------------------------------+


Welcome to CellposeSAM, cellpose v
cellpose version: 	4.0.6 
platform:       	linux 
python version: 	3.11.13 
torch version:  	2.8.0+cu128! The neural network component of
CPSAM is much larger than in previous versions and CPU excution is slow. 
We encourage users to use GPU/MPS if available. 


Initializing Cellpose model...
Model loaded. GPU: False
Found 5 TIFF files in /ceph.groups/mshahbazi.grp/rsakata/HE_Nondeveloping5/LIF2TIF
[array] task 4: /ceph.groups/mshahbazi.grp/rsakata/HE_Nondeveloping5/LIF2TIF/Nondeveloping5_serie_5 - MS1272.tif

[1/1] Processing: MS1272
  > Voxel size 0.5687 µm/px agrees with file metadata.
  > Axes from file axes metadata (ZCYX): (104, 5, 512, 512) -> (104, 5, 512, 512) (Z,C,Y,X)
  > Z=104, C=5, Y=512, X=512; pixel 0.5687 um; cell-mask min_size=31 px (= 10.0 um2); DAPI-mask min_size=31 px (= 10.0 um2)
  > Segmenting cell masks in 104 slices using ['ECAD', 'DAPI']...
  > 1644 slice-local cell masks across 95/104 slices
  > Segmenting DAPI masks in 104 slices using ['DAPI']...
  > 1494 slice-local DAPI masks across 91/104 slices
  > Object area um2: p5=39 median=133 p95=278 (cutoff 10.0)
  > Finding interfaces, assigning DAPI masks, and sampling ribbons...
  > DAPI assignment: 1279 cell masks assigned from 1480 DAPI masks; 282 geometric pairs removed because one or both cells lacked a valid DAPI mask
  [QC] 102 DAPI-mask assignments involved cells with multiple candidate nuclei; the strongest-overlap nucleus was retained
  > 1030 interfaces retained after geometry and mandatory DAPI-mask filtering (1312 geometric; 1788 candidates)
  [QC] ECAD peak vs geometric zero: median +0.00 µm, IQR -1.50 to +1.00 µm, n=1030 (reported only, not applied)
  > Saved pair statistics: /ceph.groups/mshahbazi.grp/rsakata/HE_Nondeveloping5/output/cellpose_boundary3/MS1272/MS1272_pair_stats.csv (1030 pairs)
  > Saved summary: /ceph.groups/mshahbazi.grp/rsakata/HE_Nondeveloping5/output/cellpose_boundary3/MS1272/MS1272_summary.csv
  > Saved profiles: /ceph.groups/mshahbazi.grp/rsakata/HE_Nondeveloping5/output/cellpose_boundary3/MS1272/MS1272_profiles.csv (106730 rows)

All done in 42356.7 s
