	Command being timed: "python /ceph.groups/mshahbazi.grp/rsakata/HE_Nondeveloping5/code/cytoseg.py"
	User time (seconds): 107.53
	System time (seconds): 1.59
	Percent of CPU this job got: 99%
	Elapsed (wall clock) time (h:mm:ss or m:ss): 1:49.80
	Average shared text size (kbytes): 0
	Average unshared data size (kbytes): 0
	Average stack size (kbytes): 0
	Average total size (kbytes): 0
	Maximum resident set size (kbytes): 1593848
	Average resident set size (kbytes): 0
	Major (requiring I/O) page faults: 322
	Minor (reclaiming a frame) page faults: 90961
	Voluntary context switches: 3326
	Involuntary context switches: 243
	Swaps: 0
	File system inputs: 59456
	File system outputs: 73392
	Socket messages sent: 0
	Socket messages received: 0
	Signals delivered: 0
	Page size (bytes): 4096
	Exit status: 0
