	Command being timed: "python /ceph.groups/mshahbazi.grp/rsakata/HE_Nondeveloping5/code/cytoseg.py"
	User time (seconds): 108.11
	System time (seconds): 1.60
	Percent of CPU this job got: 99%
	Elapsed (wall clock) time (h:mm:ss or m:ss): 1:50.33
	Average shared text size (kbytes): 0
	Average unshared data size (kbytes): 0
	Average stack size (kbytes): 0
	Average total size (kbytes): 0
	Maximum resident set size (kbytes): 1562560
	Average resident set size (kbytes): 0
	Major (requiring I/O) page faults: 400
	Minor (reclaiming a frame) page faults: 91531
	Voluntary context switches: 3620
	Involuntary context switches: 242
	Swaps: 0
	File system inputs: 98992
	File system outputs: 71848
	Socket messages sent: 0
	Socket messages received: 0
	Signals delivered: 0
	Page size (bytes): 4096
	Exit status: 0
