lmbwide.profile complete
Job 6208609 on fmg34.lmb.internal
Python 3.11.13
/lmb/home/rsakata/anaconda3/envs/cellpose_env/bin/python
CUDA available: True
Torch CUDA runtime: 12.8
Visible GPUs: 0
Thu Jan 29 23:41:31 2026       
+-----------------------------------------------------------------------------------------+
| NVIDIA-SMI 570.153.02             Driver Version: 570.153.02     CUDA Version: 12.8     |
|-----------------------------------------+------------------------+----------------------+
| GPU  Name                 Persistence-M | Bus-Id          Disp.A | Volatile Uncorr. ECC |
| Fan  Temp   Perf          Pwr:Usage/Cap |           Memory-Usage | GPU-Util  Compute M. |
|                                         |                        |               MIG M. |
|=========================================+========================+======================|
|   0  NVIDIA GeForce RTX 2080 Ti     On  |   00000000:1D:00.0 Off |                  N/A |
| 27%   30C    P8             13W /  250W |       1MiB /  11264MiB |      0%      Default |
|                                         |                        |                  N/A |
+-----------------------------------------+------------------------+----------------------+
                                                                                         
+-----------------------------------------------------------------------------------------+
| Processes:                                                                              |
|  GPU   GI   CI              PID   Type   Process name                        GPU Memory |
|        ID   ID                                                               Usage      |
|=========================================================================================|
|  No running processes found                                                             |
+-----------------------------------------------------------------------------------------+
Found 5 TIFs.
[array] task 2: /ceph.groups/mshahbazi.grp/rsakata/HE_Nondeveloping5/LIF2TIF/Nondeveloping5_serie_3 - MS1269.tif

=== Processing: Nondeveloping5_serie_3 - MS1269.tif ===
 shape :  (94, 5, 512, 512).
  Saved mask: /ceph.groups/mshahbazi.grp/rsakata/HE_Nondeveloping5/output/cyto_mask/Nondeveloping5_serie_3 - MS1269_mask.tif  (voxels=1597718)
  Saved QC: /ceph.groups/mshahbazi.grp/rsakata/HE_Nondeveloping5/output/cyto_mask/Nondeveloping5_serie_3 - MS1269_qc.png

Done in 71.6s
