	Command being timed: "python /ceph.groups/mshahbazi.grp/rsakata/HE_Nondeveloping5/code/cytoseg.py"
	User time (seconds): 70.90
	System time (seconds): 1.09
	Percent of CPU this job got: 99%
	Elapsed (wall clock) time (h:mm:ss or m:ss): 1:12.47
	Average shared text size (kbytes): 0
	Average unshared data size (kbytes): 0
	Average stack size (kbytes): 0
	Average total size (kbytes): 0
	Maximum resident set size (kbytes): 1088668
	Average resident set size (kbytes): 0
	Major (requiring I/O) page faults: 306
	Minor (reclaiming a frame) page faults: 79447
	Voluntary context switches: 2915
	Involuntary context switches: 162
	Swaps: 0
	File system inputs: 38536
	File system outputs: 48776
	Socket messages sent: 0
	Socket messages received: 0
	Signals delivered: 0
	Page size (bytes): 4096
	Exit status: 0
