lmbwide.profile complete
Job 6289352 on fmg25.lmb.internal
Python 3.11.13
/lmb/home/rsakata/anaconda3/envs/cellpose_env/bin/python
CUDA available: True
Torch CUDA runtime: 12.8
Visible GPUs: 0
Fri Feb 27 13:36:36 2026       
+-----------------------------------------------------------------------------------------+
| NVIDIA-SMI 570.153.02             Driver Version: 570.153.02     CUDA Version: 12.8     |
|-----------------------------------------+------------------------+----------------------+
| GPU  Name                 Persistence-M | Bus-Id          Disp.A | Volatile Uncorr. ECC |
| Fan  Temp   Perf          Pwr:Usage/Cap |           Memory-Usage | GPU-Util  Compute M. |
|                                         |                        |               MIG M. |
|=========================================+========================+======================|
|   0  NVIDIA GeForce RTX 2080 Ti     On  |   00000000:21:00.0 Off |                  N/A |
| 27%   32C    P8             23W /  250W |       1MiB /  11264MiB |      0%      Default |
|                                         |                        |                  N/A |
+-----------------------------------------+------------------------+----------------------+
                                                                                         
+-----------------------------------------------------------------------------------------+
| Processes:                                                                              |
|  GPU   GI   CI              PID   Type   Process name                        GPU Memory |
|        ID   ID                                                               Usage      |
|=========================================================================================|
|  No running processes found                                                             |
+-----------------------------------------------------------------------------------------+


Welcome to CellposeSAM, cellpose v
cellpose version: 	4.0.6 
platform:       	linux 
python version: 	3.11.13 
torch version:  	2.8.0+cu128! The neural network component of
CPSAM is much larger than in previous versions and CPU excution is slow. 
We encourage users to use GPU/MPS if available. 


Imports complete
Initializing Cellpose model...
Model loaded. GPU: True
Found 5 files to process in /ceph.groups/mshahbazi.grp/rsakata/HE_Nondeveloping5/LIF2TIF

[1/5] Processing: MS1167
  [Skip] Output exists in: /ceph.groups/mshahbazi.grp/rsakata/HE_Nondeveloping5/output/cellpose_boundary/MS1167

[2/5] Processing: MS1168
  [Skip] Output exists in: /ceph.groups/mshahbazi.grp/rsakata/HE_Nondeveloping5/output/cellpose_boundary/MS1168

[3/5] Processing: MS1269
  [Skip] Output exists in: /ceph.groups/mshahbazi.grp/rsakata/HE_Nondeveloping5/output/cellpose_boundary/MS1269

[4/5] Processing: MS1299_Gd
  [Skip] Output exists in: /ceph.groups/mshahbazi.grp/rsakata/HE_Nondeveloping5/output/cellpose_boundary/MS1299_Gd

[5/5] Processing: MS1272
  [Skip] Output exists in: /ceph.groups/mshahbazi.grp/rsakata/HE_Nondeveloping5/output/cellpose_boundary/MS1272

All done in 0.0s
