lmbwide.profile complete
Job 6269297 on fmg36.lmb.internal
Python 3.11.13
/lmb/home/rsakata/anaconda3/envs/cellpose_env/bin/python
CUDA available: True
Torch CUDA runtime: 12.8
Visible GPUs: 0
Wed Feb 25 11:02:43 2026       
+-----------------------------------------------------------------------------------------+
| NVIDIA-SMI 570.153.02             Driver Version: 570.153.02     CUDA Version: 12.8     |
|-----------------------------------------+------------------------+----------------------+
| GPU  Name                 Persistence-M | Bus-Id          Disp.A | Volatile Uncorr. ECC |
| Fan  Temp   Perf          Pwr:Usage/Cap |           Memory-Usage | GPU-Util  Compute M. |
|                                         |                        |               MIG M. |
|=========================================+========================+======================|
|   0  NVIDIA GeForce RTX 2080 Ti     On  |   00000000:8B:00.0 Off |                  N/A |
| 35%   49C    P8             21W /  250W |       1MiB /  11264MiB |      0%      Default |
|                                         |                        |                  N/A |
+-----------------------------------------+------------------------+----------------------+
                                                                                         
+-----------------------------------------------------------------------------------------+
| Processes:                                                                              |
|  GPU   GI   CI              PID   Type   Process name                        GPU Memory |
|        ID   ID                                                               Usage      |
|=========================================================================================|
|  No running processes found                                                             |
+-----------------------------------------------------------------------------------------+


Welcome to CellposeSAM, cellpose v
cellpose version: 	4.0.6 
platform:       	linux 
python version: 	3.11.13 
torch version:  	2.8.0+cu128! The neural network component of
CPSAM is much larger than in previous versions and CPU excution is slow. 
We encourage users to use GPU/MPS if available. 


GPU available to Cellpose: True
Found 5 TIFs
[array] task 4: /ceph.groups/mshahbazi.grp/rsakata/HE_Nondeveloping5/LIF2TIF/Nondeveloping5_serie_5 - MS1272.tif

== Nondeveloping5_serie_5 - MS1272.tif → MS1272
Reordered (104, 5, 512, 512) -> (104, 5, 512, 512) (Z,C,Y,X)
Objects: 98
Saved: /ceph.groups/mshahbazi.grp/rsakata/HE_Nondeveloping5/output/cellpose_intensities/MS1272_nucleus_intensity.csv
Saved: /ceph.groups/mshahbazi.grp/rsakata/HE_Nondeveloping5/output/cellpose_intensities/MS1272_mosaic_Image1_a-b.png

All done in 587.0s
