	Command being timed: "python /ceph.groups/mshahbazi.grp/rsakata/HE_Nondeveloping5/code/cellpose_batch.py"
	User time (seconds): 593.02
	System time (seconds): 4.80
	Percent of CPU this job got: 98%
	Elapsed (wall clock) time (h:mm:ss or m:ss): 10:04.90
	Average shared text size (kbytes): 0
	Average unshared data size (kbytes): 0
	Average stack size (kbytes): 0
	Average total size (kbytes): 0
	Maximum resident set size (kbytes): 3975552
	Average resident set size (kbytes): 0
	Major (requiring I/O) page faults: 2442
	Minor (reclaiming a frame) page faults: 1007739
	Voluntary context switches: 24669
	Involuntary context switches: 1406
	Swaps: 0
	File system inputs: 2968720
	File system outputs: 1688
	Socket messages sent: 0
	Socket messages received: 0
	Signals delivered: 0
	Page size (bytes): 4096
	Exit status: 0
