	Command being timed: "python /ceph.groups/mshahbazi.grp/rsakata/HE_Nondeveloping5/code/cellpose_batch.py"
	User time (seconds): 566.54
	System time (seconds): 4.58
	Percent of CPU this job got: 98%
	Elapsed (wall clock) time (h:mm:ss or m:ss): 9:38.70
	Average shared text size (kbytes): 0
	Average unshared data size (kbytes): 0
	Average stack size (kbytes): 0
	Average total size (kbytes): 0
	Maximum resident set size (kbytes): 3676316
	Average resident set size (kbytes): 0
	Major (requiring I/O) page faults: 2743
	Minor (reclaiming a frame) page faults: 955185
	Voluntary context switches: 24493
	Involuntary context switches: 1364
	Swaps: 0
	File system inputs: 1709728
	File system outputs: 1304
	Socket messages sent: 0
	Socket messages received: 0
	Signals delivered: 0
	Page size (bytes): 4096
	Exit status: 0
