	Command being timed: "python /ceph.groups/mshahbazi.grp/rsakata/EXP62/code/setB_T2/cytointensity.py"
	User time (seconds): 0.71
	System time (seconds): 0.28
	Percent of CPU this job got: 24%
	Elapsed (wall clock) time (h:mm:ss or m:ss): 0:04.11
	Average shared text size (kbytes): 0
	Average unshared data size (kbytes): 0
	Average stack size (kbytes): 0
	Average total size (kbytes): 0
	Maximum resident set size (kbytes): 182464
	Average resident set size (kbytes): 0
	Major (requiring I/O) page faults: 225
	Minor (reclaiming a frame) page faults: 21940
	Voluntary context switches: 5116
	Involuntary context switches: 186
	Swaps: 0
	File system inputs: 41608
	File system outputs: 16
	Socket messages sent: 0
	Socket messages received: 0
	Signals delivered: 0
	Page size (bytes): 4096
	Exit status: 0
