	Command being timed: "python /ceph.groups/mshahbazi.grp/rsakata/EXP62/code/setB_T2/cellpose_batch.py"
	User time (seconds): 64.17
	System time (seconds): 5.55
	Percent of CPU this job got: 96%
	Elapsed (wall clock) time (h:mm:ss or m:ss): 1:12.06
	Average shared text size (kbytes): 0
	Average unshared data size (kbytes): 0
	Average stack size (kbytes): 0
	Average total size (kbytes): 0
	Maximum resident set size (kbytes): 2876568
	Average resident set size (kbytes): 0
	Major (requiring I/O) page faults: 546
	Minor (reclaiming a frame) page faults: 2231505
	Voluntary context switches: 11254
	Involuntary context switches: 291
	Swaps: 0
	File system inputs: 106960
	File system outputs: 1584
	Socket messages sent: 0
	Socket messages received: 0
	Signals delivered: 0
	Page size (bytes): 4096
	Exit status: 0
