	Command being timed: "python /ceph.groups/mshahbazi.grp/rsakata/EXP62/code/setB_T2/cytoseg.py"
	User time (seconds): 3.21
	System time (seconds): 0.19
	Percent of CPU this job got: 83%
	Elapsed (wall clock) time (h:mm:ss or m:ss): 0:04.09
	Average shared text size (kbytes): 0
	Average unshared data size (kbytes): 0
	Average stack size (kbytes): 0
	Average total size (kbytes): 0
	Maximum resident set size (kbytes): 174452
	Average resident set size (kbytes): 0
	Major (requiring I/O) page faults: 127
	Minor (reclaiming a frame) page faults: 67937
	Voluntary context switches: 2604
	Involuntary context switches: 18
	Swaps: 0
	File system inputs: 3968
	File system outputs: 2888
	Socket messages sent: 0
	Socket messages received: 0
	Signals delivered: 0
	Page size (bytes): 4096
	Exit status: 0
