	Command being timed: "python /ceph.groups/mshahbazi.grp/rsakata/EXP58/code/setB_T2/cellpose_batch.py"
	User time (seconds): 13.55
	System time (seconds): 3.94
	Percent of CPU this job got: 52%
	Elapsed (wall clock) time (h:mm:ss or m:ss): 0:33.22
	Average shared text size (kbytes): 0
	Average unshared data size (kbytes): 0
	Average stack size (kbytes): 0
	Average total size (kbytes): 0
	Maximum resident set size (kbytes): 2100676
	Average resident set size (kbytes): 0
	Major (requiring I/O) page faults: 11
	Minor (reclaiming a frame) page faults: 890908
	Voluntary context switches: 9915
	Involuntary context switches: 209
	Swaps: 0
	File system inputs: 2560
	File system outputs: 928
	Socket messages sent: 0
	Socket messages received: 0
	Signals delivered: 0
	Page size (bytes): 4096
	Exit status: 0
