	Command being timed: "python /ceph.groups/mshahbazi.grp/rsakata/EXP58/code/setB_T2/cellpose_batch.py"
	User time (seconds): 16.97
	System time (seconds): 3.87
	Percent of CPU this job got: 81%
	Elapsed (wall clock) time (h:mm:ss or m:ss): 0:25.43
	Average shared text size (kbytes): 0
	Average unshared data size (kbytes): 0
	Average stack size (kbytes): 0
	Average total size (kbytes): 0
	Maximum resident set size (kbytes): 2099420
	Average resident set size (kbytes): 0
	Major (requiring I/O) page faults: 9
	Minor (reclaiming a frame) page faults: 926224
	Voluntary context switches: 10251
	Involuntary context switches: 215
	Swaps: 0
	File system inputs: 2048
	File system outputs: 1240
	Socket messages sent: 0
	Socket messages received: 0
	Signals delivered: 0
	Page size (bytes): 4096
	Exit status: 0
