	Command being timed: "python /ceph.groups/mshahbazi.grp/rsakata/EXP58/code/setB_T2/cellpose_batch.py"
	User time (seconds): 63.45
	System time (seconds): 4.88
	Percent of CPU this job got: 94%
	Elapsed (wall clock) time (h:mm:ss or m:ss): 1:12.32
	Average shared text size (kbytes): 0
	Average unshared data size (kbytes): 0
	Average stack size (kbytes): 0
	Average total size (kbytes): 0
	Maximum resident set size (kbytes): 2839628
	Average resident set size (kbytes): 0
	Major (requiring I/O) page faults: 2
	Minor (reclaiming a frame) page faults: 1990697
	Voluntary context switches: 11102
	Involuntary context switches: 279
	Swaps: 0
	File system inputs: 512
	File system outputs: 1928
	Socket messages sent: 0
	Socket messages received: 0
	Signals delivered: 0
	Page size (bytes): 4096
	Exit status: 0
