lmbwide.profile complete
Job 6171767 on fmg101.lmb.internal
Python 3.11.13
/lmb/home/rsakata/anaconda3/envs/cellpose_env/bin/python
CUDA available: True
Torch CUDA runtime: 12.8
Visible GPUs: 0
Thu Jan 15 14:50:24 2026       
+---------------------------------------------------------------------------------------+
| NVIDIA-SMI 535.86.10              Driver Version: 535.86.10    CUDA Version: 12.2     |
|-----------------------------------------+----------------------+----------------------+
| GPU  Name                 Persistence-M | Bus-Id        Disp.A | Volatile Uncorr. ECC |
| Fan  Temp   Perf          Pwr:Usage/Cap |         Memory-Usage | GPU-Util  Compute M. |
|                                         |                      |               MIG M. |
|=========================================+======================+======================|
|   0  NVIDIA A100-SXM4-40GB          On  | 00000000:4D:00.0 Off |                    0 |
| N/A   31C    P0              53W / 400W |      4MiB / 40960MiB |      0%      Default |
|                                         |                      |             Disabled |
+-----------------------------------------+----------------------+----------------------+
                                                                                         
+---------------------------------------------------------------------------------------+
| Processes:                                                                            |
|  GPU   GI   CI        PID   Type   Process name                            GPU Memory |
|        ID   ID                                                             Usage      |
|=======================================================================================|
|  No running processes found                                                           |
+---------------------------------------------------------------------------------------+


Welcome to CellposeSAM, cellpose v
cellpose version: 	4.0.6 
platform:       	linux 
python version: 	3.11.13 
torch version:  	2.8.0+cu128! The neural network component of
CPSAM is much larger than in previous versions and CPU excution is slow. 
We encourage users to use GPU/MPS if available. 


Imports complete
Initializing Cellpose model...
Model loaded. GPU: True
Found 37 files to process in /ceph.groups/mshahbazi.grp/rsakata/EXP58/LIF2TIF/setB_T2/LIF2TIF

[1/37] Processing: 4_2
  > Segmenting 20 slices...
  > Detected 24 objects.
  > Finding neighbors...
  > Extracting profiles...
  > Generating summary plots...

[2/37] Processing: 4_3-1
  > Segmenting 22 slices...
  > Detected 15 objects.
  > Finding neighbors...
  > Extracting profiles...
  > Generating summary plots...

[3/37] Processing: 4_3-2
  > Segmenting 22 slices...
  > Detected 28 objects.
  > Finding neighbors...
  > Extracting profiles...
  > Generating summary plots...

[4/37] Processing: 4_4-1
  > Segmenting 24 slices...
  > Detected 37 objects.
  > Finding neighbors...
  > Extracting profiles...
  > Generating summary plots...

[5/37] Processing: 4_4-2
  > Segmenting 24 slices...
  > Detected 23 objects.
  > Finding neighbors...
  > Extracting profiles...
  > Generating summary plots...

[6/37] Processing: 4_4-3
  > Segmenting 24 slices...
  > Detected 30 objects.
  > Finding neighbors...
  > Extracting profiles...
  > Generating summary plots...

[7/37] Processing: 4_4-4
  > Segmenting 24 slices...
  > Detected 32 objects.
  > Finding neighbors...
  > Extracting profiles...
  > Generating summary plots...

[8/37] Processing: 4_5-1
  > Segmenting 13 slices...
  > Detected 13 objects.
  > Finding neighbors...
  > Extracting profiles...
  > Generating summary plots...

[9/37] Processing: 3_1-1
  > Segmenting 40 slices...
  > Detected 43 objects.
  > Finding neighbors...
  > Extracting profiles...
  > Generating summary plots...

[10/37] Processing: 3_2
  > Segmenting 16 slices...
  > Detected 24 objects.
  > Finding neighbors...
  > Extracting profiles...
  > Generating summary plots...

[11/37] Processing: 3_3
  > Segmenting 25 slices...
  > Detected 54 objects.
  > Finding neighbors...
  > Extracting profiles...
  > Generating summary plots...

[12/37] Processing: 3_4
  > Segmenting 23 slices...
  > Detected 63 objects.
  > Finding neighbors...
  > Extracting profiles...
  > Generating summary plots...

[13/37] Processing: 3_5
  > Segmenting 19 slices...
  > Detected 30 objects.
  > Finding neighbors...
  > Extracting profiles...
  > Generating summary plots...

[14/37] Processing: 3_6
  > Segmenting 21 slices...
  > Detected 39 objects.
  > Finding neighbors...
  > Extracting profiles...
  > Generating summary plots...

[15/37] Processing: 3_7-1
  > Segmenting 23 slices...
  > Detected 34 objects.
  > Finding neighbors...
  > Extracting profiles...
  > Generating summary plots...

[16/37] Processing: 3_7-2
  > Segmenting 23 slices...
  > Detected 40 objects.
  > Finding neighbors...
  > Extracting profiles...
  > Generating summary plots...

[17/37] Processing: 3_8-1
  > Segmenting 29 slices...
  > Detected 30 objects.
  > Finding neighbors...
  > Extracting profiles...
  > Generating summary plots...

[18/37] Processing: 3_8-2
  > Segmenting 29 slices...
  > Detected 20 objects.
  > Finding neighbors...
  > Extracting profiles...
  > Generating summary plots...

[19/37] Processing: 3_8-3
  > Segmenting 29 slices...
  > Detected 39 objects.
  > Finding neighbors...
  > Extracting profiles...
  > Generating summary plots...

[20/37] Processing: 3_8-4
  > Segmenting 29 slices...
  > Detected 32 objects.
  > Finding neighbors...
  > Extracting profiles...
  > Generating summary plots...

[21/37] Processing: 2_1
  > Segmenting 16 slices...
  > Detected 38 objects.
  > Finding neighbors...
  > Extracting profiles...
  > Generating summary plots...

[22/37] Processing: 2_2
  > Segmenting 26 slices...
  > Detected 52 objects.
  > Finding neighbors...
  > Extracting profiles...
  > Generating summary plots...

[23/37] Processing: 2_3-1
  > Segmenting 20 slices...
  > Detected 53 objects.
  > Finding neighbors...
  > Extracting profiles...
  > Generating summary plots...

[24/37] Processing: 2_3-2
  > Segmenting 20 slices...
  > Detected 45 objects.
  > Finding neighbors...
  > Extracting profiles...
  > Generating summary plots...

[25/37] Processing: 2_4
  > Segmenting 22 slices...
  > Detected 40 objects.
  > Finding neighbors...
  > Extracting profiles...
  > Generating summary plots...

[26/37] Processing: 2_5-1
  > Segmenting 26 slices...
  > Detected 54 objects.
  > Finding neighbors...
  > Extracting profiles...
  > Generating summary plots...

[27/37] Processing: 2_5-2
  > Segmenting 26 slices...
  > Detected 66 objects.
  > Finding neighbors...
  > Extracting profiles...
  > Generating summary plots...

[28/37] Processing: 2_6-1
  > Segmenting 24 slices...
  > Detected 54 objects.
  > Finding neighbors...
  > Extracting profiles...
  > Generating summary plots...

[29/37] Processing: 2_6-2
  > Segmenting 24 slices...
  > Detected 25 objects.
  > Finding neighbors...
  > Extracting profiles...
  > Generating summary plots...

[30/37] Processing: 1_1
  > Segmenting 19 slices...
  > Detected 59 objects.
  > Finding neighbors...
  > Extracting profiles...
  > Generating summary plots...

[31/37] Processing: 1_2-1
  > Segmenting 23 slices...
  > Detected 53 objects.
  > Finding neighbors...
  > Extracting profiles...
  > Generating summary plots...

[32/37] Processing: 1_2-2
  > Segmenting 23 slices...
  > Detected 40 objects.
  > Finding neighbors...
  > Extracting profiles...
  > Generating summary plots...

[33/37] Processing: 1_3
  > Segmenting 27 slices...
  > Detected 51 objects.
  > Finding neighbors...
  > Extracting profiles...
  > Generating summary plots...

[34/37] Processing: 1_4
  > Segmenting 28 slices...
  > Detected 69 objects.
  > Finding neighbors...
  > Extracting profiles...
  > Generating summary plots...

[35/37] Processing: 1_5-1
  > Segmenting 31 slices...
  > Detected 58 objects.
  > Finding neighbors...
  > Extracting profiles...
  > Generating summary plots...

[36/37] Processing: 1_5-2
  > Segmenting 31 slices...
  > Detected 56 objects.
  > Finding neighbors...
  > Extracting profiles...
  > Generating summary plots...

[37/37] Processing: 1_5-3
  > Segmenting 31 slices...
  > Detected 55 objects.
  > Finding neighbors...
  > Extracting profiles...
  > Generating summary plots...

All done in 419.8s
