lmbwide.profile complete
Job 6171816 on fmg101.lmb.internal
Python 3.11.13
/lmb/home/rsakata/anaconda3/envs/cellpose_env/bin/python
CUDA available: True
Torch CUDA runtime: 12.8
Visible GPUs: 0
Thu Jan 15 15:00:24 2026       
+---------------------------------------------------------------------------------------+
| NVIDIA-SMI 535.86.10              Driver Version: 535.86.10    CUDA Version: 12.2     |
|-----------------------------------------+----------------------+----------------------+
| GPU  Name                 Persistence-M | Bus-Id        Disp.A | Volatile Uncorr. ECC |
| Fan  Temp   Perf          Pwr:Usage/Cap |         Memory-Usage | GPU-Util  Compute M. |
|                                         |                      |               MIG M. |
|=========================================+======================+======================|
|   0  NVIDIA A100-SXM4-40GB          On  | 00000000:47:00.0 Off |                    0 |
| N/A   29C    P0              54W / 400W |      4MiB / 40960MiB |      0%      Default |
|                                         |                      |             Disabled |
+-----------------------------------------+----------------------+----------------------+
                                                                                         
+---------------------------------------------------------------------------------------+
| Processes:                                                                            |
|  GPU   GI   CI        PID   Type   Process name                            GPU Memory |
|        ID   ID                                                             Usage      |
|=======================================================================================|
|  No running processes found                                                           |
+---------------------------------------------------------------------------------------+


Welcome to CellposeSAM, cellpose v
cellpose version: 	4.0.6 
platform:       	linux 
python version: 	3.11.13 
torch version:  	2.8.0+cu128! The neural network component of
CPSAM is much larger than in previous versions and CPU excution is slow. 
We encourage users to use GPU/MPS if available. 


Imports complete
Initializing Cellpose model...
Model loaded. GPU: True
Found 37 files to process in /ceph.groups/mshahbazi.grp/rsakata/EXP58/LIF2TIF/setB_T2/LIF2TIF

[1/37] Processing: 4_2
  [Skip] Output exists in: /ceph.groups/mshahbazi.grp/rsakata/EXP58/output/setB_T2/cellpose_boundary/4_2

[2/37] Processing: 4_3-1
  [Skip] Output exists in: /ceph.groups/mshahbazi.grp/rsakata/EXP58/output/setB_T2/cellpose_boundary/4_3-1

[3/37] Processing: 4_3-2
  [Skip] Output exists in: /ceph.groups/mshahbazi.grp/rsakata/EXP58/output/setB_T2/cellpose_boundary/4_3-2

[4/37] Processing: 4_4-1
  [Skip] Output exists in: /ceph.groups/mshahbazi.grp/rsakata/EXP58/output/setB_T2/cellpose_boundary/4_4-1

[5/37] Processing: 4_4-2
  [Skip] Output exists in: /ceph.groups/mshahbazi.grp/rsakata/EXP58/output/setB_T2/cellpose_boundary/4_4-2

[6/37] Processing: 4_4-3
  [Skip] Output exists in: /ceph.groups/mshahbazi.grp/rsakata/EXP58/output/setB_T2/cellpose_boundary/4_4-3

[7/37] Processing: 4_4-4
  [Skip] Output exists in: /ceph.groups/mshahbazi.grp/rsakata/EXP58/output/setB_T2/cellpose_boundary/4_4-4

[8/37] Processing: 4_5-1
  [Skip] Output exists in: /ceph.groups/mshahbazi.grp/rsakata/EXP58/output/setB_T2/cellpose_boundary/4_5-1

[9/37] Processing: 3_1-1
  [Skip] Output exists in: /ceph.groups/mshahbazi.grp/rsakata/EXP58/output/setB_T2/cellpose_boundary/3_1-1

[10/37] Processing: 3_2
  [Skip] Output exists in: /ceph.groups/mshahbazi.grp/rsakata/EXP58/output/setB_T2/cellpose_boundary/3_2

[11/37] Processing: 3_3
  [Skip] Output exists in: /ceph.groups/mshahbazi.grp/rsakata/EXP58/output/setB_T2/cellpose_boundary/3_3

[12/37] Processing: 3_4
  [Skip] Output exists in: /ceph.groups/mshahbazi.grp/rsakata/EXP58/output/setB_T2/cellpose_boundary/3_4

[13/37] Processing: 3_5
  [Skip] Output exists in: /ceph.groups/mshahbazi.grp/rsakata/EXP58/output/setB_T2/cellpose_boundary/3_5

[14/37] Processing: 3_6
  [Skip] Output exists in: /ceph.groups/mshahbazi.grp/rsakata/EXP58/output/setB_T2/cellpose_boundary/3_6

[15/37] Processing: 3_7-1
  [Skip] Output exists in: /ceph.groups/mshahbazi.grp/rsakata/EXP58/output/setB_T2/cellpose_boundary/3_7-1

[16/37] Processing: 3_7-2
  [Skip] Output exists in: /ceph.groups/mshahbazi.grp/rsakata/EXP58/output/setB_T2/cellpose_boundary/3_7-2

[17/37] Processing: 3_8-1
  [Skip] Output exists in: /ceph.groups/mshahbazi.grp/rsakata/EXP58/output/setB_T2/cellpose_boundary/3_8-1

[18/37] Processing: 3_8-2
  [Skip] Output exists in: /ceph.groups/mshahbazi.grp/rsakata/EXP58/output/setB_T2/cellpose_boundary/3_8-2

[19/37] Processing: 3_8-3
  [Skip] Output exists in: /ceph.groups/mshahbazi.grp/rsakata/EXP58/output/setB_T2/cellpose_boundary/3_8-3

[20/37] Processing: 3_8-4
  [Skip] Output exists in: /ceph.groups/mshahbazi.grp/rsakata/EXP58/output/setB_T2/cellpose_boundary/3_8-4

[21/37] Processing: 2_1
  [Skip] Output exists in: /ceph.groups/mshahbazi.grp/rsakata/EXP58/output/setB_T2/cellpose_boundary/2_1

[22/37] Processing: 2_2
  [Skip] Output exists in: /ceph.groups/mshahbazi.grp/rsakata/EXP58/output/setB_T2/cellpose_boundary/2_2

[23/37] Processing: 2_3-1
  [Skip] Output exists in: /ceph.groups/mshahbazi.grp/rsakata/EXP58/output/setB_T2/cellpose_boundary/2_3-1

[24/37] Processing: 2_3-2
  [Skip] Output exists in: /ceph.groups/mshahbazi.grp/rsakata/EXP58/output/setB_T2/cellpose_boundary/2_3-2

[25/37] Processing: 2_4
  [Skip] Output exists in: /ceph.groups/mshahbazi.grp/rsakata/EXP58/output/setB_T2/cellpose_boundary/2_4

[26/37] Processing: 2_5-1
  [Skip] Output exists in: /ceph.groups/mshahbazi.grp/rsakata/EXP58/output/setB_T2/cellpose_boundary/2_5-1

[27/37] Processing: 2_5-2
  [Skip] Output exists in: /ceph.groups/mshahbazi.grp/rsakata/EXP58/output/setB_T2/cellpose_boundary/2_5-2

[28/37] Processing: 2_6-1
  [Skip] Output exists in: /ceph.groups/mshahbazi.grp/rsakata/EXP58/output/setB_T2/cellpose_boundary/2_6-1

[29/37] Processing: 2_6-2
  [Skip] Output exists in: /ceph.groups/mshahbazi.grp/rsakata/EXP58/output/setB_T2/cellpose_boundary/2_6-2

[30/37] Processing: 1_1
  [Skip] Output exists in: /ceph.groups/mshahbazi.grp/rsakata/EXP58/output/setB_T2/cellpose_boundary/1_1

[31/37] Processing: 1_2-1
  [Skip] Output exists in: /ceph.groups/mshahbazi.grp/rsakata/EXP58/output/setB_T2/cellpose_boundary/1_2-1

[32/37] Processing: 1_2-2
  [Skip] Output exists in: /ceph.groups/mshahbazi.grp/rsakata/EXP58/output/setB_T2/cellpose_boundary/1_2-2

[33/37] Processing: 1_3
  [Skip] Output exists in: /ceph.groups/mshahbazi.grp/rsakata/EXP58/output/setB_T2/cellpose_boundary/1_3

[34/37] Processing: 1_4
  [Skip] Output exists in: /ceph.groups/mshahbazi.grp/rsakata/EXP58/output/setB_T2/cellpose_boundary/1_4

[35/37] Processing: 1_5-1
  [Skip] Output exists in: /ceph.groups/mshahbazi.grp/rsakata/EXP58/output/setB_T2/cellpose_boundary/1_5-1

[36/37] Processing: 1_5-2
  [Skip] Output exists in: /ceph.groups/mshahbazi.grp/rsakata/EXP58/output/setB_T2/cellpose_boundary/1_5-2

[37/37] Processing: 1_5-3
  [Skip] Output exists in: /ceph.groups/mshahbazi.grp/rsakata/EXP58/output/setB_T2/cellpose_boundary/1_5-3

All done in 0.0s
