lmbwide.profile complete
Job 6157982 on fmg101.lmb.internal
Python 3.11.13
/lmb/home/rsakata/anaconda3/envs/cellpose_env/bin/python
CUDA available: True
Torch CUDA runtime: 12.8
Visible GPUs: 0
Wed Jan  7 19:51:35 2026       
+---------------------------------------------------------------------------------------+
| NVIDIA-SMI 535.86.10              Driver Version: 535.86.10    CUDA Version: 12.2     |
|-----------------------------------------+----------------------+----------------------+
| GPU  Name                 Persistence-M | Bus-Id        Disp.A | Volatile Uncorr. ECC |
| Fan  Temp   Perf          Pwr:Usage/Cap |         Memory-Usage | GPU-Util  Compute M. |
|                                         |                      |               MIG M. |
|=========================================+======================+======================|
|   0  NVIDIA A100-SXM4-40GB          On  | 00000000:8D:00.0 Off |                    0 |
| N/A   28C    P0              54W / 400W |      4MiB / 40960MiB |      0%      Default |
|                                         |                      |             Disabled |
+-----------------------------------------+----------------------+----------------------+
                                                                                         
+---------------------------------------------------------------------------------------+
| Processes:                                                                            |
|  GPU   GI   CI        PID   Type   Process name                            GPU Memory |
|        ID   ID                                                             Usage      |
|=======================================================================================|
|  No running processes found                                                           |
+---------------------------------------------------------------------------------------+
Found 37 TIFs.
[array] task 3: /ceph.groups/mshahbazi.grp/rsakata/EXP58/LIF2TIF/setB_T2/LIF2TIF/EXP58_setB_T2_DAPI_phalloidin_GFP_ECAD_caspase3_serie_4 - 4_4-1.tif

=== Processing: EXP58_setB_T2_DAPI_phalloidin_GFP_ECAD_caspase3_serie_4 - 4_4-1.tif ===
  Saved mask: /ceph.groups/mshahbazi.grp/rsakata/EXP58/output/setB_T2/2_cytoseg/EXP58_setB_T2_DAPI_phalloidin_GFP_ECAD_caspase3_serie_4 - 4_4-1_mask.tif  (voxels=233117)
  Saved QC: /ceph.groups/mshahbazi.grp/rsakata/EXP58/output/setB_T2/2_cytoseg/EXP58_setB_T2_DAPI_phalloidin_GFP_ECAD_caspase3_serie_4 - 4_4-1_qc.png

Done in 2.8s
