lmbwide.profile complete
Job 6171081 on fmg101.lmb.internal
Python 3.11.13
/lmb/home/rsakata/anaconda3/envs/cellpose_env/bin/python
CUDA available: True
Torch CUDA runtime: 12.8
Visible GPUs: 0
Thu Jan 15 12:35:09 2026       
+---------------------------------------------------------------------------------------+
| NVIDIA-SMI 535.86.10              Driver Version: 535.86.10    CUDA Version: 12.2     |
|-----------------------------------------+----------------------+----------------------+
| GPU  Name                 Persistence-M | Bus-Id        Disp.A | Volatile Uncorr. ECC |
| Fan  Temp   Perf          Pwr:Usage/Cap |         Memory-Usage | GPU-Util  Compute M. |
|                                         |                      |               MIG M. |
|=========================================+======================+======================|
|   0  NVIDIA A100-SXM4-40GB          On  | 00000000:47:00.0 Off |                    0 |
| N/A   29C    P0              56W / 400W |      4MiB / 40960MiB |      0%      Default |
|                                         |                      |             Disabled |
+-----------------------------------------+----------------------+----------------------+
                                                                                         
+---------------------------------------------------------------------------------------+
| Processes:                                                                            |
|  GPU   GI   CI        PID   Type   Process name                            GPU Memory |
|        ID   ID                                                             Usage      |
|=======================================================================================|
|  No running processes found                                                           |
+---------------------------------------------------------------------------------------+


Welcome to CellposeSAM, cellpose v
cellpose version: 	4.0.6 
platform:       	linux 
python version: 	3.11.13 
torch version:  	2.8.0+cu128! The neural network component of
CPSAM is much larger than in previous versions and CPU excution is slow. 
We encourage users to use GPU/MPS if available. 


Imports complete
Initializing Cellpose model...
Model loaded. GPU: True
Found 41 files to process in /ceph.groups/mshahbazi.grp/rsakata/EXP63/LIF2TIF/setB_T3

[1/41] Processing: 5_1
  [Skip] Output exists in: /ceph.groups/mshahbazi.grp/rsakata/EXP63/output/setB_T3/cellpose_boundary/5_1

[2/41] Processing: 5_2
  [Skip] Output exists in: /ceph.groups/mshahbazi.grp/rsakata/EXP63/output/setB_T3/cellpose_boundary/5_2

[3/41] Processing: 5_3-1
  [Skip] Output exists in: /ceph.groups/mshahbazi.grp/rsakata/EXP63/output/setB_T3/cellpose_boundary/5_3-1

[4/41] Processing: 5_5
  [Skip] Output exists in: /ceph.groups/mshahbazi.grp/rsakata/EXP63/output/setB_T3/cellpose_boundary/5_5

[5/41] Processing: 5_6
  [Skip] Output exists in: /ceph.groups/mshahbazi.grp/rsakata/EXP63/output/setB_T3/cellpose_boundary/5_6

[6/41] Processing: 5_7
  [Skip] Output exists in: /ceph.groups/mshahbazi.grp/rsakata/EXP63/output/setB_T3/cellpose_boundary/5_7

[7/41] Processing: 5_8
  [Skip] Output exists in: /ceph.groups/mshahbazi.grp/rsakata/EXP63/output/setB_T3/cellpose_boundary/5_8

[8/41] Processing: 7_1
  [Skip] Output exists in: /ceph.groups/mshahbazi.grp/rsakata/EXP63/output/setB_T3/cellpose_boundary/7_1

[9/41] Processing: 7_2
  > Segmenting 142 slices...
  > Detected 35 objects.
  > Finding neighbors...
  > Extracting profiles...
  > Generating summary plots...

[10/41] Processing: 7_3
  > Segmenting 123 slices...
  > Detected 39 objects.
  > Finding neighbors...
  > Extracting profiles...
  > Generating summary plots...

[11/41] Processing: 7_4-1
  > Segmenting 97 slices...
  > Detected 88 objects.
  > Finding neighbors...
  > Extracting profiles...
  > Generating summary plots...

[12/41] Processing: 7_5-1
  > Segmenting 109 slices...
  > Detected 93 objects.
  > Finding neighbors...
  > Extracting profiles...
  > Generating summary plots...

[13/41] Processing: 7_6
  > Segmenting 172 slices...
  > Detected 64 objects.
  > Finding neighbors...
  > Extracting profiles...
  > Generating summary plots...

[14/41] Processing: 8_1-1
  > Segmenting 40 slices...
  > Detected 56 objects.
  > Finding neighbors...
  > Extracting profiles...
  > Generating summary plots...

[15/41] Processing: 8_1-2
  > Segmenting 40 slices...
  > Detected 61 objects.
  > Finding neighbors...
  > Extracting profiles...
  > Generating summary plots...

[16/41] Processing: 8_1-3
  > Segmenting 40 slices...
  > Detected 73 objects.
  > Finding neighbors...
  > Extracting profiles...
  > Generating summary plots...

[17/41] Processing: 8_1-4
  > Segmenting 40 slices...
  > Detected 46 objects.
  > Finding neighbors...
  > Extracting profiles...
  > Generating summary plots...

[18/41] Processing: 8_2
  > Segmenting 21 slices...
  > Detected 92 objects.
  > Finding neighbors...
  > Extracting profiles...
  > Generating summary plots...

[19/41] Processing: 8_3-1
  [Skip] Output exists in: /ceph.groups/mshahbazi.grp/rsakata/EXP63/output/setB_T3/cellpose_boundary/8_3-1

[20/41] Processing: 8_3-2
  > Segmenting 27 slices...
  > Detected 82 objects.
  > Finding neighbors...
  > Extracting profiles...
  > Generating summary plots...

[21/41] Processing: 9_1
  > Segmenting 126 slices...
  > Detected 52 objects.
  > Finding neighbors...
  > Extracting profiles...
  > Generating summary plots...

[22/41] Processing: 9_2
  > Segmenting 146 slices...
  > Detected 52 objects.
  > Finding neighbors...
  > Extracting profiles...
  > Generating summary plots...

[23/41] Processing: 9_3
  > Segmenting 86 slices...
  > Detected 53 objects.
  > Finding neighbors...
  > Extracting profiles...
  > Generating summary plots...

[24/41] Processing: 9_4
  > Segmenting 77 slices...
  > Detected 27 objects.
  > Finding neighbors...
  > Extracting profiles...
  > Generating summary plots...

[25/41] Processing: 10_1-1
  > Segmenting 25 slices...
  > Detected 58 objects.
  > Finding neighbors...
  > Extracting profiles...
  > Generating summary plots...

[26/41] Processing: 10_1-2
  > Segmenting 25 slices...
  > Detected 101 objects.
  > Finding neighbors...
  > Extracting profiles...
  > Generating summary plots...

[27/41] Processing: 10_2-1
  > Segmenting 25 slices...
  > Detected 66 objects.
  > Finding neighbors...
  > Extracting profiles...
  > Generating summary plots...

[28/41] Processing: 10_2-2
  > Segmenting 25 slices...
  > Detected 44 objects.
  > Finding neighbors...
  > Extracting profiles...
  > Generating summary plots...

[29/41] Processing: 10_3-1
  > Segmenting 29 slices...
  > Detected 59 objects.
  > Finding neighbors...
  > Extracting profiles...
  > Generating summary plots...

[30/41] Processing: 10_3-2
  > Segmenting 29 slices...
  > Detected 69 objects.
  > Finding neighbors...
  > Extracting profiles...
  > Generating summary plots...

[31/41] Processing: 10_3-3
  > Segmenting 29 slices...
  > Detected 59 objects.
  > Finding neighbors...
  > Extracting profiles...
  > Generating summary plots...

[32/41] Processing: 10_4
  > Segmenting 24 slices...
  > Detected 72 objects.
  > Finding neighbors...
  > Extracting profiles...
  > Generating summary plots...

[33/41] Processing: 10_5
  > Segmenting 27 slices...
  > Detected 179 objects.
  > Finding neighbors...
  > Extracting profiles...
  > Generating summary plots...

[34/41] Processing: 11_1
  > Segmenting 116 slices...
  > Detected 61 objects.
  > Finding neighbors...
  > Extracting profiles...
  > Generating summary plots...

[35/41] Processing: 11_2
  > Segmenting 128 slices...
  > Detected 52 objects.
  > Finding neighbors...
  > Extracting profiles...
  > Generating summary plots...

[36/41] Processing: 11_3
  > Segmenting 101 slices...
  > Detected 44 objects.
  > Finding neighbors...
  > Extracting profiles...
  > Generating summary plots...

[37/41] Processing: 11_4
  > Segmenting 126 slices...
  > Detected 35 objects.
  > Finding neighbors...
  > Extracting profiles...
  > Generating summary plots...

[38/41] Processing: 11_5
  > Segmenting 129 slices...
  > Detected 86 objects.
  > Finding neighbors...
  > Extracting profiles...
  > Generating summary plots...

[39/41] Processing: 11_6
  > Segmenting 84 slices...
  > Detected 87 objects.
  > Finding neighbors...
  > Extracting profiles...
  > Generating summary plots...

[40/41] Processing: 11_7
  > Segmenting 173 slices...
  > Detected 57 objects.
  > Finding neighbors...
  > Extracting profiles...
  > Generating summary plots...

[41/41] Processing: 11_8-1
  > Segmenting 112 slices...
  > Detected 51 objects.
  > Finding neighbors...
  > Extracting profiles...
  > Generating summary plots...

All done in 1146.9s
