	Command being timed: "python /ceph.groups/mshahbazi.grp/rsakata/EXP63/code/setB_T3/cellpose_batch.py"
	User time (seconds): 157.48
	System time (seconds): 14.78
	Percent of CPU this job got: 103%
	Elapsed (wall clock) time (h:mm:ss or m:ss): 2:45.81
	Average shared text size (kbytes): 0
	Average unshared data size (kbytes): 0
	Average stack size (kbytes): 0
	Average total size (kbytes): 0
	Maximum resident set size (kbytes): 4782824
	Average resident set size (kbytes): 0
	Major (requiring I/O) page faults: 23
	Minor (reclaiming a frame) page faults: 6228783
	Voluntary context switches: 30125
	Involuntary context switches: 61993
	Swaps: 0
	File system inputs: 4608
	File system outputs: 1224
	Socket messages sent: 0
	Socket messages received: 0
	Signals delivered: 0
	Page size (bytes): 4096
	Exit status: 0
