	Command being timed: "python /ceph.groups/mshahbazi.grp/rsakata/EXP63/code/setB_T3/cellpose_batch.py"
	User time (seconds): 89.92
	System time (seconds): 8.85
	Percent of CPU this job got: 101%
	Elapsed (wall clock) time (h:mm:ss or m:ss): 1:37.67
	Average shared text size (kbytes): 0
	Average unshared data size (kbytes): 0
	Average stack size (kbytes): 0
	Average total size (kbytes): 0
	Maximum resident set size (kbytes): 3328156
	Average resident set size (kbytes): 0
	Major (requiring I/O) page faults: 10
	Minor (reclaiming a frame) page faults: 3472359
	Voluntary context switches: 11746
	Involuntary context switches: 241924
	Swaps: 0
	File system inputs: 2048
	File system outputs: 2400
	Socket messages sent: 0
	Socket messages received: 0
	Signals delivered: 0
	Page size (bytes): 4096
	Exit status: 0
