	Command being timed: "python /ceph.groups/mshahbazi.grp/rsakata/EXP63/code/setB_T3/cellpose_batch.py"
	User time (seconds): 309.79
	System time (seconds): 71.83
	Percent of CPU this job got: 104%
	Elapsed (wall clock) time (h:mm:ss or m:ss): 6:06.55
	Average shared text size (kbytes): 0
	Average unshared data size (kbytes): 0
	Average stack size (kbytes): 0
	Average total size (kbytes): 0
	Maximum resident set size (kbytes): 7009652
	Average resident set size (kbytes): 0
	Major (requiring I/O) page faults: 12
	Minor (reclaiming a frame) page faults: 52996584
	Voluntary context switches: 44582
	Involuntary context switches: 600703
	Swaps: 0
	File system inputs: 2816
	File system outputs: 2496
	Socket messages sent: 0
	Socket messages received: 0
	Signals delivered: 0
	Page size (bytes): 4096
	Exit status: 0
