	Command being timed: "python /ceph.groups/mshahbazi.grp/rsakata/EXP63/code/setB_T3/cellpose_batch.py"
	User time (seconds): 189.76
	System time (seconds): 33.43
	Percent of CPU this job got: 104%
	Elapsed (wall clock) time (h:mm:ss or m:ss): 3:33.90
	Average shared text size (kbytes): 0
	Average unshared data size (kbytes): 0
	Average stack size (kbytes): 0
	Average total size (kbytes): 0
	Maximum resident set size (kbytes): 6250572
	Average resident set size (kbytes): 0
	Major (requiring I/O) page faults: 11
	Minor (reclaiming a frame) page faults: 21167759
	Voluntary context switches: 38115
	Involuntary context switches: 10635
	Swaps: 0
	File system inputs: 2560
	File system outputs: 1176
	Socket messages sent: 0
	Socket messages received: 0
	Signals delivered: 0
	Page size (bytes): 4096
	Exit status: 0
