	Command being timed: "python /ceph.groups/mshahbazi.grp/rsakata/EXP63/code/setB_T3/cytoseg.py"
	User time (seconds): 68.73
	System time (seconds): 2.80
	Percent of CPU this job got: 97%
	Elapsed (wall clock) time (h:mm:ss or m:ss): 1:13.28
	Average shared text size (kbytes): 0
	Average unshared data size (kbytes): 0
	Average stack size (kbytes): 0
	Average total size (kbytes): 0
	Maximum resident set size (kbytes): 1184960
	Average resident set size (kbytes): 0
	Major (requiring I/O) page faults: 401
	Minor (reclaiming a frame) page faults: 1332372
	Voluntary context switches: 3266
	Involuntary context switches: 96
	Swaps: 0
	File system inputs: 98896
	File system outputs: 53328
	Socket messages sent: 0
	Socket messages received: 0
	Signals delivered: 0
	Page size (bytes): 4096
	Exit status: 0
