	Command being timed: "python /ceph.groups/mshahbazi.grp/rsakata/HE_Nondeveloping5/code/cytoseg.py"
	User time (seconds): 67.83
	System time (seconds): 1.24
	Percent of CPU this job got: 99%
	Elapsed (wall clock) time (h:mm:ss or m:ss): 1:09.44
	Average shared text size (kbytes): 0
	Average unshared data size (kbytes): 0
	Average stack size (kbytes): 0
	Average total size (kbytes): 0
	Maximum resident set size (kbytes): 1195308
	Average resident set size (kbytes): 0
	Major (requiring I/O) page faults: 0
	Minor (reclaiming a frame) page faults: 54831
	Voluntary context switches: 2090
	Involuntary context switches: 145
	Swaps: 0
	File system inputs: 0
	File system outputs: 53952
	Socket messages sent: 0
	Socket messages received: 0
	Signals delivered: 0
	Page size (bytes): 4096
	Exit status: 0
