lmbwide.profile complete
Job 6208622 on fmg36.lmb.internal
Python 3.11.13
/lmb/home/rsakata/anaconda3/envs/cellpose_env/bin/python
CUDA available: True
Torch CUDA runtime: 12.8
Visible GPUs: 0
Thu Jan 29 23:44:29 2026       
+-----------------------------------------------------------------------------------------+
| NVIDIA-SMI 570.153.02             Driver Version: 570.153.02     CUDA Version: 12.8     |
|-----------------------------------------+------------------------+----------------------+
| GPU  Name                 Persistence-M | Bus-Id          Disp.A | Volatile Uncorr. ECC |
| Fan  Temp   Perf          Pwr:Usage/Cap |           Memory-Usage | GPU-Util  Compute M. |
|                                         |                        |               MIG M. |
|=========================================+========================+======================|
|   0  NVIDIA GeForce RTX 2080 Ti     On  |   00000000:89:00.0 Off |                  N/A |
| 27%   31C    P8             14W /  250W |       1MiB /  11264MiB |      0%      Default |
|                                         |                        |                  N/A |
+-----------------------------------------+------------------------+----------------------+
                                                                                         
+-----------------------------------------------------------------------------------------+
| Processes:                                                                              |
|  GPU   GI   CI              PID   Type   Process name                        GPU Memory |
|        ID   ID                                                               Usage      |
|=========================================================================================|
|  No running processes found                                                             |
+-----------------------------------------------------------------------------------------+


Welcome to CellposeSAM, cellpose v
cellpose version: 	4.0.6 
platform:       	linux 
python version: 	3.11.13 
torch version:  	2.8.0+cu128! The neural network component of
CPSAM is much larger than in previous versions and CPU excution is slow. 
We encourage users to use GPU/MPS if available. 


Imports complete
Initializing Cellpose model...
Model loaded. GPU: True
Found 5 files to process in /ceph.groups/mshahbazi.grp/rsakata/HE_Nondeveloping5/LIF2TIF

[1/5] Processing: MS1167
  > Segmenting 108 slices...
  > Detected 46 objects.
  > Finding neighbors...
  > Extracting profiles...
  > Generating summary plots...

[2/5] Processing: MS1168
  > Segmenting 139 slices...
  > Detected 58 objects.
  > Finding neighbors...
  > Extracting profiles...
  > Generating summary plots...

[3/5] Processing: MS1269
  > Segmenting 94 slices...
  > Detected 43 objects.
  > Finding neighbors...
  > Extracting profiles...
  > Generating summary plots...

[4/5] Processing: MS1299_Gd
  > Segmenting 142 slices...
  > Detected 40 objects.
  > Finding neighbors...
  > Extracting profiles...
  > Generating summary plots...

[5/5] Processing: MS1272
  > Segmenting 104 slices...
  > Detected 32 objects.
  > Finding neighbors...
  > Extracting profiles...
  > Generating summary plots...

All done in 742.7s
