	Command being timed: "python /ceph.groups/mshahbazi.grp/rsakata/HE_Nondeveloping5/code/cellpose_batch.py"
	User time (seconds): 1030.19
	System time (seconds): 8.03
	Percent of CPU this job got: 99%
	Elapsed (wall clock) time (h:mm:ss or m:ss): 17:23.31
	Average shared text size (kbytes): 0
	Average unshared data size (kbytes): 0
	Average stack size (kbytes): 0
	Average total size (kbytes): 0
	Maximum resident set size (kbytes): 4975628
	Average resident set size (kbytes): 0
	Major (requiring I/O) page faults: 2532
	Minor (reclaiming a frame) page faults: 1178475
	Voluntary context switches: 33621
	Involuntary context switches: 2062
	Swaps: 0
	File system inputs: 2974032
	File system outputs: 1384
	Socket messages sent: 0
	Socket messages received: 0
	Signals delivered: 0
	Page size (bytes): 4096
	Exit status: 0
