	Command being timed: "python /ceph.groups/mshahbazi.grp/rsakata/HE_Nondeveloping5/code/cellpose_batch.py"
	User time (seconds): 588.03
	System time (seconds): 4.25
	Percent of CPU this job got: 99%
	Elapsed (wall clock) time (h:mm:ss or m:ss): 9:56.29
	Average shared text size (kbytes): 0
	Average unshared data size (kbytes): 0
	Average stack size (kbytes): 0
	Average total size (kbytes): 0
	Maximum resident set size (kbytes): 3926836
	Average resident set size (kbytes): 0
	Major (requiring I/O) page faults: 18
	Minor (reclaiming a frame) page faults: 997080
	Voluntary context switches: 17169
	Involuntary context switches: 1734
	Swaps: 0
	File system inputs: 2496
	File system outputs: 1216
	Socket messages sent: 0
	Socket messages received: 0
	Signals delivered: 0
	Page size (bytes): 4096
	Exit status: 0
