	Command being timed: "python /ceph.groups/mshahbazi.grp/rsakata/EXP62/code/setA_T3/cytointensity.py"
	User time (seconds): 3.24
	System time (seconds): 7.07
	Percent of CPU this job got: 68%
	Elapsed (wall clock) time (h:mm:ss or m:ss): 0:15.14
	Average shared text size (kbytes): 0
	Average unshared data size (kbytes): 0
	Average stack size (kbytes): 0
	Average total size (kbytes): 0
	Maximum resident set size (kbytes): 612060
	Average resident set size (kbytes): 0
	Major (requiring I/O) page faults: 240
	Minor (reclaiming a frame) page faults: 1231799
	Voluntary context switches: 14800
	Involuntary context switches: 62
	Swaps: 0
	File system inputs: 27576
	File system outputs: 48
	Socket messages sent: 0
	Socket messages received: 0
	Signals delivered: 0
	Page size (bytes): 4096
	Exit status: 0
