	Command being timed: "python /ceph.groups/mshahbazi.grp/rsakata/EXP62/code/setA_T3/cellpose_batch.py"
	User time (seconds): 150.77
	System time (seconds): 9.68
	Percent of CPU this job got: 101%
	Elapsed (wall clock) time (h:mm:ss or m:ss): 2:38.61
	Average shared text size (kbytes): 0
	Average unshared data size (kbytes): 0
	Average stack size (kbytes): 0
	Average total size (kbytes): 0
	Maximum resident set size (kbytes): 4704096
	Average resident set size (kbytes): 0
	Major (requiring I/O) page faults: 8
	Minor (reclaiming a frame) page faults: 5083608
	Voluntary context switches: 11532
	Involuntary context switches: 3023792
	Swaps: 0
	File system inputs: 0
	File system outputs: 752
	Socket messages sent: 0
	Socket messages received: 0
	Signals delivered: 0
	Page size (bytes): 4096
	Exit status: 0
