	Command being timed: "python /ceph.groups/mshahbazi.grp/rsakata/EXP62/code/setA_T3/cytoseg.py"
	User time (seconds): 57.11
	System time (seconds): 2.38
	Percent of CPU this job got: 98%
	Elapsed (wall clock) time (h:mm:ss or m:ss): 1:00.55
	Average shared text size (kbytes): 0
	Average unshared data size (kbytes): 0
	Average stack size (kbytes): 0
	Average total size (kbytes): 0
	Maximum resident set size (kbytes): 995892
	Average resident set size (kbytes): 0
	Major (requiring I/O) page faults: 373
	Minor (reclaiming a frame) page faults: 1106612
	Voluntary context switches: 3360
	Involuntary context switches: 77
	Swaps: 0
	File system inputs: 60224
	File system outputs: 44184
	Socket messages sent: 0
	Socket messages received: 0
	Signals delivered: 0
	Page size (bytes): 4096
	Exit status: 0
