	Command being timed: "python /ceph.groups/mshahbazi.grp/rsakata/EXP62/code/setA_T3/cytoseg.py"
	User time (seconds): 96.48
	System time (seconds): 3.84
	Percent of CPU this job got: 98%
	Elapsed (wall clock) time (h:mm:ss or m:ss): 1:42.02
	Average shared text size (kbytes): 0
	Average unshared data size (kbytes): 0
	Average stack size (kbytes): 0
	Average total size (kbytes): 0
	Maximum resident set size (kbytes): 1625420
	Average resident set size (kbytes): 0
	Major (requiring I/O) page faults: 313
	Minor (reclaiming a frame) page faults: 1980266
	Voluntary context switches: 3528
	Involuntary context switches: 113
	Swaps: 0
	File system inputs: 38992
	File system outputs: 74864
	Socket messages sent: 0
	Socket messages received: 0
	Signals delivered: 0
	Page size (bytes): 4096
	Exit status: 0
