	Command being timed: "python /ceph.groups/mshahbazi.grp/rsakata/EXP62/code/setA_T3/cytoseg.py"
	User time (seconds): 55.50
	System time (seconds): 1.80
	Percent of CPU this job got: 98%
	Elapsed (wall clock) time (h:mm:ss or m:ss): 0:58.33
	Average shared text size (kbytes): 0
	Average unshared data size (kbytes): 0
	Average stack size (kbytes): 0
	Average total size (kbytes): 0
	Maximum resident set size (kbytes): 933420
	Average resident set size (kbytes): 0
	Major (requiring I/O) page faults: 0
	Minor (reclaiming a frame) page faults: 1122194
	Voluntary context switches: 939
	Involuntary context switches: 74
	Swaps: 0
	File system inputs: 0
	File system outputs: 41648
	Socket messages sent: 0
	Socket messages received: 0
	Signals delivered: 0
	Page size (bytes): 4096
	Exit status: 0
