	Command being timed: "python /ceph.groups/mshahbazi.grp/rsakata/EXP62/code/setA_T3/cytoseg.py"
	User time (seconds): 45.15
	System time (seconds): 1.38
	Percent of CPU this job got: 98%
	Elapsed (wall clock) time (h:mm:ss or m:ss): 0:47.41
	Average shared text size (kbytes): 0
	Average unshared data size (kbytes): 0
	Average stack size (kbytes): 0
	Average total size (kbytes): 0
	Maximum resident set size (kbytes): 797104
	Average resident set size (kbytes): 0
	Major (requiring I/O) page faults: 1
	Minor (reclaiming a frame) page faults: 1020839
	Voluntary context switches: 1884
	Involuntary context switches: 72
	Swaps: 0
	File system inputs: 0
	File system outputs: 34824
	Socket messages sent: 0
	Socket messages received: 0
	Signals delivered: 0
	Page size (bytes): 4096
	Exit status: 0
