lmbwide.profile complete
Job 6193548 on fmg101.lmb.internal
Python 3.11.13
/lmb/home/rsakata/anaconda3/envs/cellpose_env/bin/python
CUDA available: True
Torch CUDA runtime: 12.8
Visible GPUs: 0
Tue Jan 20 13:20:42 2026       
+---------------------------------------------------------------------------------------+
| NVIDIA-SMI 535.86.10              Driver Version: 535.86.10    CUDA Version: 12.2     |
|-----------------------------------------+----------------------+----------------------+
| GPU  Name                 Persistence-M | Bus-Id        Disp.A | Volatile Uncorr. ECC |
| Fan  Temp   Perf          Pwr:Usage/Cap |         Memory-Usage | GPU-Util  Compute M. |
|                                         |                      |               MIG M. |
|=========================================+======================+======================|
|   0  NVIDIA A100-SXM4-40GB          On  | 00000000:4D:00.0 Off |                    0 |
| N/A   29C    P0              52W / 400W |      4MiB / 40960MiB |      0%      Default |
|                                         |                      |             Disabled |
+-----------------------------------------+----------------------+----------------------+
                                                                                         
+---------------------------------------------------------------------------------------+
| Processes:                                                                            |
|  GPU   GI   CI        PID   Type   Process name                            GPU Memory |
|        ID   ID                                                             Usage      |
|=======================================================================================|
|  No running processes found                                                           |
+---------------------------------------------------------------------------------------+


Welcome to CellposeSAM, cellpose v
cellpose version: 	4.0.6 
platform:       	linux 
python version: 	3.11.13 
torch version:  	2.8.0+cu128! The neural network component of
CPSAM is much larger than in previous versions and CPU excution is slow. 
We encourage users to use GPU/MPS if available. 


Imports complete
Initializing Cellpose model...
Model loaded. GPU: True
Found 3 files to process in /ceph.groups/mshahbazi.grp/rsakata/HE_Nondeveloping3/LIF2TIF

[1/3] Processing: MS950_Bd
  [Skip] Output exists in: /ceph.groups/mshahbazi.grp/rsakata/HE_Nondeveloping3/output/cellpose_boundary/MS950_Bd

[2/3] Processing: MS966_Bd
  [Skip] Output exists in: /ceph.groups/mshahbazi.grp/rsakata/HE_Nondeveloping3/output/cellpose_boundary/MS966_Bd

[3/3] Processing: MS1206_Gd
  [Skip] Output exists in: /ceph.groups/mshahbazi.grp/rsakata/HE_Nondeveloping3/output/cellpose_boundary/MS1206_Gd

All done in 0.0s
