lmbwide.profile complete
Job 6628977 on fmg103.lmb.internal
Python 3.11.13
/lmb/home/rsakata/anaconda3/envs/cellpose_env/bin/python
CUDA available: True
Torch CUDA runtime: 12.8
Visible GPUs: 0
Thu Aug  6 12:04:16 2026       
+-----------------------------------------------------------------------------------------+
| NVIDIA-SMI 610.57.04              KMD Version: 610.57.04     CUDA UMD Version: 13.3     |
+-----------------------------------------+------------------------+----------------------+
| GPU  Name                 Persistence-M | Bus-Id          Disp.A | Volatile Uncorr. ECC |
| Fan  Temp   Perf          Pwr:Usage/Cap |           Memory-Usage | GPU-Util  Compute M. |
|                                         |                        |               MIG M. |
|=========================================+========================+======================|
|   0  NVIDIA A100-SXM4-40GB          Off |   00000000:90:00.0 Off |                    0 |
| N/A   29C    P0             54W /  400W |       0MiB /  40960MiB |      0%      Default |
|                                         |                        |             Disabled |
+-----------------------------------------+------------------------+----------------------+

+-----------------------------------------------------------------------------------------+
| Processes:                                                                              |
|  GPU   GI   CI              PID   Type   Process name                        GPU Memory |
|        ID   ID                                                               Usage      |
|=========================================================================================|
|  No running processes found                                                             |
+-----------------------------------------------------------------------------------------+


Welcome to CellposeSAM, cellpose v
cellpose version: 	4.0.6 
platform:       	linux 
python version: 	3.11.13 
torch version:  	2.8.0+cu128! The neural network component of
CPSAM is much larger than in previous versions and CPU excution is slow. 
We encourage users to use GPU/MPS if available. 


Initializing Cellpose model...
Model loaded. GPU: True
Found 3 TIFF files in /ceph.groups/mshahbazi.grp/rsakata/HE_Nondeveloping3/LIF2TIF
[array] task 2: /ceph.groups/mshahbazi.grp/rsakata/HE_Nondeveloping3/LIF2TIF/Nondeveloping_3__12072025_DAPI_GATA4_NANOG_GATA3_ECAD_serie_3 - MS1206_Gd.tif

[1/1] Processing: MS1206_Gd
  > Voxel size 0.3788 µm/px agrees with file metadata.
  > Axes from file axes metadata (ZCYX): (218, 5, 1024, 1024) -> (218, 5, 1024, 1024) (Z,C,Y,X)
  > Z=218, C=5, Y=1024, X=1024; pixel 0.3788 um; cell-mask min_size=70 px (= 10.0 um2); DAPI-mask min_size=70 px (= 10.0 um2)
  > Segmenting cell masks in 218 slices using ['ECAD', 'DAPI']...
  > 4285 slice-local cell masks across 198/218 slices
  > Segmenting DAPI masks in 218 slices using ['DAPI']...
  > 4175 slice-local DAPI masks across 148/218 slices
  > Object area um2: p5=47 median=146 p95=349 (cutoff 10.0)
  > Mask-to-mask gap at candidate interfaces um: p10=0.00 median=0.00 p90=0.00 (MAX_PAIR_GAP_UM=1.0)
  > Finding interfaces, assigning DAPI masks, and sampling ribbons...
  > DAPI assignment: 3704 cell masks assigned from 4175 DAPI masks; 491 geometric pairs removed because one or both cells lacked a valid DAPI mask
  [QC] 112 DAPI-mask assignments involved cells with multiple candidate nuclei; the strongest-overlap nucleus was retained
  > 2318 interfaces retained after geometry and mandatory DAPI-mask filtering (2809 geometric; 3319 candidates)
  [QC] ECAD peak vs geometric zero: median +0.00 µm, IQR -1.00 to +1.00 µm, n=2318 (reported only, not applied)
  > Saved pair statistics: /ceph.groups/mshahbazi.grp/rsakata/HE_Nondeveloping3/output/cellpose_boundary3.1/MS1206_Gd/MS1206_Gd_pair_stats.csv (2318 pairs)
  > Saved summary: /ceph.groups/mshahbazi.grp/rsakata/HE_Nondeveloping3/output/cellpose_boundary3.1/MS1206_Gd/MS1206_Gd_summary.csv
  > Saved profiles: /ceph.groups/mshahbazi.grp/rsakata/HE_Nondeveloping3/output/cellpose_boundary3.1/MS1206_Gd/MS1206_Gd_profiles.csv (235920 rows)

All done in 302.3 s
