	Command being timed: "python /ceph.groups/mshahbazi.grp/rsakata/HE_Nondeveloping3/code/cellpose_batch.py"
	User time (seconds): 1668.60
	System time (seconds): 237.34
	Percent of CPU this job got: 101%
	Elapsed (wall clock) time (h:mm:ss or m:ss): 31:25.13
	Average shared text size (kbytes): 0
	Average unshared data size (kbytes): 0
	Average stack size (kbytes): 0
	Average total size (kbytes): 0
	Maximum resident set size (kbytes): 53347028
	Average resident set size (kbytes): 0
	Major (requiring I/O) page faults: 0
	Minor (reclaiming a frame) page faults: 212968257
	Voluntary context switches: 71765
	Involuntary context switches: 3321281
	Swaps: 0
	File system inputs: 0
	File system outputs: 2592
	Socket messages sent: 0
	Socket messages received: 0
	Signals delivered: 0
	Page size (bytes): 4096
	Exit status: 0
