	Command being timed: "python /ceph.groups/mshahbazi.grp/rsakata/HE_Nondeveloping3/code/cytoseg.py"
	User time (seconds): 298.60
	System time (seconds): 14.06
	Percent of CPU this job got: 99%
	Elapsed (wall clock) time (h:mm:ss or m:ss): 5:15.39
	Average shared text size (kbytes): 0
	Average unshared data size (kbytes): 0
	Average stack size (kbytes): 0
	Average total size (kbytes): 0
	Maximum resident set size (kbytes): 4936684
	Average resident set size (kbytes): 0
	Major (requiring I/O) page faults: 5
	Minor (reclaiming a frame) page faults: 6324215
	Voluntary context switches: 2524
	Involuntary context switches: 323
	Swaps: 0
	File system inputs: 0
	File system outputs: 236232
	Socket messages sent: 0
	Socket messages received: 0
	Signals delivered: 0
	Page size (bytes): 4096
	Exit status: 0
