	Command being timed: "python /ceph.groups/mshahbazi.grp/rsakata/HE_Nondeveloping3/code/cytoseg.py"
	User time (seconds): 572.27
	System time (seconds): 17.42
	Percent of CPU this job got: 99%
	Elapsed (wall clock) time (h:mm:ss or m:ss): 9:52.54
	Average shared text size (kbytes): 0
	Average unshared data size (kbytes): 0
	Average stack size (kbytes): 0
	Average total size (kbytes): 0
	Maximum resident set size (kbytes): 9260468
	Average resident set size (kbytes): 0
	Major (requiring I/O) page faults: 14
	Minor (reclaiming a frame) page faults: 11517721
	Voluntary context switches: 1185
	Involuntary context switches: 684
	Swaps: 0
	File system inputs: 1808
	File system outputs: 447224
	Socket messages sent: 0
	Socket messages received: 0
	Signals delivered: 0
	Page size (bytes): 4096
	Exit status: 0
