	Command being timed: "python /ceph.groups/mshahbazi.grp/rsakata/HE_Nondeveloping3/code/cellpose_batch.py"
	User time (seconds): 1000.57
	System time (seconds): 88.04
	Percent of CPU this job got: 101%
	Elapsed (wall clock) time (h:mm:ss or m:ss): 17:48.69
	Average shared text size (kbytes): 0
	Average unshared data size (kbytes): 0
	Average stack size (kbytes): 0
	Average total size (kbytes): 0
	Maximum resident set size (kbytes): 32096828
	Average resident set size (kbytes): 0
	Major (requiring I/O) page faults: 4
	Minor (reclaiming a frame) page faults: 75245315
	Voluntary context switches: 65547
	Involuntary context switches: 3034141
	Swaps: 0
	File system inputs: 0
	File system outputs: 1608
	Socket messages sent: 0
	Socket messages received: 0
	Signals delivered: 0
	Page size (bytes): 4096
	Exit status: 0
