lmbwide.profile complete
Job 6640571 on fmg102.lmb.internal
Python 3.11.13
/lmb/home/rsakata/anaconda3/envs/cellpose_env/bin/python
CUDA available: True
Torch CUDA runtime: 12.8
Visible GPUs: 0
Tue Aug 11 12:03:26 2026       
+-----------------------------------------------------------------------------------------+
| NVIDIA-SMI 610.57.04              KMD Version: 610.57.04     CUDA UMD Version: 13.3     |
+-----------------------------------------+------------------------+----------------------+
| GPU  Name                 Persistence-M | Bus-Id          Disp.A | Volatile Uncorr. ECC |
| Fan  Temp   Perf          Pwr:Usage/Cap |           Memory-Usage | GPU-Util  Compute M. |
|                                         |                        |               MIG M. |
|=========================================+========================+======================|
|   0  NVIDIA A100-SXM4-40GB          Off |   00000000:4D:00.0 Off |                    0 |
| N/A   23C    P0             52W /  400W |       0MiB /  40960MiB |      0%      Default |
|                                         |                        |             Disabled |
+-----------------------------------------+------------------------+----------------------+

+-----------------------------------------------------------------------------------------+
| Processes:                                                                              |
|  GPU   GI   CI              PID   Type   Process name                        GPU Memory |
|        ID   ID                                                               Usage      |
|=========================================================================================|
|  No running processes found                                                             |
+-----------------------------------------------------------------------------------------+


Welcome to CellposeSAM, cellpose v
cellpose version: 	4.0.6 
platform:       	linux 
python version: 	3.11.13 
torch version:  	2.8.0+cu128! The neural network component of
CPSAM is much larger than in previous versions and CPU excution is slow. 
We encourage users to use GPU/MPS if available. 


Initializing Cellpose model...
Model loaded. GPU: True
Found 10 TIFF files in /ceph.groups/mshahbazi.grp/rsakata/HE_EXP179/LIF2TIF
[array] task 2: /ceph.groups/mshahbazi.grp/rsakata/HE_EXP179/LIF2TIF/EXP179_DAPI_ECADorGATA4_NANOG_GATA3_caspase3_serie_3 - MS1044.tif

[1/1] Processing: MS1044
  > Voxel size 0.2706 µm/px agrees with file metadata.
  > Axes from file axes metadata (ZCYX): (37, 6, 1024, 1024) -> (37, 6, 1024, 1024) (Z,C,Y,X)
!!! Error processing MS1044: Channel 'DAPI' not in CHANNEL_ORDER=['dapi', 'ECAD', 'BF', 'NANOG', 'GATA3', 'caspase3']

All done in 0.7 s
