lmbwide.profile complete
Job 6158862 on fmg101.lmb.internal
Thu Jan  8 09:58:10 GMT 2026
Python 3.11.13
/lmb/home/rsakata/anaconda3/envs/cellpose_env/bin/python
CUDA available: True
Torch CUDA runtime: 12.8
Visible GPUs: 0
Thu Jan  8 09:58:13 2026       
+---------------------------------------------------------------------------------------+
| NVIDIA-SMI 535.86.10              Driver Version: 535.86.10    CUDA Version: 12.2     |
|-----------------------------------------+----------------------+----------------------+
| GPU  Name                 Persistence-M | Bus-Id        Disp.A | Volatile Uncorr. ECC |
| Fan  Temp   Perf          Pwr:Usage/Cap |         Memory-Usage | GPU-Util  Compute M. |
|                                         |                      |               MIG M. |
|=========================================+======================+======================|
|   0  NVIDIA A100-SXM4-40GB          On  | 00000000:8D:00.0 Off |                    0 |
| N/A   27C    P0              54W / 400W |      4MiB / 40960MiB |      0%      Default |
|                                         |                      |             Disabled |
+-----------------------------------------+----------------------+----------------------+
                                                                                         
+---------------------------------------------------------------------------------------+
| Processes:                                                                            |
|  GPU   GI   CI        PID   Type   Process name                            GPU Memory |
|        ID   ID                                                             Usage      |
|=======================================================================================|
|  No running processes found                                                           |
+---------------------------------------------------------------------------------------+
Processing EXP62_setA_T2_DAPI_GATA3_GFP_ZO1_NANOG_serie_10 - 3_4-1
Processing EXP62_setA_T2_DAPI_GATA3_GFP_ZO1_NANOG_serie_10 - 3_4-2
Processing EXP62_setA_T2_DAPI_GATA3_GFP_ZO1_NANOG_serie_11 - 3_5
Processing EXP62_setA_T2_DAPI_GATA3_GFP_ZO1_NANOG_serie_12 - 3_6-1
Processing EXP62_setA_T2_DAPI_GATA3_GFP_ZO1_NANOG_serie_12 - 3_6-2
Processing EXP62_setA_T2_DAPI_GATA3_GFP_ZO1_NANOG_serie_13 - 2_1-1
Processing EXP62_setA_T2_DAPI_GATA3_GFP_ZO1_NANOG_serie_13 - 2_1-2
Processing EXP62_setA_T2_DAPI_GATA3_GFP_ZO1_NANOG_serie_14 - 2_2
Processing EXP62_setA_T2_DAPI_GATA3_GFP_ZO1_NANOG_serie_15 - 2_3-1
Processing EXP62_setA_T2_DAPI_GATA3_GFP_ZO1_NANOG_serie_15 - 2_3-2
Processing EXP62_setA_T2_DAPI_GATA3_GFP_ZO1_NANOG_serie_16 - 2_4
Processing EXP62_setA_T2_DAPI_GATA3_GFP_ZO1_NANOG_serie_17 - 2_5
Processing EXP62_setA_T2_DAPI_GATA3_GFP_ZO1_NANOG_serie_18 - 2_6
Processing EXP62_setA_T2_DAPI_GATA3_GFP_ZO1_NANOG_serie_19 - 2_7
Processing EXP62_setA_T2_DAPI_GATA3_GFP_ZO1_NANOG_serie_2 - 4_2-1
Processing EXP62_setA_T2_DAPI_GATA3_GFP_ZO1_NANOG_serie_2 - 4_2-2
Processing EXP62_setA_T2_DAPI_GATA3_GFP_ZO1_NANOG_serie_20 - 2_8-1
Processing EXP62_setA_T2_DAPI_GATA3_GFP_ZO1_NANOG_serie_20 - 2_8-2
Processing EXP62_setA_T2_DAPI_GATA3_GFP_ZO1_NANOG_serie_20 - 2_8-3
Processing EXP62_setA_T2_DAPI_GATA3_GFP_ZO1_NANOG_serie_21 - 2_9-1
Processing EXP62_setA_T2_DAPI_GATA3_GFP_ZO1_NANOG_serie_21 - 2_9-2
Processing EXP62_setA_T2_DAPI_GATA3_GFP_ZO1_NANOG_serie_22 - 1_1-1
Processing EXP62_setA_T2_DAPI_GATA3_GFP_ZO1_NANOG_serie_22 - 1_1-2
Processing EXP62_setA_T2_DAPI_GATA3_GFP_ZO1_NANOG_serie_23 - 1_2
Processing EXP62_setA_T2_DAPI_GATA3_GFP_ZO1_NANOG_serie_24 - 1_3
Processing EXP62_setA_T2_DAPI_GATA3_GFP_ZO1_NANOG_serie_25 - 1_4
Processing EXP62_setA_T2_DAPI_GATA3_GFP_ZO1_NANOG_serie_26 - 1_5
Processing EXP62_setA_T2_DAPI_GATA3_GFP_ZO1_NANOG_serie_27 - 1_6
Processing EXP62_setA_T2_DAPI_GATA3_GFP_ZO1_NANOG_serie_28 - 1_7
Processing EXP62_setA_T2_DAPI_GATA3_GFP_ZO1_NANOG_serie_29 - 1_8-1
Processing EXP62_setA_T2_DAPI_GATA3_GFP_ZO1_NANOG_serie_29 - 1_8-2
Processing EXP62_setA_T2_DAPI_GATA3_GFP_ZO1_NANOG_serie_29 - 1_8-3
Processing EXP62_setA_T2_DAPI_GATA3_GFP_ZO1_NANOG_serie_3 - 4_3
Processing EXP62_setA_T2_DAPI_GATA3_GFP_ZO1_NANOG_serie_4 - 4_4
Processing EXP62_setA_T2_DAPI_GATA3_GFP_ZO1_NANOG_serie_6 - 4_6-1
Processing EXP62_setA_T2_DAPI_GATA3_GFP_ZO1_NANOG_serie_6 - 4_6-2
Processing EXP62_setA_T2_DAPI_GATA3_GFP_ZO1_NANOG_serie_6 - 4_6-3
Processing EXP62_setA_T2_DAPI_GATA3_GFP_ZO1_NANOG_serie_6 - 4_6-4
Processing EXP62_setA_T2_DAPI_GATA3_GFP_ZO1_NANOG_serie_6 - 4_6-5
Processing EXP62_setA_T2_DAPI_GATA3_GFP_ZO1_NANOG_serie_7 - 3_1-1
Processing EXP62_setA_T2_DAPI_GATA3_GFP_ZO1_NANOG_serie_8 - 3_2-1
Processing EXP62_setA_T2_DAPI_GATA3_GFP_ZO1_NANOG_serie_8 - 3_2-2
Processing EXP62_setA_T2_DAPI_GATA3_GFP_ZO1_NANOG_serie_9 - 3_3
Wrote /ceph.groups/mshahbazi.grp/rsakata/EXP62/output/setA_T2/3_cytomask_intensities
                                                file   Z  ...   ZO1_mean  NANOG_mean
0  EXP62_setA_T2_DAPI_GATA3_GFP_ZO1_NANOG_serie_1...  31  ...   8.286752    3.150497
1  EXP62_setA_T2_DAPI_GATA3_GFP_ZO1_NANOG_serie_1...  31  ...  10.731274    4.774548
2  EXP62_setA_T2_DAPI_GATA3_GFP_ZO1_NANOG_serie_1...  22  ...  14.357510    4.661860
3  EXP62_setA_T2_DAPI_GATA3_GFP_ZO1_NANOG_serie_1...  23  ...   9.310512    3.562363
4  EXP62_setA_T2_DAPI_GATA3_GFP_ZO1_NANOG_serie_1...  23  ...   9.249582    3.534446

[5 rows x 10 columns]
