	Command being timed: "python /ceph.groups/mshahbazi.grp/rsakata/EXP62/code/setA_T2/cellpose_batch.py"
	User time (seconds): 63.61
	System time (seconds): 3.77
	Percent of CPU this job got: 97%
	Elapsed (wall clock) time (h:mm:ss or m:ss): 1:08.90
	Average shared text size (kbytes): 0
	Average unshared data size (kbytes): 0
	Average stack size (kbytes): 0
	Average total size (kbytes): 0
	Maximum resident set size (kbytes): 2839276
	Average resident set size (kbytes): 0
	Major (requiring I/O) page faults: 5
	Minor (reclaiming a frame) page faults: 2584627
	Voluntary context switches: 4994
	Involuntary context switches: 153
	Swaps: 0
	File system inputs: 888
	File system outputs: 1000
	Socket messages sent: 0
	Socket messages received: 0
	Signals delivered: 0
	Page size (bytes): 4096
	Exit status: 0
