	Command being timed: "python /ceph.groups/mshahbazi.grp/rsakata/EXP62/code/setA_T2/cellpose_batch.py"
	User time (seconds): 12.01
	System time (seconds): 2.15
	Percent of CPU this job got: 94%
	Elapsed (wall clock) time (h:mm:ss or m:ss): 0:15.03
	Average shared text size (kbytes): 0
	Average unshared data size (kbytes): 0
	Average stack size (kbytes): 0
	Average total size (kbytes): 0
	Maximum resident set size (kbytes): 2100412
	Average resident set size (kbytes): 0
	Major (requiring I/O) page faults: 0
	Minor (reclaiming a frame) page faults: 1028656
	Voluntary context switches: 4573
	Involuntary context switches: 132
	Swaps: 0
	File system inputs: 0
	File system outputs: 672
	Socket messages sent: 0
	Socket messages received: 0
	Signals delivered: 0
	Page size (bytes): 4096
	Exit status: 0
