	Command being timed: "python /ceph.groups/mshahbazi.grp/rsakata/EXP62/code/setA_T2/cellpose_batch.py"
	User time (seconds): 12.30
	System time (seconds): 3.04
	Percent of CPU this job got: 58%
	Elapsed (wall clock) time (h:mm:ss or m:ss): 0:26.11
	Average shared text size (kbytes): 0
	Average unshared data size (kbytes): 0
	Average stack size (kbytes): 0
	Average total size (kbytes): 0
	Maximum resident set size (kbytes): 2096072
	Average resident set size (kbytes): 0
	Major (requiring I/O) page faults: 3196
	Minor (reclaiming a frame) page faults: 922542
	Voluntary context switches: 19936
	Involuntary context switches: 89
	Swaps: 0
	File system inputs: 809472
	File system outputs: 768
	Socket messages sent: 0
	Socket messages received: 0
	Signals delivered: 0
	Page size (bytes): 4096
	Exit status: 0
