	Command being timed: "python /ceph.groups/mshahbazi.grp/rsakata/EXP62/code/setA_T2/cytoseg.py"
	User time (seconds): 3.36
	System time (seconds): 0.30
	Percent of CPU this job got: 95%
	Elapsed (wall clock) time (h:mm:ss or m:ss): 0:03.82
	Average shared text size (kbytes): 0
	Average unshared data size (kbytes): 0
	Average stack size (kbytes): 0
	Average total size (kbytes): 0
	Maximum resident set size (kbytes): 176164
	Average resident set size (kbytes): 0
	Major (requiring I/O) page faults: 5
	Minor (reclaiming a frame) page faults: 137877
	Voluntary context switches: 1889
	Involuntary context switches: 47
	Swaps: 0
	File system inputs: 0
	File system outputs: 2576
	Socket messages sent: 0
	Socket messages received: 0
	Signals delivered: 0
	Page size (bytes): 4096
	Exit status: 0
