	Command being timed: "python /ceph.groups/mshahbazi.grp/rsakata/EXP62/code/setA_T2/cytoseg.py"
	User time (seconds): 2.37
	System time (seconds): 0.25
	Percent of CPU this job got: 88%
	Elapsed (wall clock) time (h:mm:ss or m:ss): 0:02.97
	Average shared text size (kbytes): 0
	Average unshared data size (kbytes): 0
	Average stack size (kbytes): 0
	Average total size (kbytes): 0
	Maximum resident set size (kbytes): 158080
	Average resident set size (kbytes): 0
	Major (requiring I/O) page faults: 330
	Minor (reclaiming a frame) page faults: 82368
	Voluntary context switches: 3238
	Involuntary context switches: 12
	Swaps: 0
	File system inputs: 57496
	File system outputs: 1104
	Socket messages sent: 0
	Socket messages received: 0
	Signals delivered: 0
	Page size (bytes): 4096
	Exit status: 0
